Archive member included to satisfy reference by file (symbol)

c:/st/stm32cubeide_1.3.0/stm32cubeide/plugins/com.st.stm32cube.ide.mcu.externaltools.gnu-tools-for-stm32.9-2020-q2-update.win32_1.5.0.202011040924/tools/bin/../lib/gcc/arm-none-eabi/9.3.1/../../../../arm-none-eabi/lib/thumb/v7e-m+fp/hard\libc_nano.a(lib_a-exit.o)
                              c:/st/stm32cubeide_1.3.0/stm32cubeide/plugins/com.st.stm32cube.ide.mcu.externaltools.gnu-tools-for-stm32.9-2020-q2-update.win32_1.5.0.202011040924/tools/bin/../lib/gcc/arm-none-eabi/9.3.1/../../../../arm-none-eabi/lib/thumb/v7e-m+fp/hard/crt0.o (exit)
c:/st/stm32cubeide_1.3.0/stm32cubeide/plugins/com.st.stm32cube.ide.mcu.externaltools.gnu-tools-for-stm32.9-2020-q2-update.win32_1.5.0.202011040924/tools/bin/../lib/gcc/arm-none-eabi/9.3.1/../../../../arm-none-eabi/lib/thumb/v7e-m+fp/hard\libc_nano.a(lib_a-impure.o)
                              c:/st/stm32cubeide_1.3.0/stm32cubeide/plugins/com.st.stm32cube.ide.mcu.externaltools.gnu-tools-for-stm32.9-2020-q2-update.win32_1.5.0.202011040924/tools/bin/../lib/gcc/arm-none-eabi/9.3.1/../../../../arm-none-eabi/lib/thumb/v7e-m+fp/hard\libc_nano.a(lib_a-exit.o) (_global_impure_ptr)
c:/st/stm32cubeide_1.3.0/stm32cubeide/plugins/com.st.stm32cube.ide.mcu.externaltools.gnu-tools-for-stm32.9-2020-q2-update.win32_1.5.0.202011040924/tools/bin/../lib/gcc/arm-none-eabi/9.3.1/../../../../arm-none-eabi/lib/thumb/v7e-m+fp/hard\libc_nano.a(lib_a-init.o)
                              c:/st/stm32cubeide_1.3.0/stm32cubeide/plugins/com.st.stm32cube.ide.mcu.externaltools.gnu-tools-for-stm32.9-2020-q2-update.win32_1.5.0.202011040924/tools/bin/../lib/gcc/arm-none-eabi/9.3.1/../../../../arm-none-eabi/lib/thumb/v7e-m+fp/hard/crt0.o (__libc_init_array)
c:/st/stm32cubeide_1.3.0/stm32cubeide/plugins/com.st.stm32cube.ide.mcu.externaltools.gnu-tools-for-stm32.9-2020-q2-update.win32_1.5.0.202011040924/tools/bin/../lib/gcc/arm-none-eabi/9.3.1/../../../../arm-none-eabi/lib/thumb/v7e-m+fp/hard\libc_nano.a(lib_a-memcpy-stub.o)
                              Middlewares/ST/BlueNRG-2/hci/bluenrg1_events.o (memcpy)
c:/st/stm32cubeide_1.3.0/stm32cubeide/plugins/com.st.stm32cube.ide.mcu.externaltools.gnu-tools-for-stm32.9-2020-q2-update.win32_1.5.0.202011040924/tools/bin/../lib/gcc/arm-none-eabi/9.3.1/../../../../arm-none-eabi/lib/thumb/v7e-m+fp/hard\libc_nano.a(lib_a-memset.o)
                              c:/st/stm32cubeide_1.3.0/stm32cubeide/plugins/com.st.stm32cube.ide.mcu.externaltools.gnu-tools-for-stm32.9-2020-q2-update.win32_1.5.0.202011040924/tools/bin/../lib/gcc/arm-none-eabi/9.3.1/../../../../arm-none-eabi/lib/thumb/v7e-m+fp/hard/crt0.o (memset)
c:/st/stm32cubeide_1.3.0/stm32cubeide/plugins/com.st.stm32cube.ide.mcu.externaltools.gnu-tools-for-stm32.9-2020-q2-update.win32_1.5.0.202011040924/tools/bin/../lib/gcc/arm-none-eabi/9.3.1/../../../../arm-none-eabi/lib/thumb/v7e-m+fp/hard\libc_nano.a(lib_a-nano-vfprintf_float.o)
                              (_printf_float)
c:/st/stm32cubeide_1.3.0/stm32cubeide/plugins/com.st.stm32cube.ide.mcu.externaltools.gnu-tools-for-stm32.9-2020-q2-update.win32_1.5.0.202011040924/tools/bin/../lib/gcc/arm-none-eabi/9.3.1/../../../../arm-none-eabi/lib/thumb/v7e-m+fp/hard\libc_nano.a(lib_a-nano-vfprintf_i.o)
                              c:/st/stm32cubeide_1.3.0/stm32cubeide/plugins/com.st.stm32cube.ide.mcu.externaltools.gnu-tools-for-stm32.9-2020-q2-update.win32_1.5.0.202011040924/tools/bin/../lib/gcc/arm-none-eabi/9.3.1/../../../../arm-none-eabi/lib/thumb/v7e-m+fp/hard\libc_nano.a(lib_a-nano-vfprintf_float.o) (_printf_common)
c:/st/stm32cubeide_1.3.0/stm32cubeide/plugins/com.st.stm32cube.ide.mcu.externaltools.gnu-tools-for-stm32.9-2020-q2-update.win32_1.5.0.202011040924/tools/bin/../lib/gcc/arm-none-eabi/9.3.1/../../../../arm-none-eabi/lib/thumb/v7e-m+fp/hard\libc_nano.a(lib_a-putchar.o)
                              BlueNRG_2/App/gatt_db.o (putchar)
c:/st/stm32cubeide_1.3.0/stm32cubeide/plugins/com.st.stm32cube.ide.mcu.externaltools.gnu-tools-for-stm32.9-2020-q2-update.win32_1.5.0.202011040924/tools/bin/../lib/gcc/arm-none-eabi/9.3.1/../../../../arm-none-eabi/lib/thumb/v7e-m+fp/hard\libc_nano.a(lib_a-rand.o)
                              BlueNRG_2/App/app_bluenrg_2.o (srand)
c:/st/stm32cubeide_1.3.0/stm32cubeide/plugins/com.st.stm32cube.ide.mcu.externaltools.gnu-tools-for-stm32.9-2020-q2-update.win32_1.5.0.202011040924/tools/bin/../lib/gcc/arm-none-eabi/9.3.1/../../../../arm-none-eabi/lib/thumb/v7e-m+fp/hard\libc_nano.a(lib_a-sprintf.o)
                              Core/Src/bd663474.o (sprintf)
c:/st/stm32cubeide_1.3.0/stm32cubeide/plugins/com.st.stm32cube.ide.mcu.externaltools.gnu-tools-for-stm32.9-2020-q2-update.win32_1.5.0.202011040924/tools/bin/../lib/gcc/arm-none-eabi/9.3.1/../../../../arm-none-eabi/lib/thumb/v7e-m+fp/hard\libc_nano.a(lib_a-strlen.o)
[...]
Memory Configuration

Name             Origin             Length             Attributes
RAM              0x0000000020000000 0x0000000000018000 xrw
FLASH            0x0000000008000000 0x0000000000080000 xr
*default*        0x0000000000000000 0xffffffffffffffff

Linker script and memory map

LOAD c:/st/stm32cubeide_1.3.0/stm32cubeide/plugins/com.st.stm32cube.ide.mcu.externaltools.gnu-tools-for-stm32.9-2020-q2-update.win32_1.5.0.202011040924/tools/bin/../lib/gcc/arm-none-eabi/9.3.1/thumb/v7e-m+fp/hard/crti.o
LOAD c:/st/stm32cubeide_1.3.0/stm32cubeide/plugins/com.st.stm32cube.ide.mcu.externaltools.gnu-tools-for-stm32.9-2020-q2-update.win32_1.5.0.202011040924/tools/bin/../lib/gcc/arm-none-eabi/9.3.1/thumb/v7e-m+fp/hard/crtbegin.o
LOAD c:/st/stm32cubeide_1.3.0/stm32cubeide/plugins/com.st.stm32cube.ide.mcu.externaltools.gnu-tools-for-stm32.9-2020-q2-update.win32_1.5.0.202011040924/tools/bin/../lib/gcc/arm-none-eabi/9.3.1/../../../../arm-none-eabi/lib/thumb/v7e-m+fp/hard/crt0.o
LOAD BlueNRG_2/App/OTA.o
LOAD BlueNRG_2/App/app_bluenrg_2.o
LOAD BlueNRG_2/App/gatt_db.o
LOAD BlueNRG_2/App/sensor.o
LOAD BlueNRG_2/App/target_platform.o
LOAD BlueNRG_2/Target/hci_tl_interface.o
LOAD Core/Src/bd663474.o
LOAD Core/Src/fonts.o
LOAD Core/Src/lcd_gfx.o
LOAD Core/Src/main.o
LOAD Core/Src/stm32f4xx_hal_msp.o
LOAD Core/Src/stm32f4xx_it.o
LOAD Core/Src/stm32f4xx_nucleo_bus.o
LOAD Core/Src/system_stm32f4xx.o
LOAD Core/Startup/startup_stm32f401retx.o
LOAD Drivers/BSP/STM32F4xx_Nucleo/stm32f4xx_nucleo.o
LOAD Drivers/STM32F4xx_HAL_Driver/Src/stm32f4xx_hal.o
LOAD Drivers/STM32F4xx_HAL_Driver/Src/stm32f4xx_hal_cortex.o
LOAD Drivers/STM32F4xx_HAL_Driver/Src/stm32f4xx_hal_dma.o
LOAD Drivers/STM32F4xx_HAL_Driver/Src/stm32f4xx_hal_dma_ex.o
LOAD Drivers/STM32F4xx_HAL_Driver/Src/stm32f4xx_hal_exti.o
LOAD Drivers/STM32F4xx_HAL_Driver/Src/stm32f4xx_hal_flash.o
LOAD Drivers/STM32F4xx_HAL_Driver/Src/stm32f4xx_hal_flash_ex.o
LOAD Drivers/STM32F4xx_HAL_Driver/Src/stm32f4xx_hal_flash_ramfunc.o
LOAD Drivers/STM32F4xx_HAL_Driver/Src/stm32f4xx_hal_gpio.o
LOAD Drivers/STM32F4xx_HAL_Driver/Src/stm32f4xx_hal_i2c.o
LOAD Drivers/STM32F4xx_HAL_Driver/Src/stm32f4xx_hal_i2c_ex.o
LOAD Drivers/STM32F4xx_HAL_Driver/Src/stm32f4xx_hal_pwr.o
LOAD Drivers/STM32F4xx_HAL_Driver/Src/stm32f4xx_hal_pwr_ex.o
LOAD Drivers/STM32F4xx_HAL_Driver/Src/stm32f4xx_hal_rcc.o
LOAD Drivers/STM32F4xx_HAL_Driver/Src/stm32f4xx_hal_rcc_ex.o
LOAD Drivers/STM32F4xx_HAL_Driver/Src/stm32f4xx_hal_spi.o
LOAD Drivers/STM32F4xx_HAL_Driver/Src/stm32f4xx_hal_tim.o
LOAD Drivers/STM32F4xx_HAL_Driver/Src/stm32f4xx_hal_tim_ex.o
LOAD Drivers/STM32F4xx_HAL_Driver/Src/stm32f4xx_hal_uart.o
LOAD Middlewares/ST/BlueNRG-2/hci/bluenrg1_devConfig.o
LOAD Middlewares/ST/BlueNRG-2/hci/bluenrg1_events.o
LOAD Middlewares/ST/BlueNRG-2/hci/bluenrg1_events_cb.o
LOAD Middlewares/ST/BlueNRG-2/hci/bluenrg1_hci_le.o
LOAD Middlewares/ST/BlueNRG-2/hci/controller/bluenrg1_gap_aci.o
LOAD Middlewares/ST/BlueNRG-2/hci/controller/bluenrg1_gatt_aci.o
LOAD Middlewares/ST/BlueNRG-2/hci/controller/bluenrg1_hal_aci.o
LOAD Middlewares/ST/BlueNRG-2/hci/controller/bluenrg1_l2cap_aci.o
LOAD Middlewares/ST/BlueNRG-2/hci/hci_tl_patterns/Basic/hci_tl.o
LOAD Middlewares/ST/BlueNRG-2/utils/ble_list.o
START GROUP
LOAD c:/st/stm32cubeide_1.3.0/stm32cubeide/plugins/com.st.stm32cube.ide.mcu.externaltools.gnu-tools-for-stm32.9-2020-q2-update.win32_1.5.0.202011040924/tools/bin/../lib/gcc/arm-none-eabi/9.3.1/../../../../arm-none-eabi/lib/thumb/v7e-m+fp/hard\libc_nano.a
LOAD c:/st/stm32cubeide_1.3.0/stm32cubeide/plugins/com.st.stm32cube.ide.mcu.externaltools.gnu-tools-for-stm32.9-2020-q2-update.win32_1.5.0.202011040924/tools/bin/../lib/gcc/arm-none-eabi/9.3.1/../../../../arm-none-eabi/lib/thumb/v7e-m+fp/hard\libm.a
END GROUP
START GROUP
LOAD c:/st/stm32cubeide_1.3.0/stm32cubeide/plugins/com.st.stm32cube.ide.mcu.externaltools.gnu-tools-for-stm32.9-2020-q2-update.win32_1.5.0.202011040924/tools/bin/../lib/gcc/arm-none-eabi/9.3.1/thumb/v7e-m+fp/hard\libgcc.a
LOAD c:/st/stm32cubeide_1.3.0/stm32cubeide/plugins/com.st.stm32cube.ide.mcu.externaltools.gnu-tools-for-stm32.9-2020-q2-update.win32_1.5.0.202011040924/tools/bin/../lib/gcc/arm-none-eabi/9.3.1/../../../../arm-none-eabi/lib/thumb/v7e-m+fp/hard\libc_nano.a
END GROUP
START GROUP
LOAD c:/st/stm32cubeide_1.3.0/stm32cubeide/plugins/com.st.stm32cube.ide.mcu.externaltools.gnu-tools-for-stm32.9-2020-q2-update.win32_1.5.0.202011040924/tools/bin/../lib/gcc/arm-none-eabi/9.3.1/thumb/v7e-m+fp/hard\libgcc.a
LOAD c:/st/stm32cubeide_1.3.0/stm32cubeide/plugins/com.st.stm32cube.ide.mcu.externaltools.gnu-tools-for-stm32.9-2020-q2-update.win32_1.5.0.202011040924/tools/bin/../lib/gcc/arm-none-eabi/9.3.1/../../../../arm-none-eabi/lib/thumb/v7e-m+fp/hard\libc_nano.a
LOAD c:/st/stm32cubeide_1.3.0/stm32cubeide/plugins/com.st.stm32cube.ide.mcu.externaltools.gnu-tools-for-stm32.9-2020-q2-update.win32_1.5.0.202011040924/tools/bin/../lib/gcc/arm-none-eabi/9.3.1/../../../../arm-none-eabi/lib/thumb/v7e-m+fp/hard\libnosys.a
END GROUP
START GROUP
LOAD c:/st/stm32cubeide_1.3.0/stm32cubeide/plugins/com.st.stm32cube.ide.mcu.externaltools.gnu-tools-for-stm32.9-2020-q2-update.win32_1.5.0.202011040924/tools/bin/../lib/gcc/arm-none-eabi/9.3.1/thumb/v7e-m+fp/hard\libgcc.a
LOAD c:/st/stm32cubeide_1.3.0/stm32cubeide/plugins/com.st.stm32cube.ide.mcu.externaltools.gnu-tools-for-stm32.9-2020-q2-update.win32_1.5.0.202011040924/tools/bin/../lib/gcc/arm-none-eabi/9.3.1/../../../../arm-none-eabi/lib/thumb/v7e-m+fp/hard\libc_nano.a
LOAD c:/st/stm32cubeide_1.3.0/stm32cubeide/plugins/com.st.stm32cube.ide.mcu.externaltools.gnu-tools-for-stm32.9-2020-q2-update.win32_1.5.0.202011040924/tools/bin/../lib/gcc/arm-none-eabi/9.3.1/../../../../arm-none-eabi/lib/thumb/v7e-m+fp/hard\libnosys.a
END GROUP
LOAD c:/st/stm32cubeide_1.3.0/stm32cubeide/plugins/com.st.stm32cube.ide.mcu.externaltools.gnu-tools-for-stm32.9-2020-q2-update.win32_1.5.0.202011040924/tools/bin/../lib/gcc/arm-none-eabi/9.3.1/thumb/v7e-m+fp/hard/crtend.o
LOAD c:/st/stm32cubeide_1.3.0/stm32cubeide/plugins/com.st.stm32cube.ide.mcu.externaltools.gnu-tools-for-stm32.9-2020-q2-update.win32_1.5.0.202011040924/tools/bin/../lib/gcc/arm-none-eabi/9.3.1/thumb/v7e-m+fp/hard/crtn.o
                0x0000000020018000                _estack = (ORIGIN (RAM) + LENGTH (RAM))
                0x0000000000000200                _Min_Heap_Size = 0x200
                0x0000000000000d00                _Min_Stack_Size = 0xd00

.isr_vector     0x0000000008000000      0x194
                0x0000000008000000                . = ALIGN (0x4)
 *(.isr_vector)
 .isr_vector    0x0000000008000000      0x194 Core/Startup/startup_stm32f401retx.o
                0x0000000008000000                g_pfnVectors
                0x0000000008000194                . = ALIGN (0x4)

.text           0x00000000080001a0     0xe6c8
                0x00000000080001a0                . = ALIGN (0x4)
 *(.text)
 .text          0x00000000080001a0       0x40 c:/st/stm32cubeide_1.3.0/stm32cubeide/plugins/com.st.stm32cube.ide.mcu.externaltools.gnu-tools-for-stm32.9-2020-q2-update.win32_1.5.0.202011040924/tools/bin/../lib/gcc/arm-none-eabi/9.3.1/thumb/v7e-m+fp/hard/crtbegin.o
 .text          0x00000000080001e0       0x10 c:/st/stm32cubeide_1.3.0/stm32cubeide/plugins/com.st.stm32cube.ide.mcu.externaltools.gnu-tools-for-stm32.9-2020-q2-update.win32_1.5.0.202011040924/tools/bin/../lib/gcc/arm-none-eabi/9.3.1/../../../../arm-none-eabi/lib/thumb/v7e-m+fp/hard\libc_nano.a(lib_a-strlen.o)
                0x00000000080001e0                strlen
 .text          0x00000000080001f0       0xa0 c:/st/stm32cubeide_1.3.0/stm32cubeide/plugins/com.st.stm32cube.ide.mcu.externaltools.gnu-tools-for-stm32.9-2020-q2-update.win32_1.5.0.202011040924/tools/bin/../lib/gcc/arm-none-eabi/9.3.1/../../../../arm-none-eabi/lib/thumb/v7e-m+fp/hard\libc_nano.a(lib_a-memchr.o)
                0x00000000080001f0                memchr
 .text          0x0000000008000290      0x378 c:/st/stm32cubeide_1.3.0/stm32cubeide/plugins/com.st.stm32cube.ide.mcu.externaltools.gnu-tools-for-stm32.9-2020-q2-update.win32_1.5.0.202011040924/tools/bin/../lib/gcc/arm-none-eabi/9.3.1/thumb/v7e-m+fp/hard\libgcc.a(_arm_addsubdf3.o)
                0x0000000008000290                __aeabi_drsub
                0x0000000008000298                __aeabi_dsub
                0x0000000008000298                __subdf3
                0x000000000800029c                __aeabi_dadd
                0x000000000800029c                __adddf3
                0x0000000008000514                __floatunsidf
                0x0000000008000514                __aeabi_ui2d
                0x0000000008000534                __floatsidf
                0x0000000008000534                __aeabi_i2d
                0x0000000008000558                __aeabi_f2d
                0x0000000008000558                __extendsfdf2
                0x000000000800059c                __floatundidf
                0x000000000800059c                __aeabi_ul2d
                0x00000000080005ac                __floatdidf
                0x00000000080005ac                __aeabi_l2d
 .text          0x0000000008000608      0x424 c:/st/stm32cubeide_1.3.0/stm32cubeide/plugins/com.st.stm32cube.ide.mcu.externaltools.gnu-tools-for-stm32.9-2020-q2-update.win32_1.5.0.202011040924/tools/bin/../lib/gcc/arm-none-eabi/9.3.1/thumb/v7e-m+fp/hard\libgcc.a(_arm_muldivdf3.o)
                0x0000000008000608                __aeabi_dmul
                0x0000000008000608                __muldf3
                0x000000000800085c                __divdf3
                0x000000000800085c                __aeabi_ddiv
 .text          0x0000000008000a2c      0x110 c:/st/stm32cubeide_1.3.0/stm32cubeide/plugins/com.st.stm32cube.ide.mcu.externaltools.gnu-tools-for-stm32.9-2020-q2-update.win32_1.5.0.202011040924/tools/bin/../lib/gcc/arm-none-eabi/9.3.1/thumb/v7e-m+fp/hard\libgcc.a(_arm_cmpdf2.o)
                0x0000000008000a2c                __gtdf2
                0x0000000008000a2c                __gedf2
                0x0000000008000a34                __ltdf2
                0x0000000008000a34                __ledf2
                0x0000000008000a3c                __nedf2
                0x0000000008000a3c                __eqdf2
                0x0000000008000a3c                __cmpdf2
                0x0000000008000ab8                __aeabi_cdrcmple
                0x0000000008000ac8                __aeabi_cdcmpeq
                0x0000000008000ac8                __aeabi_cdcmple
                0x0000000008000ad8                __aeabi_dcmpeq
                0x0000000008000aec                __aeabi_dcmplt
                0x0000000008000b00                __aeabi_dcmple
                0x0000000008000b14                __aeabi_dcmpge
                0x0000000008000b28                __aeabi_dcmpgt
 .text          0x0000000008000b3c       0x2c c:/st/stm32cubeide_1.3.0/stm32cubeide/plugins/com.st.stm32cube.ide.mcu.externaltools.gnu-tools-for-stm32.9-2020-q2-update.win32_1.5.0.202011040924/tools/bin/../lib/gcc/arm-none-eabi/9.3.1/thumb/v7e-m+fp/hard\libgcc.a(_arm_unorddf2.o)
                0x0000000008000b3c                __unorddf2
                0x0000000008000b3c                __aeabi_dcmpun
 .text          0x0000000008000b68       0x50 c:/st/stm32cubeide_1.3.0/stm32cubeide/plugins/com.st.stm32cube.ide.mcu.externaltools.gnu-tools-for-stm32.9-2020-q2-update.win32_1.5.0.202011040924/tools/bin/../lib/gcc/arm-none-eabi/9.3.1/thumb/v7e-m+fp/hard\libgcc.a(_arm_fixdfsi.o)
                0x0000000008000b68                __aeabi_d2iz
                0x0000000008000b68                __fixdfsi
 .text          0x0000000008000bb8       0xa0 c:/st/stm32cubeide_1.3.0/stm32cubeide/plugins/com.st.stm32cube.ide.mcu.externaltools.gnu-tools-for-stm32.9-2020-q2-update.win32_1.5.0.202011040924/tools/bin/../lib/gcc/arm-none-eabi/9.3.1/thumb/v7e-m+fp/hard\libgcc.a(_arm_truncdfsf2.o)
                0x0000000008000bb8                __truncdfsf2
                0x0000000008000bb8                __aeabi_d2f
 .text          0x0000000008000c58       0x30 c:/st/stm32cubeide_1.3.0/stm32cubeide/plugins/com.st.stm32cube.ide.mcu.externaltools.gnu-tools-for-stm32.9-2020-q2-update.win32_1.5.0.202011040924/tools/bin/../lib/gcc/arm-none-eabi/9.3.1/thumb/v7e-m+fp/hard\libgcc.a(_aeabi_uldivmod.o)
                0x0000000008000c58                __aeabi_uldivmod
 .text          0x0000000008000c88      0x2c4 c:/st/stm32cubeide_1.3.0/stm32cubeide/plugins/com.st.stm32cube.ide.mcu.externaltools.gnu-tools-for-stm32.9-2020-q2-update.win32_1.5.0.202011040924/tools/bin/../lib/gcc/arm-none-eabi/9.3.1/thumb/v7e-m+fp/hard\libgcc.a(_udivmoddi4.o)
                0x0000000008000c88                __udivmoddi4
 .text          0x0000000008000f4c        0x4 c:/st/stm32cubeide_1.3.0/stm32cubeide/plugins/com.st.stm32cube.ide.mcu.externaltools.gnu-tools-for-stm32.9-2020-q2-update.win32_1.5.0.202011040924/tools/bin/../lib/gcc/arm-none-eabi/9.3.1/thumb/v7e-m+fp/hard\libgcc.a(_dvmd_tls.o)
                0x0000000008000f4c                __aeabi_idiv0
                0x0000000008000f4c                __aeabi_ldiv0
 *(.text*)
 .text.MX_BlueNRG_2_Init
                0x0000000008000f50       0x48 BlueNRG_2/App/app_bluenrg_2.o
                0x0000000008000f50                MX_BlueNRG_2_Init
 .text.MX_BlueNRG_2_Process
                0x0000000008000f98       0x10 BlueNRG_2/App/app_bluenrg_2.o
                0x0000000008000f98                MX_BlueNRG_2_Process
 .text.User_Init
                0x0000000008000fa8       0x20 BlueNRG_2/App/app_bluenrg_2.o
 .text.Sensor_DeviceInit
                0x0000000008000fc8      0x138 BlueNRG_2/App/app_bluenrg_2.o
 .text.User_Process
                0x0000000008001100      0x168 BlueNRG_2/App/app_bluenrg_2.o
 .text.Set_Random_Environmental_Values
                0x0000000008001268       0xf8 BlueNRG_2/App/app_bluenrg_2.o
 .text.Set_TempHumi_Values
                0x0000000008001360       0x30 BlueNRG_2/App/app_bluenrg_2.o
 .text.Set_Random_Motion_Values
                0x0000000008001390      0xc38 BlueNRG_2/App/app_bluenrg_2.o
 .text.Reset_Motion_Values
                0x0000000008001fc8      0x1d4 BlueNRG_2/App/app_bluenrg_2.o
 .text.getBlueNRGVersion
                0x000000000800219c       0x88 BlueNRG_2/App/app_bluenrg_2.o
                0x000000000800219c                getBlueNRGVersion
 .text.BSP_PB_Callback
                0x0000000008002224       0x20 BlueNRG_2/App/app_bluenrg_2.o
                0x0000000008002224                BSP_PB_Callback
 .text.hci_le_connection_complete_event
                0x0000000008002244       0x40 BlueNRG_2/App/app_bluenrg_2.o
                0x0000000008002244                hci_le_connection_complete_event
 .text.Add_HWServW2ST_Service
                0x0000000008002284      0x1c0 BlueNRG_2/App/gatt_db.o
                0x0000000008002284                Add_HWServW2ST_Service
 .text.Add_TempHumi_Service
                0x0000000008002444      0x128 BlueNRG_2/App/gatt_db.o
                0x0000000008002444                Add_TempHumi_Service
 .text.Add_SetTime_Service
                0x000000000800256c      0x12c BlueNRG_2/App/gatt_db.o
                0x000000000800256c                Add_SetTime_Service
 .text.Environmental_Update
                0x0000000008002698       0x8c BlueNRG_2/App/gatt_db.o
                0x0000000008002698                Environmental_Update
 .text.TempHumi_Update
                0x0000000008002724       0xa0 BlueNRG_2/App/gatt_db.o
                0x0000000008002724                TempHumi_Update
 .text.Acc_Update
                0x00000000080027c4      0x114 BlueNRG_2/App/gatt_db.o
                0x00000000080027c4                Acc_Update
 .text.Quat_Update
                0x00000000080028d8       0x8c BlueNRG_2/App/gatt_db.o
                0x00000000080028d8                Quat_Update
 .text.SetTime_Request_CB
                0x0000000008002964       0x98 BlueNRG_2/App/gatt_db.o
                0x0000000008002964                SetTime_Request_CB
 .text.Write_Request_CB
                0x00000000080029fc       0x34 BlueNRG_2/App/gatt_db.o
                0x00000000080029fc                Write_Request_CB
 .text.Attribute_Modified_CB
                0x0000000008002a30      0x120 BlueNRG_2/App/gatt_db.o
                0x0000000008002a30                Attribute_Modified_CB
 .text.Set_DeviceConnectable
                0x0000000008002b50       0xe8 BlueNRG_2/App/sensor.o
                0x0000000008002b50                Set_DeviceConnectable
 .text.GATT_Notification_CB
                0x0000000008002c38       0x1c BlueNRG_2/App/sensor.o
                0x0000000008002c38                GATT_Notification_CB
 .text.APP_UserEvtRx
                0x0000000008002c54      0x188 BlueNRG_2/App/sensor.o
                0x0000000008002c54                APP_UserEvtRx
 .text.HCI_TL_SPI_Enable_IRQ
                0x0000000008002ddc        0xe BlueNRG_2/Target/hci_tl_interface.o
 .text.HCI_TL_SPI_Disable_IRQ
                0x0000000008002dea        0xe BlueNRG_2/Target/hci_tl_interface.o
 .text.HCI_TL_SPI_Init
                0x0000000008002df8       0x9c BlueNRG_2/Target/hci_tl_interface.o
                0x0000000008002df8                HCI_TL_SPI_Init
 .text.HCI_TL_SPI_DeInit
                0x0000000008002e94       0x28 BlueNRG_2/Target/hci_tl_interface.o
                0x0000000008002e94                HCI_TL_SPI_DeInit
 .text.HCI_TL_SPI_Reset
                0x0000000008002ebc       0x3c BlueNRG_2/Target/hci_tl_interface.o
                0x0000000008002ebc                HCI_TL_SPI_Reset
 .text.HCI_TL_SPI_Receive
                0x0000000008002ef8       0xb8 BlueNRG_2/Target/hci_tl_interface.o
                0x0000000008002ef8                HCI_TL_SPI_Receive
 .text.HCI_TL_SPI_Send
                0x0000000008002fb0       0xec BlueNRG_2/Target/hci_tl_interface.o
                0x0000000008002fb0                HCI_TL_SPI_Send
 .text.IsDataAvailable
                0x000000000800309c       0x20 BlueNRG_2/Target/hci_tl_interface.o
 .text.hci_tl_lowlevel_init
                0x00000000080030bc       0x74 BlueNRG_2/Target/hci_tl_interface.o
                0x00000000080030bc                hci_tl_lowlevel_init
 .text.hci_tl_lowlevel_isr
                0x0000000008003130       0x22 BlueNRG_2/Target/hci_tl_interface.o
                0x0000000008003130                hci_tl_lowlevel_isr
 *fill*         0x0000000008003152        0x2 
 .text.TFT_reset
                0x0000000008003154       0x30 Core/Src/bd663474.o
                0x0000000008003154                TFT_reset
 .text.TFT_init
                0x0000000008003184      0x284 Core/Src/bd663474.o
                0x0000000008003184                TFT_init
 .text.TFT_fillDisplay
                0x0000000008003408       0x98 Core/Src/bd663474.o
                0x0000000008003408                TFT_fillDisplay
 .text.TFT_sendData
                0x00000000080034a0       0x2c Core/Src/bd663474.o
                0x00000000080034a0                TFT_sendData
 .text.TFT_sendCmd
                0x00000000080034cc       0x40 Core/Src/bd663474.o
                0x00000000080034cc                TFT_sendCmd
 .text.TFT_setOrientation
                0x000000000800350c       0xf0 Core/Src/bd663474.o
                0x000000000800350c                TFT_setOrientation
 .text.TFT_setWindow
                0x00000000080035fc      0x15c Core/Src/bd663474.o
                0x00000000080035fc                TFT_setWindow
 .text.TFT_setColor
                0x0000000008003758       0x20 Core/Src/bd663474.o
                0x0000000008003758                TFT_setColor
 .text.TFT_setCursor
                0x0000000008003778       0x30 Core/Src/bd663474.o
                0x0000000008003778                TFT_setCursor
 .text.TFT_drawPixel
                0x00000000080037a8       0x70 Core/Src/bd663474.o
                0x00000000080037a8                TFT_drawPixel
 .text.TFT_drawLine
                0x0000000008003818      0x104 Core/Src/bd663474.o
                0x0000000008003818                TFT_drawLine
 .text.TFT_drawLineHorizontal
                0x000000000800391c       0xb8 Core/Src/bd663474.o
                0x000000000800391c                TFT_drawLineHorizontal
 .text.TFT_drawLineVertical
                0x00000000080039d4       0xb4 Core/Src/bd663474.o
                0x00000000080039d4                TFT_drawLineVertical
 .text.TFT_drawTriangle
                0x0000000008003a88       0x6e Core/Src/bd663474.o
                0x0000000008003a88                TFT_drawTriangle
 *fill*         0x0000000008003af6        0x2 
 .text.TFT_fillRectangle
                0x0000000008003af8       0x94 Core/Src/bd663474.o
                0x0000000008003af8                TFT_fillRectangle
 .text.TFT_drawQuadrant
                0x0000000008003b8c      0x1f8 Core/Src/bd663474.o
                0x0000000008003b8c                TFT_drawQuadrant
 .text.TFT_drawRoundRect
                0x0000000008003d84      0x1cc Core/Src/bd663474.o
                0x0000000008003d84                TFT_drawRoundRect
 .text.TFT_printChar
                0x0000000008003f50      0x36c Core/Src/bd663474.o
                0x0000000008003f50                TFT_printChar
 .text.TFT_print
                0x00000000080042bc       0x58 Core/Src/bd663474.o
                0x00000000080042bc                TFT_print
 .text.TFT_setFontSize
                0x0000000008004314       0x20 Core/Src/bd663474.o
                0x0000000008004314                TFT_setFontSize
 .text.TFT_drawImage
                0x0000000008004334       0xa0 Core/Src/bd663474.o
                0x0000000008004334                TFT_drawImage
 .text.TFT_setTextBackColor
                0x00000000080043d4       0x20 Core/Src/bd663474.o
                0x00000000080043d4                TFT_setTextBackColor
 .text.LCD_DrawChar
                0x00000000080043f4      0x130 Core/Src/lcd_gfx.o
                0x00000000080043f4                LCD_DrawChar
 .text.LCD_DrawText
                0x0000000008004524       0xb0 Core/Src/lcd_gfx.o
                0x0000000008004524                LCD_DrawText
 .text.decToBcd
                0x00000000080045d4       0x4c Core/Src/main.o
                0x00000000080045d4                decToBcd
 .text.bcdToDec
                0x0000000008004620       0x30 Core/Src/main.o
                0x0000000008004620                bcdToDec
 .text.DrawMainWindow
                0x0000000008004650       0x60 Core/Src/main.o
                0x0000000008004650                DrawMainWindow
 .text.Set_Time
                0x00000000080046b0       0xa0 Core/Src/main.o
                0x00000000080046b0                Set_Time
 .text.Get_Time
                0x0000000008004750       0xb0 Core/Src/main.o
                0x0000000008004750                Get_Time
 .text.MainBGImageDraw
                0x0000000008004800       0x90 Core/Src/main.o
                0x0000000008004800                MainBGImageDraw
 .text.MainLCDDisplayMode
                0x0000000008004890     0x13d8 Core/Src/main.o
                0x0000000008004890                MainLCDDisplayMode
 .text.MeasureTempHumi
                0x0000000008005c68      0x12c Core/Src/main.o
                0x0000000008005c68                MeasureTempHumi
 .text.main     0x0000000008005d94       0xbc Core/Src/main.o
                0x0000000008005d94                main
 .text.SystemClock_Config
                0x0000000008005e50       0xd8 Core/Src/main.o
                0x0000000008005e50                SystemClock_Config
 .text.MX_I2C1_Init
                0x0000000008005f28       0x5c Core/Src/main.o
 .text.MX_I2C3_Init
                0x0000000008005f84       0x5c Core/Src/main.o
 .text.MX_SPI3_Init
                0x0000000008005fe0       0x70 Core/Src/main.o
 .text.MX_GPIO_Init
                0x0000000008006050      0x170 Core/Src/main.o
 .text.Error_Handler
                0x00000000080061c0        0xa Core/Src/main.o
                0x00000000080061c0                Error_Handler
 *fill*         0x00000000080061ca        0x2 
 .text.HAL_MspInit
                0x00000000080061cc       0x50 Core/Src/stm32f4xx_hal_msp.o
                0x00000000080061cc                HAL_MspInit
 .text.HAL_I2C_MspInit
                0x000000000800621c      0x140 Core/Src/stm32f4xx_hal_msp.o
                0x000000000800621c                HAL_I2C_MspInit
 .text.HAL_SPI_MspInit
                0x000000000800635c       0x90 Core/Src/stm32f4xx_hal_msp.o
                0x000000000800635c                HAL_SPI_MspInit
 .text.NMI_Handler
                0x00000000080063ec        0x6 Core/Src/stm32f4xx_it.o
                0x00000000080063ec                NMI_Handler
 .text.HardFault_Handler
                0x00000000080063f2        0x6 Core/Src/stm32f4xx_it.o
                0x00000000080063f2                HardFault_Handler
 .text.MemManage_Handler
                0x00000000080063f8        0x6 Core/Src/stm32f4xx_it.o
                0x00000000080063f8                MemManage_Handler
 .text.BusFault_Handler
                0x00000000080063fe        0x6 Core/Src/stm32f4xx_it.o
                0x00000000080063fe                BusFault_Handler
 .text.UsageFault_Handler
                0x0000000008006404        0x6 Core/Src/stm32f4xx_it.o
                0x0000000008006404                UsageFault_Handler
 .text.SVC_Handler
                0x000000000800640a        0xe Core/Src/stm32f4xx_it.o
                0x000000000800640a                SVC_Handler
 .text.DebugMon_Handler
                0x0000000008006418        0xe Core/Src/stm32f4xx_it.o
                0x0000000008006418                DebugMon_Handler
 .text.PendSV_Handler
                0x0000000008006426        0xe Core/Src/stm32f4xx_it.o
                0x0000000008006426                PendSV_Handler
 .text.SysTick_Handler
                0x0000000008006434        0xc Core/Src/stm32f4xx_it.o
                0x0000000008006434                SysTick_Handler
 .text.EXTI0_IRQHandler
                0x0000000008006440       0x14 Core/Src/stm32f4xx_it.o
                0x0000000008006440                EXTI0_IRQHandler
 .text.EXTI15_10_IRQHandler
                0x0000000008006454       0x14 Core/Src/stm32f4xx_it.o
                0x0000000008006454                EXTI15_10_IRQHandler
 .text.BSP_SPI1_Init
                0x0000000008006468       0x60 Core/Src/stm32f4xx_nucleo_bus.o
                0x0000000008006468                BSP_SPI1_Init
 .text.BSP_SPI1_SendRecv
                0x00000000080064c8       0x40 Core/Src/stm32f4xx_nucleo_bus.o
                0x00000000080064c8                BSP_SPI1_SendRecv
 .text.BSP_GetTick
                0x0000000008006508        0xe Core/Src/stm32f4xx_nucleo_bus.o
                0x0000000008006508                BSP_GetTick
 *fill*         0x0000000008006516        0x2 
 .text.MX_SPI1_Init
                0x0000000008006518       0x78 Core/Src/stm32f4xx_nucleo_bus.o
                0x0000000008006518                MX_SPI1_Init
 .text.SPI1_MspInit
                0x0000000008006590       0xd0 Core/Src/stm32f4xx_nucleo_bus.o
 .text.SystemInit
                0x0000000008006660       0x24 Core/Src/system_stm32f4xx.o
                0x0000000008006660                SystemInit
 .text.Reset_Handler
                0x0000000008006684       0x50 Core/Startup/startup_stm32f401retx.o
                0x0000000008006684                Reset_Handler
 .text.Default_Handler
                0x00000000080066d4        0x2 Core/Startup/startup_stm32f401retx.o
                0x00000000080066d4                RTC_Alarm_IRQHandler
                0x00000000080066d4                EXTI2_IRQHandler
                0x00000000080066d4                SPI4_IRQHandler
                0x00000000080066d4                TIM1_CC_IRQHandler
                0x00000000080066d4                DMA2_Stream5_IRQHandler
                0x00000000080066d4                DMA1_Stream5_IRQHandler
                0x00000000080066d4                PVD_IRQHandler
                0x00000000080066d4                SDIO_IRQHandler
                0x00000000080066d4                TAMP_STAMP_IRQHandler
                0x00000000080066d4                EXTI3_IRQHandler
                0x00000000080066d4                TIM1_UP_TIM10_IRQHandler
                0x00000000080066d4                I2C3_ER_IRQHandler
                0x00000000080066d4                I2C2_EV_IRQHandler
                0x00000000080066d4                DMA1_Stream2_IRQHandler
                0x00000000080066d4                FPU_IRQHandler
                0x00000000080066d4                DMA2_Stream2_IRQHandler
                0x00000000080066d4                SPI1_IRQHandler
                0x00000000080066d4                TIM1_BRK_TIM9_IRQHandler
                0x00000000080066d4                DMA2_Stream3_IRQHandler
                0x00000000080066d4                USART6_IRQHandler
                0x00000000080066d4                DMA2_Stream0_IRQHandler
                0x00000000080066d4                TIM4_IRQHandler
                0x00000000080066d4                I2C1_EV_IRQHandler
                0x00000000080066d4                DMA1_Stream6_IRQHandler
                0x00000000080066d4                DMA1_Stream1_IRQHandler
                0x00000000080066d4                TIM3_IRQHandler
                0x00000000080066d4                RCC_IRQHandler
                0x00000000080066d4                Default_Handler
                0x00000000080066d4                ADC_IRQHandler
                0x00000000080066d4                DMA1_Stream7_IRQHandler
                0x00000000080066d4                TIM5_IRQHandler
                0x00000000080066d4                DMA2_Stream7_IRQHandler
                0x00000000080066d4                I2C3_EV_IRQHandler
                0x00000000080066d4                EXTI9_5_IRQHandler
                0x00000000080066d4                RTC_WKUP_IRQHandler
                0x00000000080066d4                SPI2_IRQHandler
                0x00000000080066d4                DMA1_Stream0_IRQHandler
                0x00000000080066d4                EXTI4_IRQHandler
                0x00000000080066d4                WWDG_IRQHandler
                0x00000000080066d4                TIM2_IRQHandler
                0x00000000080066d4                OTG_FS_WKUP_IRQHandler
                0x00000000080066d4                TIM1_TRG_COM_TIM11_IRQHandler
                0x00000000080066d4                EXTI1_IRQHandler
                0x00000000080066d4                USART2_IRQHandler
                0x00000000080066d4                I2C2_ER_IRQHandler
                0x00000000080066d4                DMA2_Stream1_IRQHandler
                0x00000000080066d4                FLASH_IRQHandler
                0x00000000080066d4                DMA2_Stream4_IRQHandler
                0x00000000080066d4                USART1_IRQHandler
                0x00000000080066d4                OTG_FS_IRQHandler
                0x00000000080066d4                SPI3_IRQHandler
                0x00000000080066d4                DMA1_Stream4_IRQHandler
                0x00000000080066d4                I2C1_ER_IRQHandler
                0x00000000080066d4                DMA2_Stream6_IRQHandler
                0x00000000080066d4                DMA1_Stream3_IRQHandler
 *fill*         0x00000000080066d6        0x2 
 .text.BSP_LED_Init
                0x00000000080066d8       0x24 Drivers/BSP/STM32F4xx_Nucleo/stm32f4xx_nucleo.o
                0x00000000080066d8                BSP_LED_Init
 .text.BSP_LED_On
                0x00000000080066fc       0x2c Drivers/BSP/STM32F4xx_Nucleo/stm32f4xx_nucleo.o
                0x00000000080066fc                BSP_LED_On
 .text.BSP_LED_Off
                0x0000000008006728       0x2c Drivers/BSP/STM32F4xx_Nucleo/stm32f4xx_nucleo.o
                0x0000000008006728                BSP_LED_Off
 .text.BSP_LED_Toggle
                0x0000000008006754       0x2c Drivers/BSP/STM32F4xx_Nucleo/stm32f4xx_nucleo.o
                0x0000000008006754                BSP_LED_Toggle
 .text.LED_USER_GPIO_Init
                0x0000000008006780       0x84 Drivers/BSP/STM32F4xx_Nucleo/stm32f4xx_nucleo.o
 .text.BSP_PB_Init
                0x0000000008006804       0xa8 Drivers/BSP/STM32F4xx_Nucleo/stm32f4xx_nucleo.o
                0x0000000008006804                BSP_PB_Init
 .text.BSP_PB_GetState
                0x00000000080068ac       0x38 Drivers/BSP/STM32F4xx_Nucleo/stm32f4xx_nucleo.o
                0x00000000080068ac                BSP_PB_GetState
 .text.BUTTON_USER_EXTI_Callback
                0x00000000080068e4        0xe Drivers/BSP/STM32F4xx_Nucleo/stm32f4xx_nucleo.o
 *fill*         0x00000000080068f2        0x2 
 .text.BUTTON_USER_GPIO_Init
                0x00000000080068f4       0x7c Drivers/BSP/STM32F4xx_Nucleo/stm32f4xx_nucleo.o
 .text.HAL_Init
                0x0000000008006970       0x44 Drivers/STM32F4xx_HAL_Driver/Src/stm32f4xx_hal.o
                0x0000000008006970                HAL_Init
 .text.HAL_InitTick
                0x00000000080069b4       0x60 Drivers/STM32F4xx_HAL_Driver/Src/stm32f4xx_hal.o
                0x00000000080069b4                HAL_InitTick
 .text.HAL_IncTick
                0x0000000008006a14       0x28 Drivers/STM32F4xx_HAL_Driver/Src/stm32f4xx_hal.o
                0x0000000008006a14                HAL_IncTick
 .text.HAL_GetTick
                0x0000000008006a3c       0x18 Drivers/STM32F4xx_HAL_Driver/Src/stm32f4xx_hal.o
                0x0000000008006a3c                HAL_GetTick
 .text.HAL_Delay
                0x0000000008006a54       0x48 Drivers/STM32F4xx_HAL_Driver/Src/stm32f4xx_hal.o
                0x0000000008006a54                HAL_Delay
 .text.__NVIC_SetPriorityGrouping
                0x0000000008006a9c       0x48 Drivers/STM32F4xx_HAL_Driver/Src/stm32f4xx_hal_cortex.o
 .text.__NVIC_GetPriorityGrouping
                0x0000000008006ae4       0x1c Drivers/STM32F4xx_HAL_Driver/Src/stm32f4xx_hal_cortex.o
 .text.__NVIC_EnableIRQ
                0x0000000008006b00       0x3c Drivers/STM32F4xx_HAL_Driver/Src/stm32f4xx_hal_cortex.o
 .text.__NVIC_DisableIRQ
                0x0000000008006b3c       0x48 Drivers/STM32F4xx_HAL_Driver/Src/stm32f4xx_hal_cortex.o
 .text.__NVIC_SetPriority
                0x0000000008006b84       0x54 Drivers/STM32F4xx_HAL_Driver/Src/stm32f4xx_hal_cortex.o
 .text.NVIC_EncodePriority
                0x0000000008006bd8       0x66 Drivers/STM32F4xx_HAL_Driver/Src/stm32f4xx_hal_cortex.o
 *fill*         0x0000000008006c3e        0x2 
 .text.SysTick_Config
                0x0000000008006c40       0x44 Drivers/STM32F4xx_HAL_Driver/Src/stm32f4xx_hal_cortex.o
 .text.HAL_NVIC_SetPriorityGrouping
                0x0000000008006c84       0x16 Drivers/STM32F4xx_HAL_Driver/Src/stm32f4xx_hal_cortex.o
                0x0000000008006c84                HAL_NVIC_SetPriorityGrouping
 .text.HAL_NVIC_SetPriority
                0x0000000008006c9a       0x38 Drivers/STM32F4xx_HAL_Driver/Src/stm32f4xx_hal_cortex.o
                0x0000000008006c9a                HAL_NVIC_SetPriority
 .text.HAL_NVIC_EnableIRQ
                0x0000000008006cd2       0x1c Drivers/STM32F4xx_HAL_Driver/Src/stm32f4xx_hal_cortex.o
                0x0000000008006cd2                HAL_NVIC_EnableIRQ
 .text.HAL_NVIC_DisableIRQ
                0x0000000008006cee       0x1c Drivers/STM32F4xx_HAL_Driver/Src/stm32f4xx_hal_cortex.o
                0x0000000008006cee                HAL_NVIC_DisableIRQ
 .text.HAL_SYSTICK_Config
                0x0000000008006d0a       0x18 Drivers/STM32F4xx_HAL_Driver/Src/stm32f4xx_hal_cortex.o
                0x0000000008006d0a                HAL_SYSTICK_Config
 .text.HAL_EXTI_RegisterCallback
                0x0000000008006d22       0x34 Drivers/STM32F4xx_HAL_Driver/Src/stm32f4xx_hal_exti.o
                0x0000000008006d22                HAL_EXTI_RegisterCallback
 .text.HAL_EXTI_GetHandle
                0x0000000008006d56       0x28 Drivers/STM32F4xx_HAL_Driver/Src/stm32f4xx_hal_exti.o
                0x0000000008006d56                HAL_EXTI_GetHandle
 *fill*         0x0000000008006d7e        0x2 
 .text.HAL_EXTI_IRQHandler
                0x0000000008006d80       0x48 Drivers/STM32F4xx_HAL_Driver/Src/stm32f4xx_hal_exti.o
                0x0000000008006d80                HAL_EXTI_IRQHandler
 .text.HAL_GPIO_Init
                0x0000000008006dc8      0x308 Drivers/STM32F4xx_HAL_Driver/Src/stm32f4xx_hal_gpio.o
                0x0000000008006dc8                HAL_GPIO_Init
 .text.HAL_GPIO_DeInit
                0x00000000080070d0      0x1c8 Drivers/STM32F4xx_HAL_Driver/Src/stm32f4xx_hal_gpio.o
                0x00000000080070d0                HAL_GPIO_DeInit
 .text.HAL_GPIO_ReadPin
                0x0000000008007298       0x30 Drivers/STM32F4xx_HAL_Driver/Src/stm32f4xx_hal_gpio.o
                0x0000000008007298                HAL_GPIO_ReadPin
 .text.HAL_GPIO_WritePin
                0x00000000080072c8       0x32 Drivers/STM32F4xx_HAL_Driver/Src/stm32f4xx_hal_gpio.o
                0x00000000080072c8                HAL_GPIO_WritePin
 .text.HAL_GPIO_TogglePin
                0x00000000080072fa       0x34 Drivers/STM32F4xx_HAL_Driver/Src/stm32f4xx_hal_gpio.o
                0x00000000080072fa                HAL_GPIO_TogglePin
 *fill*         0x000000000800732e        0x2 
 .text.HAL_I2C_Init
                0x0000000008007330      0x288 Drivers/STM32F4xx_HAL_Driver/Src/stm32f4xx_hal_i2c.o
                0x0000000008007330                HAL_I2C_Init
 .text.HAL_I2C_Master_Transmit
                0x00000000080075b8      0x1fc Drivers/STM32F4xx_HAL_Driver/Src/stm32f4xx_hal_i2c.o
                0x00000000080075b8                HAL_I2C_Master_Transmit
 .text.HAL_I2C_Master_Receive
                0x00000000080077b4      0x44c Drivers/STM32F4xx_HAL_Driver/Src/stm32f4xx_hal_i2c.o
                0x00000000080077b4                HAL_I2C_Master_Receive
 .text.HAL_I2C_Mem_Write
                0x0000000008007c00      0x1f4 Drivers/STM32F4xx_HAL_Driver/Src/stm32f4xx_hal_i2c.o
                0x0000000008007c00                HAL_I2C_Mem_Write
 .text.HAL_I2C_Mem_Read
                0x0000000008007df4      0x44c Drivers/STM32F4xx_HAL_Driver/Src/stm32f4xx_hal_i2c.o
                0x0000000008007df4                HAL_I2C_Mem_Read
 .text.I2C_MasterRequestWrite
                0x0000000008008240      0x104 Drivers/STM32F4xx_HAL_Driver/Src/stm32f4xx_hal_i2c.o
 .text.I2C_MasterRequestRead
                0x0000000008008344      0x19c Drivers/STM32F4xx_HAL_Driver/Src/stm32f4xx_hal_i2c.o
 .text.I2C_RequestMemoryWrite
                0x00000000080084e0      0x12c Drivers/STM32F4xx_HAL_Driver/Src/stm32f4xx_hal_i2c.o
 .text.I2C_RequestMemoryRead
                0x000000000800860c      0x1d0 Drivers/STM32F4xx_HAL_Driver/Src/stm32f4xx_hal_i2c.o
 .text.I2C_WaitOnFlagUntilTimeout
                0x00000000080087dc       0xae Drivers/STM32F4xx_HAL_Driver/Src/stm32f4xx_hal_i2c.o
 .text.I2C_WaitOnMasterAddressFlagUntilTimeout
                0x000000000800888a       0xfe Drivers/STM32F4xx_HAL_Driver/Src/stm32f4xx_hal_i2c.o
 .text.I2C_WaitOnTXEFlagUntilTimeout
                0x0000000008008988       0x82 Drivers/STM32F4xx_HAL_Driver/Src/stm32f4xx_hal_i2c.o
 .text.I2C_WaitOnBTFFlagUntilTimeout
                0x0000000008008a0a       0x82 Drivers/STM32F4xx_HAL_Driver/Src/stm32f4xx_hal_i2c.o
 .text.I2C_WaitOnRXNEFlagUntilTimeout
                0x0000000008008a8c       0xac Drivers/STM32F4xx_HAL_Driver/Src/stm32f4xx_hal_i2c.o
 .text.I2C_IsAcknowledgeFailed
                0x0000000008008b38       0x5e Drivers/STM32F4xx_HAL_Driver/Src/stm32f4xx_hal_i2c.o
 *fill*         0x0000000008008b96        0x2 
 .text.HAL_RCC_OscConfig
                0x0000000008008b98      0x4f0 Drivers/STM32F4xx_HAL_Driver/Src/stm32f4xx_hal_rcc.o
                0x0000000008008b98                HAL_RCC_OscConfig
 .text.HAL_RCC_ClockConfig
                0x0000000008009088      0x1cc Drivers/STM32F4xx_HAL_Driver/Src/stm32f4xx_hal_rcc.o
                0x0000000008009088                HAL_RCC_ClockConfig
 .text.HAL_RCC_GetSysClockFreq
                0x0000000008009254      0x1c4 Drivers/STM32F4xx_HAL_Driver/Src/stm32f4xx_hal_rcc.o
                0x0000000008009254                HAL_RCC_GetSysClockFreq
 .text.HAL_RCC_GetHCLKFreq
                0x0000000008009418       0x18 Drivers/STM32F4xx_HAL_Driver/Src/stm32f4xx_hal_rcc.o
                0x0000000008009418                HAL_RCC_GetHCLKFreq
 .text.HAL_RCC_GetPCLK1Freq
                0x0000000008009430       0x28 Drivers/STM32F4xx_HAL_Driver/Src/stm32f4xx_hal_rcc.o
                0x0000000008009430                HAL_RCC_GetPCLK1Freq
 .text.HAL_SPI_Init
                0x0000000008009458      0x112 Drivers/STM32F4xx_HAL_Driver/Src/stm32f4xx_hal_spi.o
                0x0000000008009458                HAL_SPI_Init
 .text.HAL_SPI_Transmit
                0x000000000800956a      0x278 Drivers/STM32F4xx_HAL_Driver/Src/stm32f4xx_hal_spi.o
                0x000000000800956a                HAL_SPI_Transmit
 .text.HAL_SPI_TransmitReceive
                0x00000000080097e2      0x344 Drivers/STM32F4xx_HAL_Driver/Src/stm32f4xx_hal_spi.o
                0x00000000080097e2                HAL_SPI_TransmitReceive
 .text.HAL_SPI_GetState
                0x0000000008009b26       0x1c Drivers/STM32F4xx_HAL_Driver/Src/stm32f4xx_hal_spi.o
                0x0000000008009b26                HAL_SPI_GetState
 *fill*         0x0000000008009b42        0x2 
 .text.SPI_WaitFlagStateUntilTimeout
                0x0000000008009b44      0x110 Drivers/STM32F4xx_HAL_Driver/Src/stm32f4xx_hal_spi.o
 .text.SPI_EndRxTxTransaction
                0x0000000008009c54       0x84 Drivers/STM32F4xx_HAL_Driver/Src/stm32f4xx_hal_spi.o
 .text.hci_le_connection_complete_event_process
                0x0000000008009cd8       0x68 Middlewares/ST/BlueNRG-2/hci/bluenrg1_events.o
                0x0000000008009cd8                hci_le_connection_complete_event_process
 .text.hci_le_advertising_report_event_process
                0x0000000008009d40      0x1c4 Middlewares/ST/BlueNRG-2/hci/bluenrg1_events.o
                0x0000000008009d40                hci_le_advertising_report_event_process
 .text.hci_le_connection_update_complete_event_process
                0x0000000008009f04       0x46 Middlewares/ST/BlueNRG-2/hci/bluenrg1_events.o
                0x0000000008009f04                hci_le_connection_update_complete_event_process
 .text.hci_le_read_remote_used_features_complete_event_process
                0x0000000008009f4a       0x30 Middlewares/ST/BlueNRG-2/hci/bluenrg1_events.o
                0x0000000008009f4a                hci_le_read_remote_used_features_complete_event_process
 .text.hci_le_long_term_key_request_event_process
                0x0000000008009f7a       0x30 Middlewares/ST/BlueNRG-2/hci/bluenrg1_events.o
                0x0000000008009f7a                hci_le_long_term_key_request_event_process
 .text.hci_le_data_length_change_event_process
                0x0000000008009faa       0x40 Middlewares/ST/BlueNRG-2/hci/bluenrg1_events.o
                0x0000000008009faa                hci_le_data_length_change_event_process
 .text.hci_le_read_local_p256_public_key_complete_event_process
                0x0000000008009fea       0x2a Middlewares/ST/BlueNRG-2/hci/bluenrg1_events.o
                0x0000000008009fea                hci_le_read_local_p256_public_key_complete_event_process
 .text.hci_le_generate_dhkey_complete_event_process
                0x000000000800a014       0x2a Middlewares/ST/BlueNRG-2/hci/bluenrg1_events.o
                0x000000000800a014                hci_le_generate_dhkey_complete_event_process
 .text.hci_le_enhanced_connection_complete_event_process
                0x000000000800a03e       0x7c Middlewares/ST/BlueNRG-2/hci/bluenrg1_events.o
                0x000000000800a03e                hci_le_enhanced_connection_complete_event_process
 .text.hci_le_direct_advertising_report_event_process
                0x000000000800a0ba      0x166 Middlewares/ST/BlueNRG-2/hci/bluenrg1_events.o
                0x000000000800a0ba                hci_le_direct_advertising_report_event_process
 .text.hci_le_advertising_report_event
                0x000000000800a220       0x18 Middlewares/ST/BlueNRG-2/hci/bluenrg1_events_cb.o
                0x000000000800a220                hci_le_advertising_report_event
 .text.hci_le_connection_update_complete_event
                0x000000000800a238       0x28 Middlewares/ST/BlueNRG-2/hci/bluenrg1_events_cb.o
                0x000000000800a238                hci_le_connection_update_complete_event
 .text.hci_le_read_remote_used_features_complete_event
                0x000000000800a260       0x1c Middlewares/ST/BlueNRG-2/hci/bluenrg1_events_cb.o
                0x000000000800a260                hci_le_read_remote_used_features_complete_event
 .text.hci_le_long_term_key_request_event
                0x000000000800a27c       0x1c Middlewares/ST/BlueNRG-2/hci/bluenrg1_events_cb.o
                0x000000000800a27c                hci_le_long_term_key_request_event
 .text.hci_le_data_length_change_event
                0x000000000800a298       0x28 Middlewares/ST/BlueNRG-2/hci/bluenrg1_events_cb.o
                0x000000000800a298                hci_le_data_length_change_event
 .text.hci_le_read_local_p256_public_key_complete_event
                0x000000000800a2c0       0x18 Middlewares/ST/BlueNRG-2/hci/bluenrg1_events_cb.o
                0x000000000800a2c0                hci_le_read_local_p256_public_key_complete_event
 .text.hci_le_generate_dhkey_complete_event
                0x000000000800a2d8       0x18 Middlewares/ST/BlueNRG-2/hci/bluenrg1_events_cb.o
                0x000000000800a2d8                hci_le_generate_dhkey_complete_event
 .text.hci_le_enhanced_connection_complete_event
                0x000000000800a2f0       0x28 Middlewares/ST/BlueNRG-2/hci/bluenrg1_events_cb.o
                0x000000000800a2f0                hci_le_enhanced_connection_complete_event
 .text.hci_le_direct_advertising_report_event
                0x000000000800a318       0x18 Middlewares/ST/BlueNRG-2/hci/bluenrg1_events_cb.o
                0x000000000800a318                hci_le_direct_advertising_report_event
 .text.hci_reset
                0x000000000800a330       0x52 Middlewares/ST/BlueNRG-2/hci/bluenrg1_hci_le.o
                0x000000000800a330                hci_reset
 .text.hci_read_local_version_information
                0x000000000800a382       0x8c Middlewares/ST/BlueNRG-2/hci/bluenrg1_hci_le.o
                0x000000000800a382                hci_read_local_version_information
 .text.hci_le_set_scan_response_data
                0x000000000800a40e       0xc8 Middlewares/ST/BlueNRG-2/hci/bluenrg1_hci_le.o
                0x000000000800a40e                hci_le_set_scan_response_data
 .text.aci_gap_set_discoverable
                0x000000000800a4d6      0x1ca Middlewares/ST/BlueNRG-2/hci/controller/bluenrg1_gap_aci.o
                0x000000000800a4d6                aci_gap_set_discoverable
 .text.aci_gap_set_authentication_requirement
                0x000000000800a6a0      0x15e Middlewares/ST/BlueNRG-2/hci/controller/bluenrg1_gap_aci.o
                0x000000000800a6a0                aci_gap_set_authentication_requirement
 .text.aci_gap_init
                0x000000000800a7fe      0x116 Middlewares/ST/BlueNRG-2/hci/controller/bluenrg1_gap_aci.o
                0x000000000800a7fe                aci_gap_init
 .text.aci_gap_update_adv_data
                0x000000000800a914       0xc6 Middlewares/ST/BlueNRG-2/hci/controller/bluenrg1_gap_aci.o
                0x000000000800a914                aci_gap_update_adv_data
 .text.aci_gatt_init
                0x000000000800a9da       0x54 Middlewares/ST/BlueNRG-2/hci/controller/bluenrg1_gatt_aci.o
                0x000000000800a9da                aci_gatt_init
 .text.aci_gatt_add_service
                0x000000000800aa2e      0x15e Middlewares/ST/BlueNRG-2/hci/controller/bluenrg1_gatt_aci.o
                0x000000000800aa2e                aci_gatt_add_service
 .text.aci_gatt_add_char
                0x000000000800ab8c      0x1d4 Middlewares/ST/BlueNRG-2/hci/controller/bluenrg1_gatt_aci.o
                0x000000000800ab8c                aci_gatt_add_char
 .text.aci_gatt_update_char_value
                0x000000000800ad60      0x11c Middlewares/ST/BlueNRG-2/hci/controller/bluenrg1_gatt_aci.o
                0x000000000800ad60                aci_gatt_update_char_value
 .text.aci_gatt_write_resp
                0x000000000800ae7c      0x130 Middlewares/ST/BlueNRG-2/hci/controller/bluenrg1_gatt_aci.o
                0x000000000800ae7c                aci_gatt_write_resp
 .text.aci_hal_read_config_data
                0x000000000800afac       0xdc Middlewares/ST/BlueNRG-2/hci/controller/bluenrg1_hal_aci.o
                0x000000000800afac                aci_hal_read_config_data
 .text.aci_hal_set_tx_power_level
                0x000000000800b088       0xbc Middlewares/ST/BlueNRG-2/hci/controller/bluenrg1_hal_aci.o
                0x000000000800b088                aci_hal_set_tx_power_level
 .text.verify_packet
                0x000000000800b144       0x40 Middlewares/ST/BlueNRG-2/hci/hci_tl_patterns/Basic/hci_tl.o
 .text.send_cmd
                0x000000000800b184       0x80 Middlewares/ST/BlueNRG-2/hci/hci_tl_patterns/Basic/hci_tl.o
 .text.move_list
                0x000000000800b204       0x38 Middlewares/ST/BlueNRG-2/hci/hci_tl_patterns/Basic/hci_tl.o
 .text.free_event_list
                0x000000000800b23c       0x3c Middlewares/ST/BlueNRG-2/hci/hci_tl_patterns/Basic/hci_tl.o
 .text.hci_init
                0x000000000800b278       0x84 Middlewares/ST/BlueNRG-2/hci/hci_tl_patterns/Basic/hci_tl.o
                0x000000000800b278                hci_init
 .text.hci_register_io_bus
                0x000000000800b2fc       0x40 Middlewares/ST/BlueNRG-2/hci/hci_tl_patterns/Basic/hci_tl.o
                0x000000000800b2fc                hci_register_io_bus
 .text.hci_send_req
                0x000000000800b33c      0x234 Middlewares/ST/BlueNRG-2/hci/hci_tl_patterns/Basic/hci_tl.o
                0x000000000800b33c                hci_send_req
 .text.hci_user_evt_proc
                0x000000000800b570       0x58 Middlewares/ST/BlueNRG-2/hci/hci_tl_patterns/Basic/hci_tl.o
                0x000000000800b570                hci_user_evt_proc
 .text.hci_notify_asynch_evt
                0x000000000800b5c8       0x9c Middlewares/ST/BlueNRG-2/hci/hci_tl_patterns/Basic/hci_tl.o
                0x000000000800b5c8                hci_notify_asynch_evt
 .text.list_init_head
                0x000000000800b664       0x20 Middlewares/ST/BlueNRG-2/utils/ble_list.o
                0x000000000800b664                list_init_head
 .text.list_is_empty
                0x000000000800b684       0x44 Middlewares/ST/BlueNRG-2/utils/ble_list.o
                0x000000000800b684                list_is_empty
 .text.list_insert_head
                0x000000000800b6c8       0x4c Middlewares/ST/BlueNRG-2/utils/ble_list.o
                0x000000000800b6c8                list_insert_head
 .text.list_insert_tail
                0x000000000800b714       0x4c Middlewares/ST/BlueNRG-2/utils/ble_list.o
                0x000000000800b714                list_insert_tail
 .text.list_remove_node
                0x000000000800b760       0x42 Middlewares/ST/BlueNRG-2/utils/ble_list.o
                0x000000000800b760                list_remove_node
 .text.list_remove_head
                0x000000000800b7a2       0x4e Middlewares/ST/BlueNRG-2/utils/ble_list.o
                0x000000000800b7a2                list_remove_head
 .text.list_remove_tail
                0x000000000800b7f0       0x4e Middlewares/ST/BlueNRG-2/utils/ble_list.o
                0x000000000800b7f0                list_remove_tail
 .text.list_get_size
                0x000000000800b83e       0x50 Middlewares/ST/BlueNRG-2/utils/ble_list.o
                0x000000000800b83e                list_get_size
 *fill*         0x000000000800b88e        0x2 
 .text.__libc_init_array
                0x000000000800b890       0x48 c:/st/stm32cubeide_1.3.0/stm32cubeide/plugins/com.st.stm32cube.ide.mcu.externaltools.gnu-tools-for-stm32.9-2020-q2-update.win32_1.5.0.202011040924/tools/bin/../lib/gcc/arm-none-eabi/9.3.1/../../../../arm-none-eabi/lib/thumb/v7e-m+fp/hard\libc_nano.a(lib_a-init.o)
                0x000000000800b890                __libc_init_array
 .text.memcpy   0x000000000800b8d8       0x1c c:/st/stm32cubeide_1.3.0/stm32cubeide/plugins/com.st.stm32cube.ide.mcu.externaltools.gnu-tools-for-stm32.9-2020-q2-update.win32_1.5.0.202011040924/tools/bin/../lib/gcc/arm-none-eabi/9.3.1/../../../../arm-none-eabi/lib/thumb/v7e-m+fp/hard\libc_nano.a(lib_a-memcpy-stub.o)
                0x000000000800b8d8                memcpy
 .text.memset   0x000000000800b8f4       0x10 c:/st/stm32cubeide_1.3.0/stm32cubeide/plugins/com.st.stm32cube.ide.mcu.externaltools.gnu-tools-for-stm32.9-2020-q2-update.win32_1.5.0.202011040924/tools/bin/../lib/gcc/arm-none-eabi/9.3.1/../../../../arm-none-eabi/lib/thumb/v7e-m+fp/hard\libc_nano.a(lib_a-memset.o)
                0x000000000800b8f4                memset
 .text.__cvt    0x000000000800b904       0xc4 c:/st/stm32cubeide_1.3.0/stm32cubeide/plugins/com.st.stm32cube.ide.mcu.externaltools.gnu-tools-for-stm32.9-2020-q2-update.win32_1.5.0.202011040924/tools/bin/../lib/gcc/arm-none-eabi/9.3.1/../../../../arm-none-eabi/lib/thumb/v7e-m+fp/hard\libc_nano.a(lib_a-nano-vfprintf_float.o)
                0x000000000800b904                __cvt
 .text.__exponent
                0x000000000800b9c8       0x7c c:/st/stm32cubeide_1.3.0/stm32cubeide/plugins/com.st.stm32cube.ide.mcu.externaltools.gnu-tools-for-stm32.9-2020-q2-update.win32_1.5.0.202011040924/tools/bin/../lib/gcc/arm-none-eabi/9.3.1/../../../../arm-none-eabi/lib/thumb/v7e-m+fp/hard\libc_nano.a(lib_a-nano-vfprintf_float.o)
                0x000000000800b9c8                __exponent
 .text._printf_float
                0x000000000800ba44      0x46c c:/st/stm32cubeide_1.3.0/stm32cubeide/plugins/com.st.stm32cube.ide.mcu.externaltools.gnu-tools-for-stm32.9-2020-q2-update.win32_1.5.0.202011040924/tools/bin/../lib/gcc/arm-none-eabi/9.3.1/../../../../arm-none-eabi/lib/thumb/v7e-m+fp/hard\libc_nano.a(lib_a-nano-vfprintf_float.o)
                0x000000000800ba44                _printf_float
 .text._printf_common
                0x000000000800beb0       0xda c:/st/stm32cubeide_1.3.0/stm32cubeide/plugins/com.st.stm32cube.ide.mcu.externaltools.gnu-tools-for-stm32.9-2020-q2-update.win32_1.5.0.202011040924/tools/bin/../lib/gcc/arm-none-eabi/9.3.1/../../../../arm-none-eabi/lib/thumb/v7e-m+fp/hard\libc_nano.a(lib_a-nano-vfprintf_i.o)
                0x000000000800beb0                _printf_common
 *fill*         0x000000000800bf8a        0x2 
 .text._printf_i
                0x000000000800bf8c      0x24c c:/st/stm32cubeide_1.3.0/stm32cubeide/plugins/com.st.stm32cube.ide.mcu.externaltools.gnu-tools-for-stm32.9-2020-q2-update.win32_1.5.0.202011040924/tools/bin/../lib/gcc/arm-none-eabi/9.3.1/../../../../arm-none-eabi/lib/thumb/v7e-m+fp/hard\libc_nano.a(lib_a-nano-vfprintf_i.o)
                0x000000000800bf8c                _printf_i
 .text.putchar  0x000000000800c1d8       0x2c c:/st/stm32cubeide_1.3.0/stm32cubeide/plugins/com.st.stm32cube.ide.mcu.externaltools.gnu-tools-for-stm32.9-2020-q2-update.win32_1.5.0.202011040924/tools/bin/../lib/gcc/arm-none-eabi/9.3.1/../../../../arm-none-eabi/lib/thumb/v7e-m+fp/hard\libc_nano.a(lib_a-putchar.o)
                0x000000000800c1d8                putchar
 .text.srand    0x000000000800c204       0x5c c:/st/stm32cubeide_1.3.0/stm32cubeide/plugins/com.st.stm32cube.ide.mcu.externaltools.gnu-tools-for-stm32.9-2020-q2-update.win32_1.5.0.202011040924/tools/bin/../lib/gcc/arm-none-eabi/9.3.1/../../../../arm-none-eabi/lib/thumb/v7e-m+fp/hard\libc_nano.a(lib_a-rand.o)
                0x000000000800c204                srand
 .text.rand     0x000000000800c260       0x80 c:/st/stm32cubeide_1.3.0/stm32cubeide/plugins/com.st.stm32cube.ide.mcu.externaltools.gnu-tools-for-stm32.9-2020-q2-update.win32_1.5.0.202011040924/tools/bin/../lib/gcc/arm-none-eabi/9.3.1/../../../../arm-none-eabi/lib/thumb/v7e-m+fp/hard\libc_nano.a(lib_a-rand.o)
                0x000000000800c260                rand
 .text.sprintf  0x000000000800c2e0       0x40 c:/st/stm32cubeide_1.3.0/stm32cubeide/plugins/com.st.stm32cube.ide.mcu.externaltools.gnu-tools-for-stm32.9-2020-q2-update.win32_1.5.0.202011040924/tools/bin/../lib/gcc/arm-none-eabi/9.3.1/../../../../arm-none-eabi/lib/thumb/v7e-m+fp/hard\libc_nano.a(lib_a-sprintf.o)
                0x000000000800c2e0                siprintf
                0x000000000800c2e0                sprintf
 .text.__assert_func
                0x000000000800c320       0x3c c:/st/stm32cubeide_1.3.0/stm32cubeide/plugins/com.st.stm32cube.ide.mcu.externaltools.gnu-tools-for-stm32.9-2020-q2-update.win32_1.5.0.202011040924/tools/bin/../lib/gcc/arm-none-eabi/9.3.1/../../../../arm-none-eabi/lib/thumb/v7e-m+fp/hard\libc_nano.a(lib_a-assert.o)
                0x000000000800c320                __assert_func
 .text.quorem   0x000000000800c35c      0x116 c:/st/stm32cubeide_1.3.0/stm32cubeide/plugins/com.st.stm32cube.ide.mcu.externaltools.gnu-tools-for-stm32.9-2020-q2-update.win32_1.5.0.202011040924/tools/bin/../lib/gcc/arm-none-eabi/9.3.1/../../../../arm-none-eabi/lib/thumb/v7e-m+fp/hard\libc_nano.a(lib_a-dtoa.o)
 *fill*         0x000000000800c472        0x6 
 .text._dtoa_r  0x000000000800c478      0xbd8 c:/st/stm32cubeide_1.3.0/stm32cubeide/plugins/com.st.stm32cube.ide.mcu.externaltools.gnu-tools-for-stm32.9-2020-q2-update.win32_1.5.0.202011040924/tools/bin/../lib/gcc/arm-none-eabi/9.3.1/../../../../arm-none-eabi/lib/thumb/v7e-m+fp/hard\libc_nano.a(lib_a-dtoa.o)
                0x000000000800c478                _dtoa_r
 .text.std      0x000000000800d050       0x48 c:/st/stm32cubeide_1.3.0/stm32cubeide/plugins/com.st.stm32cube.ide.mcu.externaltools.gnu-tools-for-stm32.9-2020-q2-update.win32_1.5.0.202011040924/tools/bin/../lib/gcc/arm-none-eabi/9.3.1/../../../../arm-none-eabi/lib/thumb/v7e-m+fp/hard\libc_nano.a(lib_a-findfp.o)
 .text._cleanup_r
                0x000000000800d098        0xc c:/st/stm32cubeide_1.3.0/stm32cubeide/plugins/com.st.stm32cube.ide.mcu.externaltools.gnu-tools-for-stm32.9-2020-q2-update.win32_1.5.0.202011040924/tools/bin/../lib/gcc/arm-none-eabi/9.3.1/../../../../arm-none-eabi/lib/thumb/v7e-m+fp/hard\libc_nano.a(lib_a-findfp.o)
                0x000000000800d098                _cleanup_r
 .text.__sfmoreglue
                0x000000000800d0a4       0x2c c:/st/stm32cubeide_1.3.0/stm32cubeide/plugins/com.st.stm32cube.ide.mcu.externaltools.gnu-tools-for-stm32.9-2020-q2-update.win32_1.5.0.202011040924/tools/bin/../lib/gcc/arm-none-eabi/9.3.1/../../../../arm-none-eabi/lib/thumb/v7e-m+fp/hard\libc_nano.a(lib_a-findfp.o)
                0x000000000800d0a4                __sfmoreglue
 .text.__sfp_lock_acquire
                0x000000000800d0d0        0xc c:/st/stm32cubeide_1.3.0/stm32cubeide/plugins/com.st.stm32cube.ide.mcu.externaltools.gnu-tools-for-stm32.9-2020-q2-update.win32_1.5.0.202011040924/tools/bin/../lib/gcc/arm-none-eabi/9.3.1/../../../../arm-none-eabi/lib/thumb/v7e-m+fp/hard\libc_nano.a(lib_a-findfp.o)
                0x000000000800d0d0                __sfp_lock_acquire
 .text.__sfp_lock_release
                0x000000000800d0dc        0xc c:/st/stm32cubeide_1.3.0/stm32cubeide/plugins/com.st.stm32cube.ide.mcu.externaltools.gnu-tools-for-stm32.9-2020-q2-update.win32_1.5.0.202011040924/tools/bin/../lib/gcc/arm-none-eabi/9.3.1/../../../../arm-none-eabi/lib/thumb/v7e-m+fp/hard\libc_nano.a(lib_a-findfp.o)
                0x000000000800d0dc                __sfp_lock_release
 .text.__sinit_lock_acquire
                0x000000000800d0e8        0xc c:/st/stm32cubeide_1.3.0/stm32cubeide/plugins/com.st.stm32cube.ide.mcu.externaltools.gnu-tools-for-stm32.9-2020-q2-update.win32_1.5.0.202011040924/tools/bin/../lib/gcc/arm-none-eabi/9.3.1/../../../../arm-none-eabi/lib/thumb/v7e-m+fp/hard\libc_nano.a(lib_a-findfp.o)
                0x000000000800d0e8                __sinit_lock_acquire
 .text.__sinit_lock_release
                0x000000000800d0f4        0xc c:/st/stm32cubeide_1.3.0/stm32cubeide/plugins/com.st.stm32cube.ide.mcu.externaltools.gnu-tools-for-stm32.9-2020-q2-update.win32_1.5.0.202011040924/tools/bin/../lib/gcc/arm-none-eabi/9.3.1/../../../../arm-none-eabi/lib/thumb/v7e-m+fp/hard\libc_nano.a(lib_a-findfp.o)
                0x000000000800d0f4                __sinit_lock_release
 .text.__sinit  0x000000000800d100       0x70 c:/st/stm32cubeide_1.3.0/stm32cubeide/plugins/com.st.stm32cube.ide.mcu.externaltools.gnu-tools-for-stm32.9-2020-q2-update.win32_1.5.0.202011040924/tools/bin/../lib/gcc/arm-none-eabi/9.3.1/../../../../arm-none-eabi/lib/thumb/v7e-m+fp/hard\libc_nano.a(lib_a-findfp.o)
                0x000000000800d100                __sinit
 .text.__sfp    0x000000000800d170       0x8c c:/st/stm32cubeide_1.3.0/stm32cubeide/plugins/com.st.stm32cube.ide.mcu.externaltools.gnu-tools-for-stm32.9-2020-q2-update.win32_1.5.0.202011040924/tools/bin/../lib/gcc/arm-none-eabi/9.3.1/../../../../arm-none-eabi/lib/thumb/v7e-m+fp/hard\libc_nano.a(lib_a-findfp.o)
                0x000000000800d170                __sfp
 .text.fprintf  0x000000000800d1fc       0x24 c:/st/stm32cubeide_1.3.0/stm32cubeide/plugins/com.st.stm32cube.ide.mcu.externaltools.gnu-tools-for-stm32.9-2020-q2-update.win32_1.5.0.202011040924/tools/bin/../lib/gcc/arm-none-eabi/9.3.1/../../../../arm-none-eabi/lib/thumb/v7e-m+fp/hard\libc_nano.a(lib_a-fprintf.o)
                0x000000000800d1fc                fiprintf
                0x000000000800d1fc                fprintf
 .text._fwalk_reent
                0x000000000800d220       0x3e c:/st/stm32cubeide_1.3.0/stm32cubeide/plugins/com.st.stm32cube.ide.mcu.externaltools.gnu-tools-for-stm32.9-2020-q2-update.win32_1.5.0.202011040924/tools/bin/../lib/gcc/arm-none-eabi/9.3.1/../../../../arm-none-eabi/lib/thumb/v7e-m+fp/hard\libc_nano.a(lib_a-fwalk.o)
                0x000000000800d220                _fwalk_reent
 *fill*         0x000000000800d25e        0x2 
 .text._localeconv_r
                0x000000000800d260        0x8 c:/st/stm32cubeide_1.3.0/stm32cubeide/plugins/com.st.stm32cube.ide.mcu.externaltools.gnu-tools-for-stm32.9-2020-q2-update.win32_1.5.0.202011040924/tools/bin/../lib/gcc/arm-none-eabi/9.3.1/../../../../arm-none-eabi/lib/thumb/v7e-m+fp/hard\libc_nano.a(lib_a-localeconv.o)
                0x000000000800d260                _localeconv_r
 .text.__retarget_lock_init_recursive
                0x000000000800d268        0x2 c:/st/stm32cubeide_1.3.0/stm32cubeide/plugins/com.st.stm32cube.ide.mcu.externaltools.gnu-tools-for-stm32.9-2020-q2-update.win32_1.5.0.202011040924/tools/bin/../lib/gcc/arm-none-eabi/9.3.1/../../../../arm-none-eabi/lib/thumb/v7e-m+fp/hard\libc_nano.a(lib_a-lock.o)
                0x000000000800d268                __retarget_lock_init_recursive
 .text.__retarget_lock_acquire_recursive
                0x000000000800d26a        0x2 c:/st/stm32cubeide_1.3.0/stm32cubeide/plugins/com.st.stm32cube.ide.mcu.externaltools.gnu-tools-for-stm32.9-2020-q2-update.win32_1.5.0.202011040924/tools/bin/../lib/gcc/arm-none-eabi/9.3.1/../../../../arm-none-eabi/lib/thumb/v7e-m+fp/hard\libc_nano.a(lib_a-lock.o)
                0x000000000800d26a                __retarget_lock_acquire_recursive
 .text.__retarget_lock_release_recursive
                0x000000000800d26c        0x2 c:/st/stm32cubeide_1.3.0/stm32cubeide/plugins/com.st.stm32cube.ide.mcu.externaltools.gnu-tools-for-stm32.9-2020-q2-update.win32_1.5.0.202011040924/tools/bin/../lib/gcc/arm-none-eabi/9.3.1/../../../../arm-none-eabi/lib/thumb/v7e-m+fp/hard\libc_nano.a(lib_a-lock.o)
                0x000000000800d26c                __retarget_lock_release_recursive
 *fill*         0x000000000800d26e        0x2 
 .text.malloc   0x000000000800d270       0x10 c:/st/stm32cubeide_1.3.0/stm32cubeide/plugins/com.st.stm32cube.ide.mcu.externaltools.gnu-tools-for-stm32.9-2020-q2-update.win32_1.5.0.202011040924/tools/bin/../lib/gcc/arm-none-eabi/9.3.1/../../../../arm-none-eabi/lib/thumb/v7e-m+fp/hard\libc_nano.a(lib_a-malloc.o)
                0x000000000800d270                malloc
 .text._Balloc  0x000000000800d280       0x80 c:/st/stm32cubeide_1.3.0/stm32cubeide/plugins/com.st.stm32cube.ide.mcu.externaltools.gnu-tools-for-stm32.9-2020-q2-update.win32_1.5.0.202011040924/tools/bin/../lib/gcc/arm-none-eabi/9.3.1/../../../../arm-none-eabi/lib/thumb/v7e-m+fp/hard\libc_nano.a(lib_a-mprec.o)
                0x000000000800d280                _Balloc
 .text._Bfree   0x000000000800d300       0x44 c:/st/stm32cubeide_1.3.0/stm32cubeide/plugins/com.st.stm32cube.ide.mcu.externaltools.gnu-tools-for-stm32.9-2020-q2-update.win32_1.5.0.202011040924/tools/bin/../lib/gcc/arm-none-eabi/9.3.1/../../../../arm-none-eabi/lib/thumb/v7e-m+fp/hard\libc_nano.a(lib_a-mprec.o)
                0x000000000800d300                _Bfree
 .text.__multadd
                0x000000000800d344       0x94 c:/st/stm32cubeide_1.3.0/stm32cubeide/plugins/com.st.stm32cube.ide.mcu.externaltools.gnu-tools-for-stm32.9-2020-q2-update.win32_1.5.0.202011040924/tools/bin/../lib/gcc/arm-none-eabi/9.3.1/../../../../arm-none-eabi/lib/thumb/v7e-m+fp/hard\libc_nano.a(lib_a-mprec.o)
                0x000000000800d344                __multadd
 .text.__hi0bits
                0x000000000800d3d8       0x40 c:/st/stm32cubeide_1.3.0/stm32cubeide/plugins/com.st.stm32cube.ide.mcu.externaltools.gnu-tools-for-stm32.9-2020-q2-update.win32_1.5.0.202011040924/tools/bin/../lib/gcc/arm-none-eabi/9.3.1/../../../../arm-none-eabi/lib/thumb/v7e-m+fp/hard\libc_nano.a(lib_a-mprec.o)
                0x000000000800d3d8                __hi0bits
 .text.__lo0bits
                0x000000000800d418       0x60 c:/st/stm32cubeide_1.3.0/stm32cubeide/plugins/com.st.stm32cube.ide.mcu.externaltools.gnu-tools-for-stm32.9-2020-q2-update.win32_1.5.0.202011040924/tools/bin/../lib/gcc/arm-none-eabi/9.3.1/../../../../arm-none-eabi/lib/thumb/v7e-m+fp/hard\libc_nano.a(lib_a-mprec.o)
                0x000000000800d418                __lo0bits
 .text.__i2b    0x000000000800d478       0x2c c:/st/stm32cubeide_1.3.0/stm32cubeide/plugins/com.st.stm32cube.ide.mcu.externaltools.gnu-tools-for-stm32.9-2020-q2-update.win32_1.5.0.202011040924/tools/bin/../lib/gcc/arm-none-eabi/9.3.1/../../../../arm-none-eabi/lib/thumb/v7e-m+fp/hard\libc_nano.a(lib_a-mprec.o)
                0x000000000800d478                __i2b
 .text.__multiply
                0x000000000800d4a4      0x14c c:/st/stm32cubeide_1.3.0/stm32cubeide/plugins/com.st.stm32cube.ide.mcu.externaltools.gnu-tools-for-stm32.9-2020-q2-update.win32_1.5.0.202011040924/tools/bin/../lib/gcc/arm-none-eabi/9.3.1/../../../../arm-none-eabi/lib/thumb/v7e-m+fp/hard\libc_nano.a(lib_a-mprec.o)
                0x000000000800d4a4                __multiply
 .text.__pow5mult
                0x000000000800d5f0       0xb4 c:/st/stm32cubeide_1.3.0/stm32cubeide/plugins/com.st.stm32cube.ide.mcu.externaltools.gnu-tools-for-stm32.9-2020-q2-update.win32_1.5.0.202011040924/tools/bin/../lib/gcc/arm-none-eabi/9.3.1/../../../../arm-none-eabi/lib/thumb/v7e-m+fp/hard\libc_nano.a(lib_a-mprec.o)
                0x000000000800d5f0                __pow5mult
 .text.__lshift
                0x000000000800d6a4       0xd8 c:/st/stm32cubeide_1.3.0/stm32cubeide/plugins/com.st.stm32cube.ide.mcu.externaltools.gnu-tools-for-stm32.9-2020-q2-update.win32_1.5.0.202011040924/tools/bin/../lib/gcc/arm-none-eabi/9.3.1/../../../../arm-none-eabi/lib/thumb/v7e-m+fp/hard\libc_nano.a(lib_a-mprec.o)
                0x000000000800d6a4                __lshift
 .text.__mcmp   0x000000000800d77c       0x38 c:/st/stm32cubeide_1.3.0/stm32cubeide/plugins/com.st.stm32cube.ide.mcu.externaltools.gnu-tools-for-stm32.9-2020-q2-update.win32_1.5.0.202011040924/tools/bin/../lib/gcc/arm-none-eabi/9.3.1/../../../../arm-none-eabi/lib/thumb/v7e-m+fp/hard\libc_nano.a(lib_a-mprec.o)
                0x000000000800d77c                __mcmp
 .text.__mdiff  0x000000000800d7b4      0x110 c:/st/stm32cubeide_1.3.0/stm32cubeide/plugins/com.st.stm32cube.ide.mcu.externaltools.gnu-tools-for-stm32.9-2020-q2-update.win32_1.5.0.202011040924/tools/bin/../lib/gcc/arm-none-eabi/9.3.1/../../../../arm-none-eabi/lib/thumb/v7e-m+fp/hard\libc_nano.a(lib_a-mprec.o)
                0x000000000800d7b4                __mdiff
 .text.__d2b    0x000000000800d8c4       0xb8 c:/st/stm32cubeide_1.3.0/stm32cubeide/plugins/com.st.stm32cube.ide.mcu.externaltools.gnu-tools-for-stm32.9-2020-q2-update.win32_1.5.0.202011040924/tools/bin/../lib/gcc/arm-none-eabi/9.3.1/../../../../arm-none-eabi/lib/thumb/v7e-m+fp/hard\libc_nano.a(lib_a-mprec.o)
                0x000000000800d8c4                __d2b
 .text._calloc_r
                0x000000000800d97c       0x1e c:/st/stm32cubeide_1.3.0/stm32cubeide/plugins/com.st.stm32cube.ide.mcu.externaltools.gnu-tools-for-stm32.9-2020-q2-update.win32_1.5.0.202011040924/tools/bin/../lib/gcc/arm-none-eabi/9.3.1/../../../../arm-none-eabi/lib/thumb/v7e-m+fp/hard\libc_nano.a(lib_a-nano-callocr.o)
                0x000000000800d97c                _calloc_r
 *fill*         0x000000000800d99a        0x2 
 .text._free_r  0x000000000800d99c       0xa0 c:/st/stm32cubeide_1.3.0/stm32cubeide/plugins/com.st.stm32cube.ide.mcu.externaltools.gnu-tools-for-stm32.9-2020-q2-update.win32_1.5.0.202011040924/tools/bin/../lib/gcc/arm-none-eabi/9.3.1/../../../../arm-none-eabi/lib/thumb/v7e-m+fp/hard\libc_nano.a(lib_a-nano-freer.o)
                0x000000000800d99c                _free_r
 .text._malloc_r
                0x000000000800da3c       0xb4 c:/st/stm32cubeide_1.3.0/stm32cubeide/plugins/com.st.stm32cube.ide.mcu.externaltools.gnu-tools-for-stm32.9-2020-q2-update.win32_1.5.0.202011040924/tools/bin/../lib/gcc/arm-none-eabi/9.3.1/../../../../arm-none-eabi/lib/thumb/v7e-m+fp/hard\libc_nano.a(lib_a-nano-mallocr.o)
                0x000000000800da3c                _malloc_r
 .text.__ssputs_r
                0x000000000800daf0       0xb6 c:/st/stm32cubeide_1.3.0/stm32cubeide/plugins/com.st.stm32cube.ide.mcu.externaltools.gnu-tools-for-stm32.9-2020-q2-update.win32_1.5.0.202011040924/tools/bin/../lib/gcc/arm-none-eabi/9.3.1/../../../../arm-none-eabi/lib/thumb/v7e-m+fp/hard\libc_nano.a(lib_a-nano-svfprintf.o)
                0x000000000800daf0                __ssputs_r
 *fill*         0x000000000800dba6        0x2 
 .text._svfprintf_r
                0x000000000800dba8      0x200 c:/st/stm32cubeide_1.3.0/stm32cubeide/plugins/com.st.stm32cube.ide.mcu.externaltools.gnu-tools-for-stm32.9-2020-q2-update.win32_1.5.0.202011040924/tools/bin/../lib/gcc/arm-none-eabi/9.3.1/../../../../arm-none-eabi/lib/thumb/v7e-m+fp/hard\libc_nano.a(lib_a-nano-svfprintf.o)
                0x000000000800dba8                _svfiprintf_r
                0x000000000800dba8                _svfprintf_r
 .text.__sfputc_r
                0x000000000800dda8       0x2e c:/st/stm32cubeide_1.3.0/stm32cubeide/plugins/com.st.stm32cube.ide.mcu.externaltools.gnu-tools-for-stm32.9-2020-q2-update.win32_1.5.0.202011040924/tools/bin/../lib/gcc/arm-none-eabi/9.3.1/../../../../arm-none-eabi/lib/thumb/v7e-m+fp/hard\libc_nano.a(lib_a-nano-vfprintf.o)
 .text.__sfputs_r
                0x000000000800ddd6       0x24 c:/st/stm32cubeide_1.3.0/stm32cubeide/plugins/com.st.stm32cube.ide.mcu.externaltools.gnu-tools-for-stm32.9-2020-q2-update.win32_1.5.0.202011040924/tools/bin/../lib/gcc/arm-none-eabi/9.3.1/../../../../arm-none-eabi/lib/thumb/v7e-m+fp/hard\libc_nano.a(lib_a-nano-vfprintf.o)
                0x000000000800ddd6                __sfputs_r
 *fill*         0x000000000800ddfa        0x2 
 .text._vfprintf_r
                0x000000000800ddfc      0x260 c:/st/stm32cubeide_1.3.0/stm32cubeide/plugins/com.st.stm32cube.ide.mcu.externaltools.gnu-tools-for-stm32.9-2020-q2-update.win32_1.5.0.202011040924/tools/bin/../lib/gcc/arm-none-eabi/9.3.1/../../../../arm-none-eabi/lib/thumb/v7e-m+fp/hard\libc_nano.a(lib_a-nano-vfprintf.o)
                0x000000000800ddfc                _vfprintf_r
                0x000000000800ddfc                _vfiprintf_r
 .text._putc_r  0x000000000800e05c       0x90 c:/st/stm32cubeide_1.3.0/stm32cubeide/plugins/com.st.stm32cube.ide.mcu.externaltools.gnu-tools-for-stm32.9-2020-q2-update.win32_1.5.0.202011040924/tools/bin/../lib/gcc/arm-none-eabi/9.3.1/../../../../arm-none-eabi/lib/thumb/v7e-m+fp/hard\libc_nano.a(lib_a-putc.o)
                0x000000000800e05c                _putc_r
 .text._sbrk_r  0x000000000800e0ec       0x20 c:/st/stm32cubeide_1.3.0/stm32cubeide/plugins/com.st.stm32cube.ide.mcu.externaltools.gnu-tools-for-stm32.9-2020-q2-update.win32_1.5.0.202011040924/tools/bin/../lib/gcc/arm-none-eabi/9.3.1/../../../../arm-none-eabi/lib/thumb/v7e-m+fp/hard\libc_nano.a(lib_a-sbrkr.o)
                0x000000000800e0ec                _sbrk_r
 .text.__sread  0x000000000800e10c       0x22 c:/st/stm32cubeide_1.3.0/stm32cubeide/plugins/com.st.stm32cube.ide.mcu.externaltools.gnu-tools-for-stm32.9-2020-q2-update.win32_1.5.0.202011040924/tools/bin/../lib/gcc/arm-none-eabi/9.3.1/../../../../arm-none-eabi/lib/thumb/v7e-m+fp/hard\libc_nano.a(lib_a-stdio.o)
                0x000000000800e10c                __sread
 .text.__swrite
                0x000000000800e12e       0x38 c:/st/stm32cubeide_1.3.0/stm32cubeide/plugins/com.st.stm32cube.ide.mcu.externaltools.gnu-tools-for-stm32.9-2020-q2-update.win32_1.5.0.202011040924/tools/bin/../lib/gcc/arm-none-eabi/9.3.1/../../../../arm-none-eabi/lib/thumb/v7e-m+fp/hard\libc_nano.a(lib_a-stdio.o)
                0x000000000800e12e                __swrite
 .text.__sseek  0x000000000800e166       0x24 c:/st/stm32cubeide_1.3.0/stm32cubeide/plugins/com.st.stm32cube.ide.mcu.externaltools.gnu-tools-for-stm32.9-2020-q2-update.win32_1.5.0.202011040924/tools/bin/../lib/gcc/arm-none-eabi/9.3.1/../../../../arm-none-eabi/lib/thumb/v7e-m+fp/hard\libc_nano.a(lib_a-stdio.o)
                0x000000000800e166                __sseek
 .text.__sclose
                0x000000000800e18a        0x8 c:/st/stm32cubeide_1.3.0/stm32cubeide/plugins/com.st.stm32cube.ide.mcu.externaltools.gnu-tools-for-stm32.9-2020-q2-update.win32_1.5.0.202011040924/tools/bin/../lib/gcc/arm-none-eabi/9.3.1/../../../../arm-none-eabi/lib/thumb/v7e-m+fp/hard\libc_nano.a(lib_a-stdio.o)
                0x000000000800e18a                __sclose
 *fill*         0x000000000800e192        0x2 
 .text.__swbuf_r
                0x000000000800e194       0xa4 c:/st/stm32cubeide_1.3.0/stm32cubeide/plugins/com.st.stm32cube.ide.mcu.externaltools.gnu-tools-for-stm32.9-2020-q2-update.win32_1.5.0.202011040924/tools/bin/../lib/gcc/arm-none-eabi/9.3.1/../../../../arm-none-eabi/lib/thumb/v7e-m+fp/hard\libc_nano.a(lib_a-wbuf.o)
                0x000000000800e194                __swbuf_r
 .text._write_r
                0x000000000800e238       0x24 c:/st/stm32cubeide_1.3.0/stm32cubeide/plugins/com.st.stm32cube.ide.mcu.externaltools.gnu-tools-for-stm32.9-2020-q2-update.win32_1.5.0.202011040924/tools/bin/../lib/gcc/arm-none-eabi/9.3.1/../../../../arm-none-eabi/lib/thumb/v7e-m+fp/hard\libc_nano.a(lib_a-writer.o)
                0x000000000800e238                _write_r
 .text.__swsetup_r
                0x000000000800e25c       0xdc c:/st/stm32cubeide_1.3.0/stm32cubeide/plugins/com.st.stm32cube.ide.mcu.externaltools.gnu-tools-for-stm32.9-2020-q2-update.win32_1.5.0.202011040924/tools/bin/../lib/gcc/arm-none-eabi/9.3.1/../../../../arm-none-eabi/lib/thumb/v7e-m+fp/hard\libc_nano.a(lib_a-wsetup.o)
                0x000000000800e25c                __swsetup_r
 .text.abort    0x000000000800e338        0xe c:/st/stm32cubeide_1.3.0/stm32cubeide/plugins/com.st.stm32cube.ide.mcu.externaltools.gnu-tools-for-stm32.9-2020-q2-update.win32_1.5.0.202011040924/tools/bin/../lib/gcc/arm-none-eabi/9.3.1/../../../../arm-none-eabi/lib/thumb/v7e-m+fp/hard\libc_nano.a(lib_a-abort.o)
                0x000000000800e338                abort
 *fill*         0x000000000800e346        0x2 
 .text._close_r
                0x000000000800e348       0x20 c:/st/stm32cubeide_1.3.0/stm32cubeide/plugins/com.st.stm32cube.ide.mcu.externaltools.gnu-tools-for-stm32.9-2020-q2-update.win32_1.5.0.202011040924/tools/bin/../lib/gcc/arm-none-eabi/9.3.1/../../../../arm-none-eabi/lib/thumb/v7e-m+fp/hard\libc_nano.a(lib_a-closer.o)
                0x000000000800e348                _close_r
 .text.__sflush_r
                0x000000000800e368      0x10c c:/st/stm32cubeide_1.3.0/stm32cubeide/plugins/com.st.stm32cube.ide.mcu.externaltools.gnu-tools-for-stm32.9-2020-q2-update.win32_1.5.0.202011040924/tools/bin/../lib/gcc/arm-none-eabi/9.3.1/../../../../arm-none-eabi/lib/thumb/v7e-m+fp/hard\libc_nano.a(lib_a-fflush.o)
                0x000000000800e368                __sflush_r
 .text._fflush_r
                0x000000000800e474       0x78 c:/st/stm32cubeide_1.3.0/stm32cubeide/plugins/com.st.stm32cube.ide.mcu.externaltools.gnu-tools-for-stm32.9-2020-q2-update.win32_1.5.0.202011040924/tools/bin/../lib/gcc/arm-none-eabi/9.3.1/../../../../arm-none-eabi/lib/thumb/v7e-m+fp/hard\libc_nano.a(lib_a-fflush.o)
                0x000000000800e474                _fflush_r
 .text._lseek_r
                0x000000000800e4ec       0x24 c:/st/stm32cubeide_1.3.0/stm32cubeide/plugins/com.st.stm32cube.ide.mcu.externaltools.gnu-tools-for-stm32.9-2020-q2-update.win32_1.5.0.202011040924/tools/bin/../lib/gcc/arm-none-eabi/9.3.1/../../../../arm-none-eabi/lib/thumb/v7e-m+fp/hard\libc_nano.a(lib_a-lseekr.o)
                0x000000000800e4ec                _lseek_r
 .text.__swhatbuf_r
                0x000000000800e510       0x48 c:/st/stm32cubeide_1.3.0/stm32cubeide/plugins/com.st.stm32cube.ide.mcu.externaltools.gnu-tools-for-stm32.9-2020-q2-update.win32_1.5.0.202011040924/tools/bin/../lib/gcc/arm-none-eabi/9.3.1/../../../../arm-none-eabi/lib/thumb/v7e-m+fp/hard\libc_nano.a(lib_a-makebuf.o)
                0x000000000800e510                __swhatbuf_r
 .text.__smakebuf_r
                0x000000000800e558       0x80 c:/st/stm32cubeide_1.3.0/stm32cubeide/plugins/com.st.stm32cube.ide.mcu.externaltools.gnu-tools-for-stm32.9-2020-q2-update.win32_1.5.0.202011040924/tools/bin/../lib/gcc/arm-none-eabi/9.3.1/../../../../arm-none-eabi/lib/thumb/v7e-m+fp/hard\libc_nano.a(lib_a-makebuf.o)
                0x000000000800e558                __smakebuf_r
 .text.__ascii_mbtowc
                0x000000000800e5d8       0x24 c:/st/stm32cubeide_1.3.0/stm32cubeide/plugins/com.st.stm32cube.ide.mcu.externaltools.gnu-tools-for-stm32.9-2020-q2-update.win32_1.5.0.202011040924/tools/bin/../lib/gcc/arm-none-eabi/9.3.1/../../../../arm-none-eabi/lib/thumb/v7e-m+fp/hard\libc_nano.a(lib_a-mbtowc_r.o)
                0x000000000800e5d8                __ascii_mbtowc
 .text.memmove  0x000000000800e5fc       0x34 c:/st/stm32cubeide_1.3.0/stm32cubeide/plugins/com.st.stm32cube.ide.mcu.externaltools.gnu-tools-for-stm32.9-2020-q2-update.win32_1.5.0.202011040924/tools/bin/../lib/gcc/arm-none-eabi/9.3.1/../../../../arm-none-eabi/lib/thumb/v7e-m+fp/hard\libc_nano.a(lib_a-memmove.o)
                0x000000000800e5fc                memmove
 .text.__malloc_lock
                0x000000000800e630        0xc c:/st/stm32cubeide_1.3.0/stm32cubeide/plugins/com.st.stm32cube.ide.mcu.externaltools.gnu-tools-for-stm32.9-2020-q2-update.win32_1.5.0.202011040924/tools/bin/../lib/gcc/arm-none-eabi/9.3.1/../../../../arm-none-eabi/lib/thumb/v7e-m+fp/hard\libc_nano.a(lib_a-mlock.o)
                0x000000000800e630                __malloc_lock
 .text.__malloc_unlock
                0x000000000800e63c        0xc c:/st/stm32cubeide_1.3.0/stm32cubeide/plugins/com.st.stm32cube.ide.mcu.externaltools.gnu-tools-for-stm32.9-2020-q2-update.win32_1.5.0.202011040924/tools/bin/../lib/gcc/arm-none-eabi/9.3.1/../../../../arm-none-eabi/lib/thumb/v7e-m+fp/hard\libc_nano.a(lib_a-mlock.o)
                0x000000000800e63c                __malloc_unlock
 .text._realloc_r
                0x000000000800e648       0x4c c:/st/stm32cubeide_1.3.0/stm32cubeide/plugins/com.st.stm32cube.ide.mcu.externaltools.gnu-tools-for-stm32.9-2020-q2-update.win32_1.5.0.202011040924/tools/bin/../lib/gcc/arm-none-eabi/9.3.1/../../../../arm-none-eabi/lib/thumb/v7e-m+fp/hard\libc_nano.a(lib_a-nano-reallocr.o)
                0x000000000800e648                _realloc_r
 .text._read_r  0x000000000800e694       0x24 c:/st/stm32cubeide_1.3.0/stm32cubeide/plugins/com.st.stm32cube.ide.mcu.externaltools.gnu-tools-for-stm32.9-2020-q2-update.win32_1.5.0.202011040924/tools/bin/../lib/gcc/arm-none-eabi/9.3.1/../../../../arm-none-eabi/lib/thumb/v7e-m+fp/hard\libc_nano.a(lib_a-readr.o)
                0x000000000800e694                _read_r
 .text._raise_r
                0x000000000800e6b8       0x50 c:/st/stm32cubeide_1.3.0/stm32cubeide/plugins/com.st.stm32cube.ide.mcu.externaltools.gnu-tools-for-stm32.9-2020-q2-update.win32_1.5.0.202011040924/tools/bin/../lib/gcc/arm-none-eabi/9.3.1/../../../../arm-none-eabi/lib/thumb/v7e-m+fp/hard\libc_nano.a(lib_a-signal.o)
                0x000000000800e6b8                _raise_r
 .text.raise    0x000000000800e708       0x10 c:/st/stm32cubeide_1.3.0/stm32cubeide/plugins/com.st.stm32cube.ide.mcu.externaltools.gnu-tools-for-stm32.9-2020-q2-update.win32_1.5.0.202011040924/tools/bin/../lib/gcc/arm-none-eabi/9.3.1/../../../../arm-none-eabi/lib/thumb/v7e-m+fp/hard\libc_nano.a(lib_a-signal.o)
                0x000000000800e708                raise
 .text._kill_r  0x000000000800e718       0x24 c:/st/stm32cubeide_1.3.0/stm32cubeide/plugins/com.st.stm32cube.ide.mcu.externaltools.gnu-tools-for-stm32.9-2020-q2-update.win32_1.5.0.202011040924/tools/bin/../lib/gcc/arm-none-eabi/9.3.1/../../../../arm-none-eabi/lib/thumb/v7e-m+fp/hard\libc_nano.a(lib_a-signalr.o)
                0x000000000800e718                _kill_r
 .text._getpid_r
                0x000000000800e73c        0x4 c:/st/stm32cubeide_1.3.0/stm32cubeide/plugins/com.st.stm32cube.ide.mcu.externaltools.gnu-tools-for-stm32.9-2020-q2-update.win32_1.5.0.202011040924/tools/bin/../lib/gcc/arm-none-eabi/9.3.1/../../../../arm-none-eabi/lib/thumb/v7e-m+fp/hard\libc_nano.a(lib_a-signalr.o)
                0x000000000800e73c                _getpid_r
 .text.__ascii_wctomb
                0x000000000800e740       0x1a c:/st/stm32cubeide_1.3.0/stm32cubeide/plugins/com.st.stm32cube.ide.mcu.externaltools.gnu-tools-for-stm32.9-2020-q2-update.win32_1.5.0.202011040924/tools/bin/../lib/gcc/arm-none-eabi/9.3.1/../../../../arm-none-eabi/lib/thumb/v7e-m+fp/hard\libc_nano.a(lib_a-wctomb_r.o)
                0x000000000800e740                __ascii_wctomb
 *fill*         0x000000000800e75a        0x2 
 .text._fstat_r
                0x000000000800e75c       0x24 c:/st/stm32cubeide_1.3.0/stm32cubeide/plugins/com.st.stm32cube.ide.mcu.externaltools.gnu-tools-for-stm32.9-2020-q2-update.win32_1.5.0.202011040924/tools/bin/../lib/gcc/arm-none-eabi/9.3.1/../../../../arm-none-eabi/lib/thumb/v7e-m+fp/hard\libc_nano.a(lib_a-fstatr.o)
                0x000000000800e75c                _fstat_r
 .text._isatty_r
                0x000000000800e780       0x20 c:/st/stm32cubeide_1.3.0/stm32cubeide/plugins/com.st.stm32cube.ide.mcu.externaltools.gnu-tools-for-stm32.9-2020-q2-update.win32_1.5.0.202011040924/tools/bin/../lib/gcc/arm-none-eabi/9.3.1/../../../../arm-none-eabi/lib/thumb/v7e-m+fp/hard\libc_nano.a(lib_a-isattyr.o)
                0x000000000800e780                _isatty_r
 .text._malloc_usable_size_r
                0x000000000800e7a0       0x10 c:/st/stm32cubeide_1.3.0/stm32cubeide/plugins/com.st.stm32cube.ide.mcu.externaltools.gnu-tools-for-stm32.9-2020-q2-update.win32_1.5.0.202011040924/tools/bin/../lib/gcc/arm-none-eabi/9.3.1/../../../../arm-none-eabi/lib/thumb/v7e-m+fp/hard\libc_nano.a(lib_a-nano-msizer.o)
                0x000000000800e7a0                _malloc_usable_size_r
 .text._close   0x000000000800e7b0       0x10 c:/st/stm32cubeide_1.3.0/stm32cubeide/plugins/com.st.stm32cube.ide.mcu.externaltools.gnu-tools-for-stm32.9-2020-q2-update.win32_1.5.0.202011040924/tools/bin/../lib/gcc/arm-none-eabi/9.3.1/../../../../arm-none-eabi/lib/thumb/v7e-m+fp/hard\libnosys.a(close.o)
                0x000000000800e7b0                _close
 .text._fstat   0x000000000800e7c0       0x10 c:/st/stm32cubeide_1.3.0/stm32cubeide/plugins/com.st.stm32cube.ide.mcu.externaltools.gnu-tools-for-stm32.9-2020-q2-update.win32_1.5.0.202011040924/tools/bin/../lib/gcc/arm-none-eabi/9.3.1/../../../../arm-none-eabi/lib/thumb/v7e-m+fp/hard\libnosys.a(fstat.o)
                0x000000000800e7c0                _fstat
 .text._getpid  0x000000000800e7d0       0x10 c:/st/stm32cubeide_1.3.0/stm32cubeide/plugins/com.st.stm32cube.ide.mcu.externaltools.gnu-tools-for-stm32.9-2020-q2-update.win32_1.5.0.202011040924/tools/bin/../lib/gcc/arm-none-eabi/9.3.1/../../../../arm-none-eabi/lib/thumb/v7e-m+fp/hard\libnosys.a(getpid.o)
                0x000000000800e7d0                _getpid
 .text._isatty  0x000000000800e7e0       0x10 c:/st/stm32cubeide_1.3.0/stm32cubeide/plugins/com.st.stm32cube.ide.mcu.externaltools.gnu-tools-for-stm32.9-2020-q2-update.win32_1.5.0.202011040924/tools/bin/../lib/gcc/arm-none-eabi/9.3.1/../../../../arm-none-eabi/lib/thumb/v7e-m+fp/hard\libnosys.a(isatty.o)
                0x000000000800e7e0                _isatty
 .text._kill    0x000000000800e7f0       0x10 c:/st/stm32cubeide_1.3.0/stm32cubeide/plugins/com.st.stm32cube.ide.mcu.externaltools.gnu-tools-for-stm32.9-2020-q2-update.win32_1.5.0.202011040924/tools/bin/../lib/gcc/arm-none-eabi/9.3.1/../../../../arm-none-eabi/lib/thumb/v7e-m+fp/hard\libnosys.a(kill.o)
                0x000000000800e7f0                _kill
 .text._lseek   0x000000000800e800       0x10 c:/st/stm32cubeide_1.3.0/stm32cubeide/plugins/com.st.stm32cube.ide.mcu.externaltools.gnu-tools-for-stm32.9-2020-q2-update.win32_1.5.0.202011040924/tools/bin/../lib/gcc/arm-none-eabi/9.3.1/../../../../arm-none-eabi/lib/thumb/v7e-m+fp/hard\libnosys.a(lseek.o)
                0x000000000800e800                _lseek
 .text._read    0x000000000800e810       0x10 c:/st/stm32cubeide_1.3.0/stm32cubeide/plugins/com.st.stm32cube.ide.mcu.externaltools.gnu-tools-for-stm32.9-2020-q2-update.win32_1.5.0.202011040924/tools/bin/../lib/gcc/arm-none-eabi/9.3.1/../../../../arm-none-eabi/lib/thumb/v7e-m+fp/hard\libnosys.a(read.o)
                0x000000000800e810                _read
 .text._sbrk    0x000000000800e820       0x1c c:/st/stm32cubeide_1.3.0/stm32cubeide/plugins/com.st.stm32cube.ide.mcu.externaltools.gnu-tools-for-stm32.9-2020-q2-update.win32_1.5.0.202011040924/tools/bin/../lib/gcc/arm-none-eabi/9.3.1/../../../../arm-none-eabi/lib/thumb/v7e-m+fp/hard\libnosys.a(sbrk.o)
                0x000000000800e820                _sbrk
 .text._write   0x000000000800e83c       0x10 c:/st/stm32cubeide_1.3.0/stm32cubeide/plugins/com.st.stm32cube.ide.mcu.externaltools.gnu-tools-for-stm32.9-2020-q2-update.win32_1.5.0.202011040924/tools/bin/../lib/gcc/arm-none-eabi/9.3.1/../../../../arm-none-eabi/lib/thumb/v7e-m+fp/hard\libnosys.a(write.o)
                0x000000000800e83c                _write
 .text._exit    0x000000000800e84c        0x2 c:/st/stm32cubeide_1.3.0/stm32cubeide/plugins/com.st.stm32cube.ide.mcu.externaltools.gnu-tools-for-stm32.9-2020-q2-update.win32_1.5.0.202011040924/tools/bin/../lib/gcc/arm-none-eabi/9.3.1/../../../../arm-none-eabi/lib/thumb/v7e-m+fp/hard\libnosys.a(_exit.o)
                0x000000000800e84c                _exit
 *(.glue_7)
 .glue_7        0x000000000800e84e        0x0 linker stubs
 *(.glue_7t)
 .glue_7t       0x000000000800e84e        0x0 linker stubs
 *(.eh_frame)
 *fill*         0x000000000800e84e        0x2 
 .eh_frame      0x000000000800e850        0x0 c:/st/stm32cubeide_1.3.0/stm32cubeide/plugins/com.st.stm32cube.ide.mcu.externaltools.gnu-tools-for-stm32.9-2020-q2-update.win32_1.5.0.202011040924/tools/bin/../lib/gcc/arm-none-eabi/9.3.1/thumb/v7e-m+fp/hard/crtbegin.o
 *(.init)
 .init          0x000000000800e850        0x4 c:/st/stm32cubeide_1.3.0/stm32cubeide/plugins/com.st.stm32cube.ide.mcu.externaltools.gnu-tools-for-stm32.9-2020-q2-update.win32_1.5.0.202011040924/tools/bin/../lib/gcc/arm-none-eabi/9.3.1/thumb/v7e-m+fp/hard/crti.o
                0x000000000800e850                _init
 .init          0x000000000800e854        0x8 c:/st/stm32cubeide_1.3.0/stm32cubeide/plugins/com.st.stm32cube.ide.mcu.externaltools.gnu-tools-for-stm32.9-2020-q2-update.win32_1.5.0.202011040924/tools/bin/../lib/gcc/arm-none-eabi/9.3.1/thumb/v7e-m+fp/hard/crtn.o
 *(.fini)
 .fini          0x000000000800e85c        0x4 c:/st/stm32cubeide_1.3.0/stm32cubeide/plugins/com.st.stm32cube.ide.mcu.externaltools.gnu-tools-for-stm32.9-2020-q2-update.win32_1.5.0.202011040924/tools/bin/../lib/gcc/arm-none-eabi/9.3.1/thumb/v7e-m+fp/hard/crti.o
                0x000000000800e85c                _fini
 .fini          0x000000000800e860        0x8 c:/st/stm32cubeide_1.3.0/stm32cubeide/plugins/com.st.stm32cube.ide.mcu.externaltools.gnu-tools-for-stm32.9-2020-q2-update.win32_1.5.0.202011040924/tools/bin/../lib/gcc/arm-none-eabi/9.3.1/thumb/v7e-m+fp/hard/crtn.o
                0x000000000800e868                . = ALIGN (0x4)
                0x000000000800e868                _etext = .

.vfp11_veneer   0x000000000800e868        0x0
 .vfp11_veneer  0x000000000800e868        0x0 linker stubs

.v4_bx          0x000000000800e868        0x0
 .v4_bx         0x000000000800e868        0x0 linker stubs

.iplt           0x000000000800e868        0x0
 .iplt          0x000000000800e868        0x0 c:/st/stm32cubeide_1.3.0/stm32cubeide/plugins/com.st.stm32cube.ide.mcu.externaltools.gnu-tools-for-stm32.9-2020-q2-update.win32_1.5.0.202011040924/tools/bin/../lib/gcc/arm-none-eabi/9.3.1/thumb/v7e-m+fp/hard/crtbegin.o

.rodata         0x000000000800e868    0x643f0
                0x000000000800e868                . = ALIGN (0x4)
 *(.rodata)
 .rodata        0x000000000800e868        0x7 BlueNRG_2/App/app_bluenrg_2.o
 *fill*         0x000000000800e86f        0x1 
 .rodata        0x000000000800e870        0x8 BlueNRG_2/App/sensor.o
 .rodata        0x000000000800e878        0xd BlueNRG_2/Target/hci_tl_interface.o
 *fill*         0x000000000800e885        0x3 
 .rodata        0x000000000800e888       0x91 Core/Src/main.o
 *(.rodata*)
 *fill*         0x000000000800e919        0x3 
 .rodata.mono5x8_bitmap
                0x000000000800e91c      0x325 Core/Src/bd663474.o
 *fill*         0x000000000800ec41        0x3 
 .rodata.Tahoma25x28
                0x000000000800ec44     0x4bc8 Core/Src/fonts.o
                0x000000000800ec44                Tahoma25x28
 .rodata.Monospac821_BT39x64
                0x000000000801380c     0xeac8 Core/Src/fonts.o
                0x000000000801380c                Monospac821_BT39x64
 .rodata.nanum_28x26
                0x00000000080222d4     0x54c8 Core/Src/fonts.o
                0x00000000080222d4                nanum_28x26
 .rodata.IMG_F14
                0x000000000802779c    0x25800 Core/Src/main.o
                0x000000000802779c                IMG_F14
 .rodata.IMG_BALLOON
                0x000000000804cf9c    0x25800 Core/Src/main.o
                0x000000000804cf9c                IMG_BALLOON
 .rodata.AHBPrescTable
                0x000000000807279c       0x10 Core/Src/system_stm32f4xx.o
                0x000000000807279c                AHBPrescTable
 .rodata.APBPrescTable
                0x00000000080727ac        0x8 Core/Src/system_stm32f4xx.o
                0x00000000080727ac                APBPrescTable
 .rodata.LedGpioInit.8023
                0x00000000080727b4        0x4 Drivers/BSP/STM32F4xx_Nucleo/stm32f4xx_nucleo.o
 .rodata.ButtonGpioInit.8054
                0x00000000080727b8        0x4 Drivers/BSP/STM32F4xx_Nucleo/stm32f4xx_nucleo.o
 .rodata.BUTTON_EXTI_LINE.8053
                0x00000000080727bc        0x4 Drivers/BSP/STM32F4xx_Nucleo/stm32f4xx_nucleo.o
 .rodata.ButtonCallback.8051
                0x00000000080727c0        0x4 Drivers/BSP/STM32F4xx_Nucleo/stm32f4xx_nucleo.o
 .rodata.BSP_BUTTON_PRIO.8052
                0x00000000080727c4        0x4 Drivers/BSP/STM32F4xx_Nucleo/stm32f4xx_nucleo.o
 .rodata.hci_le_meta_events_table
                0x00000000080727c8       0x50 Middlewares/ST/BlueNRG-2/hci/bluenrg1_events.o
                0x00000000080727c8                hci_le_meta_events_table
 .rodata._global_impure_ptr
                0x0000000008072818        0x4 c:/st/stm32cubeide_1.3.0/stm32cubeide/plugins/com.st.stm32cube.ide.mcu.externaltools.gnu-tools-for-stm32.9-2020-q2-update.win32_1.5.0.202011040924/tools/bin/../lib/gcc/arm-none-eabi/9.3.1/../../../../arm-none-eabi/lib/thumb/v7e-m+fp/hard\libc_nano.a(lib_a-impure.o)
                0x0000000008072818                _global_impure_ptr
 .rodata._printf_float.str1.1
                0x000000000807281c       0x12 c:/st/stm32cubeide_1.3.0/stm32cubeide/plugins/com.st.stm32cube.ide.mcu.externaltools.gnu-tools-for-stm32.9-2020-q2-update.win32_1.5.0.202011040924/tools/bin/../lib/gcc/arm-none-eabi/9.3.1/../../../../arm-none-eabi/lib/thumb/v7e-m+fp/hard\libc_nano.a(lib_a-nano-vfprintf_float.o)
 .rodata._printf_i.str1.1
                0x000000000807282e       0x22 c:/st/stm32cubeide_1.3.0/stm32cubeide/plugins/com.st.stm32cube.ide.mcu.externaltools.gnu-tools-for-stm32.9-2020-q2-update.win32_1.5.0.202011040924/tools/bin/../lib/gcc/arm-none-eabi/9.3.1/../../../../arm-none-eabi/lib/thumb/v7e-m+fp/hard\libc_nano.a(lib_a-nano-vfprintf_i.o)
 .rodata.srand.str1.1
                0x0000000008072850       0x76 c:/st/stm32cubeide_1.3.0/stm32cubeide/plugins/com.st.stm32cube.ide.mcu.externaltools.gnu-tools-for-stm32.9-2020-q2-update.win32_1.5.0.202011040924/tools/bin/../lib/gcc/arm-none-eabi/9.3.1/../../../../arm-none-eabi/lib/thumb/v7e-m+fp/hard\libc_nano.a(lib_a-rand.o)
 .rodata.__assert_func.str1.1
                0x00000000080728c6       0x3c c:/st/stm32cubeide_1.3.0/stm32cubeide/plugins/com.st.stm32cube.ide.mcu.externaltools.gnu-tools-for-stm32.9-2020-q2-update.win32_1.5.0.202011040924/tools/bin/../lib/gcc/arm-none-eabi/9.3.1/../../../../arm-none-eabi/lib/thumb/v7e-m+fp/hard\libc_nano.a(lib_a-assert.o)
                                         0x3d (size before relaxing)
 .rodata._dtoa_r.str1.1
                0x0000000008072902       0x7d c:/st/stm32cubeide_1.3.0/stm32cubeide/plugins/com.st.stm32cube.ide.mcu.externaltools.gnu-tools-for-stm32.9-2020-q2-update.win32_1.5.0.202011040924/tools/bin/../lib/gcc/arm-none-eabi/9.3.1/../../../../arm-none-eabi/lib/thumb/v7e-m+fp/hard\libc_nano.a(lib_a-dtoa.o)
                                         0x96 (size before relaxing)
 *fill*         0x000000000807297f        0x1 