stm32f4xx_nucleo.c:93:9:BSP_GetVersion	0	static
stm32f4xx_nucleo.c:105:9:BSP_LED_Init	48	static
stm32f4xx_nucleo.c:120:9:BSP_LED_DeInit	8	static
stm32f4xx_nucleo.c:143:9:BSP_LED_On	8	static
stm32f4xx_nucleo.c:160:9:BSP_LED_Off	8	static
stm32f4xx_nucleo.c:177:9:BSP_LED_Toggle	8	static
stm32f4xx_nucleo.c:194:9:BSP_LED_GetState	8	static
stm32f4xx_nucleo.c:236:9:BSP_PB_Init	48	static
stm32f4xx_nucleo.c:276:9:BSP_PB_DeInit	8	static
stm32f4xx_nucleo.c:294:9:BSP_PB_GetState	8	static
stm32f4xx_nucleo.c:303:6:BSP_PB_IRQHandler	0	static
stm32f4xx_nucleo.c:313:13:BSP_PB_Callback	0	static
stm32f4xx_nucleo.c:326:13:BUTTON_USER_EXTI_Callback	8	static
stm32f4xx_nucleo.c:401:9:BSP_COM_DeInit	8	static
stm32f4xx_nucleo.c:438:26:MX_USART2_UART_Init	8	static
stm32f4xx_nucleo.c:362:9:BSP_COM_Init	56	static
stm32f4xx_nucleo.c:539:9:BSP_COM_SelectLogPort	0	static
stm32f4xx_nucleo.c:551:6:__io_putchar	24	static
