bd663474.c:43:6:TFT_reset	8	static
bd663474.c:155:6:TFT_sendData	16	static
bd663474.c:174:6:TFT_sendData8bit	16	static
bd663474.c:192:6:TFT_sendCmd	16	static
bd663474.c:204:6:TFT_setOrientation	8	static
bd663474.c:51:6:TFT_init	16	static
bd663474.c:235:6:TFT_Off	0	static
bd663474.c:250:6:TFT_On	0	static
bd663474.c:254:6:TFT_setWindow	24	static
bd663474.c:138:6:TFT_fillDisplay	16	static
bd663474.c:303:6:TFT_setColor	0	static
bd663474.c:307:10:TFT_getColor	0	static
bd663474.c:311:6:TFT_setCursor	0	static
bd663474.c:316:10:TFT_getCursorX	0	static
bd663474.c:320:10:TFT_getCursorY	0	static
bd663474.c:325:6:TFT_drawPixel	24	static
bd663474.c:339:6:TFT_drawPixel_2	0	static
bd663474.c:376:6:TFT_drawLineHorizontal	32	static
bd663474.c:387:6:TFT_drawLineVertical	32	static
bd663474.c:424:6:TFT_drawRectangle	48	static
bd663474.c:437:6:TFT_fillRectangle	24	static
bd663474.c:354:6:TFT_drawLine	72	static
bd663474.c:431:6:TFT_drawTriangle	48	static
bd663474.c:398:6:TFT_drawCircle	72	static
bd663474.c:449:6:LCD_DrawColorBurst	16	static
bd663474.c:457:6:TFT_fillCircle	64	static
bd663474.c:482:6:TFT_drawQuadrant	72	static
bd663474.c:518:6:TFT_drawRoundRect	72	static
bd663474.c:533:6:TFT_fillQuadrant	80	static
bd663474.c:562:6:TFT_fillRoundRect	56	static
bd663474.c:749:6:TFT_setFont	0	static
bd663474.c:753:6:TFT_setFontSize	0	static
bd663474.c:760:6:TFT_drawImage	16	static
bd663474.c:657:6:TFT_printChar	88	dynamic
bd663474.c:726:7:TFT_printCharUTF8	8	static
bd663474.c:739:6:TFT_print	16	static
bd663474.c:572:6:TFT_test	104	static
bd663474.c:774:6:TFT_setTextBackColor	0	static
bd663474.c:778:6:TFT_User_SetCursor	0	static
bd663474.c:788:5:draw_string	88	static
