bd663474.c:43:6:TFT_reset	8	static
bd663474.c:51:6:TFT_init	16	static
bd663474.c:138:6:TFT_fillDisplay	24	static
bd663474.c:155:6:TFT_sendData	24	static
bd663474.c:174:6:TFT_sendData8bit	24	static
bd663474.c:192:6:TFT_sendCmd	16	static
bd663474.c:204:6:TFT_setOrientation	16	static
bd663474.c:235:6:TFT_Off	8	static
bd663474.c:250:6:TFT_On	8	static
bd663474.c:254:6:TFT_setWindow	32	static
bd663474.c:303:6:TFT_setColor	16	static
bd663474.c:307:10:TFT_getColor	4	static
bd663474.c:311:6:TFT_setCursor	16	static
bd663474.c:316:10:TFT_getCursorX	4	static
bd663474.c:320:10:TFT_getCursorY	4	static
bd663474.c:325:6:TFT_drawPixel	16	static
bd663474.c:339:6:TFT_drawPixel_2	16	static
bd663474.c:354:6:TFT_drawLine	48	static
bd663474.c:376:6:TFT_drawLineHorizontal	32	static
bd663474.c:387:6:TFT_drawLineVertical	32	static
bd663474.c:398:6:TFT_drawCircle	40	static
bd663474.c:424:6:TFT_drawRectangle	32	static
bd663474.c:431:6:TFT_drawTriangle	32	static
bd663474.c:437:6:TFT_fillRectangle	32	static
bd663474.c:449:6:LCD_DrawColorBurst	24	static
bd663474.c:457:6:TFT_fillCircle	40	static
bd663474.c:482:6:TFT_drawQuadrant	48	static
bd663474.c:518:6:TFT_drawRoundRect	32	static
bd663474.c:533:6:TFT_fillQuadrant	48	static
bd663474.c:562:6:TFT_fillRoundRect	32	static
bd663474.c:572:6:TFT_test	104	static
bd663474.c:657:6:TFT_printChar	56	dynamic
bd663474.c:726:7:TFT_printCharUTF8	16	static
bd663474.c:739:6:TFT_print	24	static
bd663474.c:749:6:TFT_setFont	16	static
bd663474.c:753:6:TFT_setFontSize	16	static
bd663474.c:760:6:TFT_drawImage	32	static
bd663474.c:774:6:TFT_setTextBackColor	16	static
bd663474.c:778:6:TFT_User_SetCursor	16	static
bd663474.c:788:5:draw_string	80	static
