main.c:159:9:decToBcd	16	static
main.c:163:5:bcdToDec	16	static
main.c:170:6:DrawMainWindow	16	static
main.c:232:6:Set_Time	48	static
main.c:247:6:Get_Time	32	static
main.c:271:6:MainBGImageDraw	16	static
main.c:309:6:MainLCDDisplayMode	200	static
main.c:1323:6:MeasureTempHumi	16	static
main.c:1558:5:main	40	static
main.c:1687:6:SystemClock_Config	88	static
main.c:1732:13:MX_I2C1_Init	8	static
main.c:1766:13:MX_I2C3_Init	8	static
main.c:1800:13:MX_SPI3_Init	8	static
main.c:1838:13:MX_GPIO_Init	48	static
main.c:1907:6:Error_Handler	4	static,ignoring_inline_asm
