Archive member included to satisfy reference by file (symbol)

c:/st/stm32cubeide_1.3.0/stm32cubeide/plugins/com.st.stm32cube.ide.mcu.externaltools.gnu-tools-for-stm32.9-2020-q2-update.win32_1.5.0.202011040924/tools/bin/../lib/gcc/arm-none-eabi/9.3.1/../../../../arm-none-eabi/lib/thumb/v7e-m+fp/hard\libc_nano.a(lib_a-exit.o)
                              c:/st/stm32cubeide_1.3.0/stm32cubeide/plugins/com.st.stm32cube.ide.mcu.externaltools.gnu-tools-for-stm32.9-2020-q2-update.win32_1.5.0.202011040924/tools/bin/../lib/gcc/arm-none-eabi/9.3.1/../../../../arm-none-eabi/lib/thumb/v7e-m+fp/hard/crt0.o (exit)
c:/st/stm32cubeide_1.3.0/stm32cubeide/plugins/com.st.stm32cube.ide.mcu.externaltools.gnu-tools-for-stm32.9-2020-q2-update.win32_1.5.0.202011040924/tools/bin/../lib/gcc/arm-none-eabi/9.3.1/../../../../arm-none-eabi/lib/thumb/v7e-m+fp/hard\libc_nano.a(lib_a-impure.o)
                              c:/st/stm32cubeide_1.3.0/stm32cubeide/plugins/com.st.stm32cube.ide.mcu.externaltools.gnu-tools-for-stm32.9-2020-q2-update.win32_1.5.0.202011040924/tools/bin/../lib/gcc/arm-none-eabi/9.3.1/../../../../arm-none-eabi/lib/thumb/v7e-m+fp/hard\libc_nano.a(lib_a-exit.o) (_global_impure_ptr)
c:/st/stm32cubeide_1.3.0/stm32cubeide/plugins/com.st.stm32cube.ide.mcu.externaltools.gnu-tools-for-stm32.9-2020-q2-update.win32_1.5.0.202011040924/tools/bin/../lib/gcc/arm-none-eabi/9.3.1/../../../../arm-none-eabi/lib/thumb/v7e-m+fp/hard\libc_nano.a(lib_a-init.o)
                              c:/st/stm32cubeide_1.3.0/stm32cubeide/plugins/com.st.stm32cube.ide.mcu.externaltools.gnu-tools-for-stm32.9-2020-q2-update.win32_1.5.0.202011040924/tools/bin/../lib/gcc/arm-none-eabi/9.3.1/../../../../arm-none-eabi/lib/thumb/v7e-m+fp/hard/crt0.o (__libc_init_array)
c:/st/stm32cubeide_1.3.0/stm32cubeide/plugins/com.st.stm32cube.ide.mcu.externaltools.gnu-tools-for-stm32.9-2020-q2-update.win32_1.5.0.202011040924/tools/bin/../lib/gcc/arm-none-eabi/9.3.1/../../../../arm-none-eabi/lib/thumb/v7e-m+fp/hard\libc_nano.a(lib_a-memcpy-stub.o)
                              Middlewares/ST/BlueNRG-2/hci/controller/bluenrg1_gap_aci.o (memcpy)
c:/st/stm32cubeide_1.3.0/stm32cubeide/plugins/com.st.stm32cube.ide.mcu.externaltools.gnu-tools-for-stm32.9-2020-q2-update.win32_1.5.0.202011040924/tools/bin/../lib/gcc/arm-none-eabi/9.3.1/../../../../arm-none-eabi/lib/thumb/v7e-m+fp/hard\libc_nano.a(lib_a-memset.o)
                              c:/st/stm32cubeide_1.3.0/stm32cubeide/plugins/com.st.stm32cube.ide.mcu.externaltools.gnu-tools-for-stm32.9-2020-q2-update.win32_1.5.0.202011040924/tools/bin/../lib/gcc/arm-none-eabi/9.3.1/../../../../arm-none-eabi/lib/thumb/v7e-m+fp/hard/crt0.o (memset)
c:/st/stm32cubeide_1.3.0/stm32cubeide/plugins/com.st.stm32cube.ide.mcu.externaltools.gnu-tools-for-stm32.9-2020-q2-update.win32_1.5.0.202011040924/tools/bin/../lib/gcc/arm-none-eabi/9.3.1/../../../../arm-none-eabi/lib/thumb/v7e-m+fp/hard\libc_nano.a(lib_a-putchar.o)
                              BlueNRG_2/App/gatt_db.o (putchar)
c:/st/stm32cubeide_1.3.0/stm32cubeide/plugins/com.st.stm32cube.ide.mcu.externaltools.gnu-tools-for-stm32.9-2020-q2-update.win32_1.5.0.202011040924/tools/bin/../lib/gcc/arm-none-eabi/9.3.1/../../../../arm-none-eabi/lib/thumb/v7e-m+fp/hard\libc_nano.a(lib_a-rand.o)
                              BlueNRG_2/App/app_bluenrg_2.o (srand)
c:/st/stm32cubeide_1.3.0/stm32cubeide/plugins/com.st.stm32cube.ide.mcu.externaltools.gnu-tools-for-stm32.9-2020-q2-update.win32_1.5.0.202011040924/tools/bin/../lib/gcc/arm-none-eabi/9.3.1/../../../../arm-none-eabi/lib/thumb/v7e-m+fp/hard\libc_nano.a(lib_a-sprintf.o)
                              Core/Src/bd663474.o (sprintf)
c:/st/stm32cubeide_1.3.0/stm32cubeide/plugins/com.st.stm32cube.ide.mcu.externaltools.gnu-tools-for-stm32.9-2020-q2-update.win32_1.5.0.202011040924/tools/bin/../lib/gcc/arm-none-eabi/9.3.1/../../../../arm-none-eabi/lib/thumb/v7e-m+fp/hard\libc_nano.a(lib_a-strcpy.o)
                              Core/Src/main.o (strcpy)
c:/st/stm32cubeide_1.3.0/stm32cubeide/plugins/com.st.stm32cube.ide.mcu.externaltools.gnu-tools-for-stm32.9-2020-q2-update.win32_1.5.0.202011040924/tools/bin/../lib/gcc/arm-none-eabi/9.3.1/../../../../arm-none-eabi/lib/thumb/v7e-m+fp/hard\libc_nano.a(lib_a-assert.o)
                              c:/st/stm32cubeide_1.3.0/stm32cubeide/plugins/com.st.stm32cube.ide.mcu.externaltools.gnu-tools-for-stm32.9-2020-q2-update.win32_1.5.0.202011040924/tools/bin/../lib/gcc/arm-none-eabi/9.3.1/../../../../arm-none-eabi/lib/thumb/v7e-m+fp/hard\libc_nano.a(lib_a-rand.o) (__assert_func)
c:/st/stm32cubeide_1.3.0/stm32cubeide/plugins/com.st.stm32cube.ide.mcu.externaltools.gnu-tools-for-stm32.9-2020-q2-update.win32_1.5.0.202011040924/tools/bin/../lib/gcc/arm-none-eabi/9.3.1/../../../../arm-none-eabi/lib/thumb/v7e-m+fp/hard\libc_nano.a(lib_a-findfp.o)
[...]
Memory Configuration

Name             Origin             Length             Attributes
RAM              0x0000000020000000 0x0000000000018000 xrw
FLASH            0x0000000008000000 0x0000000000080000 xr
*default*        0x0000000000000000 0xffffffffffffffff

Linker script and memory map

LOAD c:/st/stm32cubeide_1.3.0/stm32cubeide/plugins/com.st.stm32cube.ide.mcu.externaltools.gnu-tools-for-stm32.9-2020-q2-update.win32_1.5.0.202011040924/tools/bin/../lib/gcc/arm-none-eabi/9.3.1/thumb/v7e-m+fp/hard/crti.o
LOAD c:/st/stm32cubeide_1.3.0/stm32cubeide/plugins/com.st.stm32cube.ide.mcu.externaltools.gnu-tools-for-stm32.9-2020-q2-update.win32_1.5.0.202011040924/tools/bin/../lib/gcc/arm-none-eabi/9.3.1/thumb/v7e-m+fp/hard/crtbegin.o
LOAD c:/st/stm32cubeide_1.3.0/stm32cubeide/plugins/com.st.stm32cube.ide.mcu.externaltools.gnu-tools-for-stm32.9-2020-q2-update.win32_1.5.0.202011040924/tools/bin/../lib/gcc/arm-none-eabi/9.3.1/../../../../arm-none-eabi/lib/thumb/v7e-m+fp/hard/crt0.o
LOAD BlueNRG_2/App/OTA.o
LOAD BlueNRG_2/App/app_bluenrg_2.o
LOAD BlueNRG_2/App/gatt_db.o
LOAD BlueNRG_2/App/sensor.o
LOAD BlueNRG_2/App/target_platform.o
LOAD BlueNRG_2/Target/hci_tl_interface.o
LOAD Core/Src/bd663474.o
LOAD Core/Src/fonts.o
LOAD Core/Src/lcd_gfx.o
LOAD Core/Src/main.o
LOAD Core/Src/stm32f4xx_hal_msp.o
LOAD Core/Src/stm32f4xx_it.o
LOAD Core/Src/stm32f4xx_nucleo_bus.o
LOAD Core/Src/system_stm32f4xx.o
LOAD Core/Startup/startup_stm32f401retx.o
LOAD Drivers/BSP/STM32F4xx_Nucleo/stm32f4xx_nucleo.o
LOAD Drivers/STM32F4xx_HAL_Driver/Src/stm32f4xx_hal.o
LOAD Drivers/STM32F4xx_HAL_Driver/Src/stm32f4xx_hal_cortex.o
LOAD Drivers/STM32F4xx_HAL_Driver/Src/stm32f4xx_hal_dma.o
LOAD Drivers/STM32F4xx_HAL_Driver/Src/stm32f4xx_hal_dma_ex.o
LOAD Drivers/STM32F4xx_HAL_Driver/Src/stm32f4xx_hal_exti.o
LOAD Drivers/STM32F4xx_HAL_Driver/Src/stm32f4xx_hal_flash.o
LOAD Drivers/STM32F4xx_HAL_Driver/Src/stm32f4xx_hal_flash_ex.o
LOAD Drivers/STM32F4xx_HAL_Driver/Src/stm32f4xx_hal_flash_ramfunc.o
LOAD Drivers/STM32F4xx_HAL_Driver/Src/stm32f4xx_hal_gpio.o
LOAD Drivers/STM32F4xx_HAL_Driver/Src/stm32f4xx_hal_i2c.o
LOAD Drivers/STM32F4xx_HAL_Driver/Src/stm32f4xx_hal_i2c_ex.o
LOAD Drivers/STM32F4xx_HAL_Driver/Src/stm32f4xx_hal_pwr.o
LOAD Drivers/STM32F4xx_HAL_Driver/Src/stm32f4xx_hal_pwr_ex.o
LOAD Drivers/STM32F4xx_HAL_Driver/Src/stm32f4xx_hal_rcc.o
LOAD Drivers/STM32F4xx_HAL_Driver/Src/stm32f4xx_hal_rcc_ex.o
LOAD Drivers/STM32F4xx_HAL_Driver/Src/stm32f4xx_hal_spi.o
LOAD Drivers/STM32F4xx_HAL_Driver/Src/stm32f4xx_hal_tim.o
LOAD Drivers/STM32F4xx_HAL_Driver/Src/stm32f4xx_hal_tim_ex.o
LOAD Drivers/STM32F4xx_HAL_Driver/Src/stm32f4xx_hal_uart.o
LOAD Middlewares/ST/BlueNRG-2/hci/bluenrg1_devConfig.o
LOAD Middlewares/ST/BlueNRG-2/hci/bluenrg1_events.o
LOAD Middlewares/ST/BlueNRG-2/hci/bluenrg1_events_cb.o
LOAD Middlewares/ST/BlueNRG-2/hci/bluenrg1_hci_le.o
LOAD Middlewares/ST/BlueNRG-2/hci/controller/bluenrg1_gap_aci.o
LOAD Middlewares/ST/BlueNRG-2/hci/controller/bluenrg1_gatt_aci.o
LOAD Middlewares/ST/BlueNRG-2/hci/controller/bluenrg1_hal_aci.o
LOAD Middlewares/ST/BlueNRG-2/hci/controller/bluenrg1_l2cap_aci.o
LOAD Middlewares/ST/BlueNRG-2/hci/hci_tl_patterns/Basic/hci_tl.o
LOAD Middlewares/ST/BlueNRG-2/utils/ble_list.o
START GROUP
LOAD c:/st/stm32cubeide_1.3.0/stm32cubeide/plugins/com.st.stm32cube.ide.mcu.externaltools.gnu-tools-for-stm32.9-2020-q2-update.win32_1.5.0.202011040924/tools/bin/../lib/gcc/arm-none-eabi/9.3.1/../../../../arm-none-eabi/lib/thumb/v7e-m+fp/hard\libc_nano.a
LOAD c:/st/stm32cubeide_1.3.0/stm32cubeide/plugins/com.st.stm32cube.ide.mcu.externaltools.gnu-tools-for-stm32.9-2020-q2-update.win32_1.5.0.202011040924/tools/bin/../lib/gcc/arm-none-eabi/9.3.1/../../../../arm-none-eabi/lib/thumb/v7e-m+fp/hard\libm.a
END GROUP
START GROUP
LOAD c:/st/stm32cubeide_1.3.0/stm32cubeide/plugins/com.st.stm32cube.ide.mcu.externaltools.gnu-tools-for-stm32.9-2020-q2-update.win32_1.5.0.202011040924/tools/bin/../lib/gcc/arm-none-eabi/9.3.1/thumb/v7e-m+fp/hard\libgcc.a
LOAD c:/st/stm32cubeide_1.3.0/stm32cubeide/plugins/com.st.stm32cube.ide.mcu.externaltools.gnu-tools-for-stm32.9-2020-q2-update.win32_1.5.0.202011040924/tools/bin/../lib/gcc/arm-none-eabi/9.3.1/../../../../arm-none-eabi/lib/thumb/v7e-m+fp/hard\libc_nano.a
END GROUP
START GROUP
LOAD c:/st/stm32cubeide_1.3.0/stm32cubeide/plugins/com.st.stm32cube.ide.mcu.externaltools.gnu-tools-for-stm32.9-2020-q2-update.win32_1.5.0.202011040924/tools/bin/../lib/gcc/arm-none-eabi/9.3.1/thumb/v7e-m+fp/hard\libgcc.a
LOAD c:/st/stm32cubeide_1.3.0/stm32cubeide/plugins/com.st.stm32cube.ide.mcu.externaltools.gnu-tools-for-stm32.9-2020-q2-update.win32_1.5.0.202011040924/tools/bin/../lib/gcc/arm-none-eabi/9.3.1/../../../../arm-none-eabi/lib/thumb/v7e-m+fp/hard\libc_nano.a
LOAD c:/st/stm32cubeide_1.3.0/stm32cubeide/plugins/com.st.stm32cube.ide.mcu.externaltools.gnu-tools-for-stm32.9-2020-q2-update.win32_1.5.0.202011040924/tools/bin/../lib/gcc/arm-none-eabi/9.3.1/../../../../arm-none-eabi/lib/thumb/v7e-m+fp/hard\libnosys.a
END GROUP
START GROUP
LOAD c:/st/stm32cubeide_1.3.0/stm32cubeide/plugins/com.st.stm32cube.ide.mcu.externaltools.gnu-tools-for-stm32.9-2020-q2-update.win32_1.5.0.202011040924/tools/bin/../lib/gcc/arm-none-eabi/9.3.1/thumb/v7e-m+fp/hard\libgcc.a
LOAD c:/st/stm32cubeide_1.3.0/stm32cubeide/plugins/com.st.stm32cube.ide.mcu.externaltools.gnu-tools-for-stm32.9-2020-q2-update.win32_1.5.0.202011040924/tools/bin/../lib/gcc/arm-none-eabi/9.3.1/../../../../arm-none-eabi/lib/thumb/v7e-m+fp/hard\libc_nano.a
LOAD c:/st/stm32cubeide_1.3.0/stm32cubeide/plugins/com.st.stm32cube.ide.mcu.externaltools.gnu-tools-for-stm32.9-2020-q2-update.win32_1.5.0.202011040924/tools/bin/../lib/gcc/arm-none-eabi/9.3.1/../../../../arm-none-eabi/lib/thumb/v7e-m+fp/hard\libnosys.a
END GROUP
LOAD c:/st/stm32cubeide_1.3.0/stm32cubeide/plugins/com.st.stm32cube.ide.mcu.externaltools.gnu-tools-for-stm32.9-2020-q2-update.win32_1.5.0.202011040924/tools/bin/../lib/gcc/arm-none-eabi/9.3.1/thumb/v7e-m+fp/hard/crtend.o
LOAD c:/st/stm32cubeide_1.3.0/stm32cubeide/plugins/com.st.stm32cube.ide.mcu.externaltools.gnu-tools-for-stm32.9-2020-q2-update.win32_1.5.0.202011040924/tools/bin/../lib/gcc/arm-none-eabi/9.3.1/thumb/v7e-m+fp/hard/crtn.o
                0x0000000020018000                _estack = (ORIGIN (RAM) + LENGTH (RAM))
                0x0000000000000200                _Min_Heap_Size = 0x200
                0x0000000000000d00                _Min_Stack_Size = 0xd00

.isr_vector     0x0000000008000000      0x194
                0x0000000008000000                . = ALIGN (0x4)
 *(.isr_vector)
 .isr_vector    0x0000000008000000      0x194 Core/Startup/startup_stm32f401retx.o
                0x0000000008000000                g_pfnVectors
                0x0000000008000194                . = ALIGN (0x4)

.text           0x00000000080001a0     0x7dc0
                0x00000000080001a0                . = ALIGN (0x4)
 *(.text)
 .text          0x00000000080001a0       0x40 c:/st/stm32cubeide_1.3.0/stm32cubeide/plugins/com.st.stm32cube.ide.mcu.externaltools.gnu-tools-for-stm32.9-2020-q2-update.win32_1.5.0.202011040924/tools/bin/../lib/gcc/arm-none-eabi/9.3.1/thumb/v7e-m+fp/hard/crtbegin.o
 .text          0x00000000080001e0       0xa0 c:/st/stm32cubeide_1.3.0/stm32cubeide/plugins/com.st.stm32cube.ide.mcu.externaltools.gnu-tools-for-stm32.9-2020-q2-update.win32_1.5.0.202011040924/tools/bin/../lib/gcc/arm-none-eabi/9.3.1/../../../../arm-none-eabi/lib/thumb/v7e-m+fp/hard\libc_nano.a(lib_a-memchr.o)
                0x00000000080001e0                memchr
 .text          0x0000000008000280      0x254 c:/st/stm32cubeide_1.3.0/stm32cubeide/plugins/com.st.stm32cube.ide.mcu.externaltools.gnu-tools-for-stm32.9-2020-q2-update.win32_1.5.0.202011040924/tools/bin/../lib/gcc/arm-none-eabi/9.3.1/thumb/v7e-m+fp/hard\libgcc.a(_arm_muldf3.o)
                0x0000000008000280                __muldf3
                0x0000000008000280                __aeabi_dmul
 .text          0x00000000080004d4      0x378 c:/st/stm32cubeide_1.3.0/stm32cubeide/plugins/com.st.stm32cube.ide.mcu.externaltools.gnu-tools-for-stm32.9-2020-q2-update.win32_1.5.0.202011040924/tools/bin/../lib/gcc/arm-none-eabi/9.3.1/thumb/v7e-m+fp/hard\libgcc.a(_arm_addsubdf3.o)
                0x00000000080004d4                __aeabi_drsub
                0x00000000080004dc                __aeabi_dsub
                0x00000000080004dc                __subdf3
                0x00000000080004e0                __aeabi_dadd
                0x00000000080004e0                __adddf3
                0x0000000008000758                __floatunsidf
                0x0000000008000758                __aeabi_ui2d
                0x0000000008000778                __floatsidf
                0x0000000008000778                __aeabi_i2d
                0x000000000800079c                __aeabi_f2d
                0x000000000800079c                __extendsfdf2
                0x00000000080007e0                __floatundidf
                0x00000000080007e0                __aeabi_ul2d
                0x00000000080007f0                __floatdidf
                0x00000000080007f0                __aeabi_l2d
 .text          0x000000000800084c       0xa0 c:/st/stm32cubeide_1.3.0/stm32cubeide/plugins/com.st.stm32cube.ide.mcu.externaltools.gnu-tools-for-stm32.9-2020-q2-update.win32_1.5.0.202011040924/tools/bin/../lib/gcc/arm-none-eabi/9.3.1/thumb/v7e-m+fp/hard\libgcc.a(_arm_truncdfsf2.o)
                0x000000000800084c                __truncdfsf2
                0x000000000800084c                __aeabi_d2f
 .text          0x00000000080008ec       0x30 c:/st/stm32cubeide_1.3.0/stm32cubeide/plugins/com.st.stm32cube.ide.mcu.externaltools.gnu-tools-for-stm32.9-2020-q2-update.win32_1.5.0.202011040924/tools/bin/../lib/gcc/arm-none-eabi/9.3.1/thumb/v7e-m+fp/hard\libgcc.a(_aeabi_uldivmod.o)
                0x00000000080008ec                __aeabi_uldivmod
 .text          0x000000000800091c      0x2c4 c:/st/stm32cubeide_1.3.0/stm32cubeide/plugins/com.st.stm32cube.ide.mcu.externaltools.gnu-tools-for-stm32.9-2020-q2-update.win32_1.5.0.202011040924/tools/bin/../lib/gcc/arm-none-eabi/9.3.1/thumb/v7e-m+fp/hard\libgcc.a(_udivmoddi4.o)
                0x000000000800091c                __udivmoddi4
 .text          0x0000000008000be0        0x4 c:/st/stm32cubeide_1.3.0/stm32cubeide/plugins/com.st.stm32cube.ide.mcu.externaltools.gnu-tools-for-stm32.9-2020-q2-update.win32_1.5.0.202011040924/tools/bin/../lib/gcc/arm-none-eabi/9.3.1/thumb/v7e-m+fp/hard\libgcc.a(_dvmd_tls.o)
                0x0000000008000be0                __aeabi_idiv0
                0x0000000008000be0                __aeabi_ldiv0
 *(.text*)
 .text.MX_BlueNRG_2_Process
                0x0000000008000be4      0x6e0 BlueNRG_2/App/app_bluenrg_2.o
                0x0000000008000be4                MX_BlueNRG_2_Process
 .text.getBlueNRGVersion
                0x00000000080012c4       0x40 BlueNRG_2/App/app_bluenrg_2.o
                0x00000000080012c4                getBlueNRGVersion
 .text.MX_BlueNRG_2_Init
                0x0000000008001304      0x108 BlueNRG_2/App/app_bluenrg_2.o
                0x0000000008001304                MX_BlueNRG_2_Init
 .text.BSP_PB_Callback
                0x000000000800140c        0xc BlueNRG_2/App/app_bluenrg_2.o
                0x000000000800140c                BSP_PB_Callback
 .text.hci_le_connection_complete_event
                0x0000000008001418       0x18 BlueNRG_2/App/app_bluenrg_2.o
                0x0000000008001418                hci_le_connection_complete_event
 .text.Add_HWServW2ST_Service
                0x0000000008001430       0xdc BlueNRG_2/App/gatt_db.o
                0x0000000008001430                Add_HWServW2ST_Service
 .text.Add_TempHumi_Service
                0x000000000800150c       0x98 BlueNRG_2/App/gatt_db.o
                0x000000000800150c                Add_TempHumi_Service
 .text.Add_SetTime_Service
                0x00000000080015a4       0x94 BlueNRG_2/App/gatt_db.o
                0x00000000080015a4                Add_SetTime_Service
 .text.Environmental_Update
                0x0000000008001638       0x58 BlueNRG_2/App/gatt_db.o
                0x0000000008001638                Environmental_Update
 .text.TempHumi_Update
                0x0000000008001690       0x58 BlueNRG_2/App/gatt_db.o
                0x0000000008001690                TempHumi_Update
 .text.Acc_Update
                0x00000000080016e8       0x8c BlueNRG_2/App/gatt_db.o
                0x00000000080016e8                Acc_Update
 .text.Quat_Update
                0x0000000008001774       0x50 BlueNRG_2/App/gatt_db.o
                0x0000000008001774                Quat_Update
 .text.SetTime_Request_CB
                0x00000000080017c4       0x3c BlueNRG_2/App/gatt_db.o
                0x00000000080017c4                SetTime_Request_CB
 .text.Write_Request_CB
                0x0000000008001800       0x14 BlueNRG_2/App/gatt_db.o
                0x0000000008001800                Write_Request_CB
 .text.Attribute_Modified_CB
                0x0000000008001814       0xcc BlueNRG_2/App/gatt_db.o
                0x0000000008001814                Attribute_Modified_CB
 .text.Set_DeviceConnectable
                0x00000000080018e0       0xa0 BlueNRG_2/App/sensor.o
                0x00000000080018e0                Set_DeviceConnectable
 .text.APP_UserEvtRx
                0x0000000008001980       0x94 BlueNRG_2/App/sensor.o
                0x0000000008001980                APP_UserEvtRx
 .text.HCI_TL_SPI_Init
                0x0000000008001a14       0x74 BlueNRG_2/Target/hci_tl_interface.o
                0x0000000008001a14                HCI_TL_SPI_Init
 .text.HCI_TL_SPI_DeInit
                0x0000000008001a88       0x24 BlueNRG_2/Target/hci_tl_interface.o
                0x0000000008001a88                HCI_TL_SPI_DeInit
 .text.HCI_TL_SPI_Reset
                0x0000000008001aac       0x3c BlueNRG_2/Target/hci_tl_interface.o
                0x0000000008001aac                HCI_TL_SPI_Reset
 .text.hci_tl_lowlevel_isr
                0x0000000008001ae8       0x20 BlueNRG_2/Target/hci_tl_interface.o
                0x0000000008001ae8                hci_tl_lowlevel_isr
 .text.HCI_TL_SPI_Send
                0x0000000008001b08       0xc0 BlueNRG_2/Target/hci_tl_interface.o
                0x0000000008001b08                HCI_TL_SPI_Send
 .text.HCI_TL_SPI_Receive
                0x0000000008001bc8       0x90 BlueNRG_2/Target/hci_tl_interface.o
                0x0000000008001bc8                HCI_TL_SPI_Receive
 .text.hci_tl_lowlevel_init
                0x0000000008001c58       0x6c BlueNRG_2/Target/hci_tl_interface.o
                0x0000000008001c58                hci_tl_lowlevel_init
 .text.TFT_reset
                0x0000000008001cc4       0x30 Core/Src/bd663474.o
                0x0000000008001cc4                TFT_reset
 .text.TFT_sendData
                0x0000000008001cf4       0x20 Core/Src/bd663474.o
                0x0000000008001cf4                TFT_sendData
 .text.TFT_sendCmd
                0x0000000008001d14       0x30 Core/Src/bd663474.o
                0x0000000008001d14                TFT_sendCmd
 .text.TFT_setOrientation
                0x0000000008001d44       0x88 Core/Src/bd663474.o
                0x0000000008001d44                TFT_setOrientation
 .text.TFT_init
                0x0000000008001dcc      0x278 Core/Src/bd663474.o
                0x0000000008001dcc                TFT_init
 .text.TFT_setWindow
                0x0000000008002044       0xc8 Core/Src/bd663474.o
                0x0000000008002044                TFT_setWindow
 .text.TFT_fillDisplay
                0x000000000800210c       0x74 Core/Src/bd663474.o
                0x000000000800210c                TFT_fillDisplay
 .text.TFT_setColor
                0x0000000008002180        0xc Core/Src/bd663474.o
                0x0000000008002180                TFT_setColor
 .text.TFT_setCursor
                0x000000000800218c       0x14 Core/Src/bd663474.o
                0x000000000800218c                TFT_setCursor
 .text.TFT_drawPixel
                0x00000000080021a0       0x5c Core/Src/bd663474.o
                0x00000000080021a0                TFT_drawPixel
 .text.TFT_drawLineHorizontal
                0x00000000080021fc       0x84 Core/Src/bd663474.o
                0x00000000080021fc                TFT_drawLineHorizontal
 .text.TFT_drawLineVertical
                0x0000000008002280       0x80 Core/Src/bd663474.o
                0x0000000008002280                TFT_drawLineVertical
 .text.TFT_fillRectangle
                0x0000000008002300       0x60 Core/Src/bd663474.o
                0x0000000008002300                TFT_fillRectangle
 .text.TFT_drawLine
                0x0000000008002360       0xb0 Core/Src/bd663474.o
                0x0000000008002360                TFT_drawLine
 .text.TFT_drawTriangle
                0x0000000008002410       0x4a Core/Src/bd663474.o
                0x0000000008002410                TFT_drawTriangle
 .text.TFT_drawQuadrant
                0x000000000800245a      0x16a Core/Src/bd663474.o
                0x000000000800245a                TFT_drawQuadrant
 .text.TFT_drawRoundRect
                0x00000000080025c4      0x110 Core/Src/bd663474.o
                0x00000000080025c4                TFT_drawRoundRect
 .text.TFT_setFontSize
                0x00000000080026d4        0xc Core/Src/bd663474.o
                0x00000000080026d4                TFT_setFontSize
 .text.TFT_drawImage
                0x00000000080026e0       0x6c Core/Src/bd663474.o
                0x00000000080026e0                TFT_drawImage
 .text.TFT_printChar
                0x000000000800274c      0x20c Core/Src/bd663474.o
                0x000000000800274c                TFT_printChar
 .text.TFT_print
                0x0000000008002958       0x28 Core/Src/bd663474.o
                0x0000000008002958                TFT_print
 .text.TFT_setTextBackColor
                0x0000000008002980        0xc Core/Src/bd663474.o
                0x0000000008002980                TFT_setTextBackColor
 .text.LCD_DrawChar
                0x000000000800298c       0xb6 Core/Src/lcd_gfx.o
                0x000000000800298c                LCD_DrawChar
 .text.LCD_DrawText
                0x0000000008002a42       0x64 Core/Src/lcd_gfx.o
                0x0000000008002a42                LCD_DrawText
 .text.decToBcd
                0x0000000008002aa6       0x12 Core/Src/main.o
                0x0000000008002aa6                decToBcd
 .text.bcdToDec
                0x0000000008002ab8        0xe Core/Src/main.o
                0x0000000008002ab8                bcdToDec
 *fill*         0x0000000008002ac6        0x2 
 .text.Set_Time
                0x0000000008002ac8       0x74 Core/Src/main.o
                0x0000000008002ac8                Set_Time
 .text.Get_Time
                0x0000000008002b3c       0x80 Core/Src/main.o
                0x0000000008002b3c                Get_Time
 .text.DrawMainWindow
                0x0000000008002bbc       0x4c Core/Src/main.o
                0x0000000008002bbc                DrawMainWindow
 .text.MainBGImageDraw
                0x0000000008002c08       0x6c Core/Src/main.o
                0x0000000008002c08                MainBGImageDraw
 *fill*         0x0000000008002c74        0x4 
 .text.MeasureTempHumi
                0x0000000008002c78       0xfc Core/Src/main.o
                0x0000000008002c78                MeasureTempHumi
 .text.MainLCDDisplayMode
                0x0000000008002d74      0xde4 Core/Src/main.o
                0x0000000008002d74                MainLCDDisplayMode
 .text.SystemClock_Config
                0x0000000008003b58       0xa0 Core/Src/main.o
                0x0000000008003b58                SystemClock_Config
 .text.startup.main
                0x0000000008003bf8      0x230 Core/Src/main.o
                0x0000000008003bf8                main
 .text.HAL_MspInit
                0x0000000008003e28       0x3c Core/Src/stm32f4xx_hal_msp.o
                0x0000000008003e28                HAL_MspInit
 .text.HAL_I2C_MspInit
                0x0000000008003e64      0x104 Core/Src/stm32f4xx_hal_msp.o
                0x0000000008003e64                HAL_I2C_MspInit
 .text.HAL_SPI_MspInit
                0x0000000008003f68       0x70 Core/Src/stm32f4xx_hal_msp.o
                0x0000000008003f68                HAL_SPI_MspInit
 .text.NMI_Handler
                0x0000000008003fd8        0x2 Core/Src/stm32f4xx_it.o
                0x0000000008003fd8                NMI_Handler
 .text.HardFault_Handler
                0x0000000008003fda        0x2 Core/Src/stm32f4xx_it.o
                0x0000000008003fda                HardFault_Handler
 .text.MemManage_Handler
                0x0000000008003fdc        0x2 Core/Src/stm32f4xx_it.o
                0x0000000008003fdc                MemManage_Handler
 .text.BusFault_Handler
                0x0000000008003fde        0x2 Core/Src/stm32f4xx_it.o
                0x0000000008003fde                BusFault_Handler
 .text.UsageFault_Handler
                0x0000000008003fe0        0x2 Core/Src/stm32f4xx_it.o
                0x0000000008003fe0                UsageFault_Handler
 .text.SVC_Handler
                0x0000000008003fe2        0x2 Core/Src/stm32f4xx_it.o
                0x0000000008003fe2                SVC_Handler
 .text.DebugMon_Handler
                0x0000000008003fe4        0x2 Core/Src/stm32f4xx_it.o
                0x0000000008003fe4                DebugMon_Handler
 .text.PendSV_Handler
                0x0000000008003fe6        0x2 Core/Src/stm32f4xx_it.o
                0x0000000008003fe6                PendSV_Handler
 .text.SysTick_Handler
                0x0000000008003fe8        0x4 Core/Src/stm32f4xx_it.o
                0x0000000008003fe8                SysTick_Handler
 .text.EXTI0_IRQHandler
                0x0000000008003fec        0xc Core/Src/stm32f4xx_it.o
                0x0000000008003fec                EXTI0_IRQHandler
 .text.EXTI15_10_IRQHandler
                0x0000000008003ff8        0xc Core/Src/stm32f4xx_it.o
                0x0000000008003ff8                EXTI15_10_IRQHandler
 .text.BSP_SPI1_SendRecv
                0x0000000008004004       0x28 Core/Src/stm32f4xx_nucleo_bus.o
                0x0000000008004004                BSP_SPI1_SendRecv
 .text.BSP_GetTick
                0x000000000800402c        0x4 Core/Src/stm32f4xx_nucleo_bus.o
                0x000000000800402c                BSP_GetTick
 .text.MX_SPI1_Init
                0x0000000008004030       0x40 Core/Src/stm32f4xx_nucleo_bus.o
                0x0000000008004030                MX_SPI1_Init
 .text.BSP_SPI1_Init
                0x0000000008004070       0xd4 Core/Src/stm32f4xx_nucleo_bus.o
                0x0000000008004070                BSP_SPI1_Init
 .text.SystemInit
                0x0000000008004144       0x14 Core/Src/system_stm32f4xx.o
                0x0000000008004144                SystemInit
 .text.Reset_Handler
                0x0000000008004158       0x50 Core/Startup/startup_stm32f401retx.o
                0x0000000008004158                Reset_Handler
 .text.Default_Handler
                0x00000000080041a8        0x2 Core/Startup/startup_stm32f401retx.o
                0x00000000080041a8                RTC_Alarm_IRQHandler
                0x00000000080041a8                EXTI2_IRQHandler
                0x00000000080041a8                SPI4_IRQHandler
                0x00000000080041a8                TIM1_CC_IRQHandler
                0x00000000080041a8                DMA2_Stream5_IRQHandler
                0x00000000080041a8                DMA1_Stream5_IRQHandler
                0x00000000080041a8                PVD_IRQHandler
                0x00000000080041a8                SDIO_IRQHandler
                0x00000000080041a8                TAMP_STAMP_IRQHandler
                0x00000000080041a8                EXTI3_IRQHandler
                0x00000000080041a8                TIM1_UP_TIM10_IRQHandler
                0x00000000080041a8                I2C3_ER_IRQHandler
                0x00000000080041a8                I2C2_EV_IRQHandler
                0x00000000080041a8                DMA1_Stream2_IRQHandler
                0x00000000080041a8                FPU_IRQHandler
                0x00000000080041a8                DMA2_Stream2_IRQHandler
                0x00000000080041a8                SPI1_IRQHandler
                0x00000000080041a8                TIM1_BRK_TIM9_IRQHandler
                0x00000000080041a8                DMA2_Stream3_IRQHandler
                0x00000000080041a8                USART6_IRQHandler
                0x00000000080041a8                DMA2_Stream0_IRQHandler
                0x00000000080041a8                TIM4_IRQHandler
                0x00000000080041a8                I2C1_EV_IRQHandler
                0x00000000080041a8                DMA1_Stream6_IRQHandler
                0x00000000080041a8                DMA1_Stream1_IRQHandler
                0x00000000080041a8                TIM3_IRQHandler
                0x00000000080041a8                RCC_IRQHandler
                0x00000000080041a8                Default_Handler
                0x00000000080041a8                ADC_IRQHandler
                0x00000000080041a8                DMA1_Stream7_IRQHandler
                0x00000000080041a8                TIM5_IRQHandler
                0x00000000080041a8                DMA2_Stream7_IRQHandler
                0x00000000080041a8                I2C3_EV_IRQHandler
                0x00000000080041a8                EXTI9_5_IRQHandler
                0x00000000080041a8                RTC_WKUP_IRQHandler
                0x00000000080041a8                SPI2_IRQHandler
                0x00000000080041a8                DMA1_Stream0_IRQHandler
                0x00000000080041a8                EXTI4_IRQHandler
                0x00000000080041a8                WWDG_IRQHandler
                0x00000000080041a8                TIM2_IRQHandler
                0x00000000080041a8                OTG_FS_WKUP_IRQHandler
                0x00000000080041a8                TIM1_TRG_COM_TIM11_IRQHandler
                0x00000000080041a8                EXTI1_IRQHandler
                0x00000000080041a8                USART2_IRQHandler
                0x00000000080041a8                I2C2_ER_IRQHandler
                0x00000000080041a8                DMA2_Stream1_IRQHandler
                0x00000000080041a8                FLASH_IRQHandler
                0x00000000080041a8                DMA2_Stream4_IRQHandler
                0x00000000080041a8                USART1_IRQHandler
                0x00000000080041a8                OTG_FS_IRQHandler
                0x00000000080041a8                SPI3_IRQHandler
                0x00000000080041a8                DMA1_Stream4_IRQHandler
                0x00000000080041a8                I2C1_ER_IRQHandler
                0x00000000080041a8                DMA2_Stream6_IRQHandler
                0x00000000080041a8                DMA1_Stream3_IRQHandler
 *fill*         0x00000000080041aa        0x2 
 .text.BSP_LED_Init
                0x00000000080041ac       0x68 Drivers/BSP/STM32F4xx_Nucleo/stm32f4xx_nucleo.o
                0x00000000080041ac                BSP_LED_Init
 .text.BSP_LED_On
                0x0000000008004214       0x14 Drivers/BSP/STM32F4xx_Nucleo/stm32f4xx_nucleo.o
                0x0000000008004214                BSP_LED_On
 .text.BSP_LED_Off
                0x0000000008004228       0x14 Drivers/BSP/STM32F4xx_Nucleo/stm32f4xx_nucleo.o
                0x0000000008004228                BSP_LED_Off
 .text.BSP_LED_Toggle
                0x000000000800423c       0x14 Drivers/BSP/STM32F4xx_Nucleo/stm32f4xx_nucleo.o
                0x000000000800423c                BSP_LED_Toggle
 .text.BSP_PB_Init
                0x0000000008004250       0xa4 Drivers/BSP/STM32F4xx_Nucleo/stm32f4xx_nucleo.o
                0x0000000008004250                BSP_PB_Init
 .text.BSP_PB_GetState
                0x00000000080042f4       0x18 Drivers/BSP/STM32F4xx_Nucleo/stm32f4xx_nucleo.o
                0x00000000080042f4                BSP_PB_GetState
 .text.BUTTON_USER_EXTI_Callback
                0x000000000800430c        0xa Drivers/BSP/STM32F4xx_Nucleo/stm32f4xx_nucleo.o
 *fill*         0x0000000008004316        0x2 
 .text.HAL_InitTick
                0x0000000008004318       0x48 Drivers/STM32F4xx_HAL_Driver/Src/stm32f4xx_hal.o
                0x0000000008004318                HAL_InitTick
 .text.HAL_Init
                0x0000000008004360       0x34 Drivers/STM32F4xx_HAL_Driver/Src/stm32f4xx_hal.o
                0x0000000008004360                HAL_Init
 .text.HAL_IncTick
                0x0000000008004394       0x18 Drivers/STM32F4xx_HAL_Driver/Src/stm32f4xx_hal.o
                0x0000000008004394                HAL_IncTick
 .text.HAL_GetTick
                0x00000000080043ac        0xc Drivers/STM32F4xx_HAL_Driver/Src/stm32f4xx_hal.o
                0x00000000080043ac                HAL_GetTick
 .text.HAL_Delay
                0x00000000080043b8       0x28 Drivers/STM32F4xx_HAL_Driver/Src/stm32f4xx_hal.o
                0x00000000080043b8                HAL_Delay
 .text.HAL_NVIC_SetPriorityGrouping
                0x00000000080043e0       0x24 Drivers/STM32F4xx_HAL_Driver/Src/stm32f4xx_hal_cortex.o
                0x00000000080043e0                HAL_NVIC_SetPriorityGrouping
 .text.HAL_NVIC_SetPriority
                0x0000000008004404       0x64 Drivers/STM32F4xx_HAL_Driver/Src/stm32f4xx_hal_cortex.o
                0x0000000008004404                HAL_NVIC_SetPriority
 .text.HAL_NVIC_EnableIRQ
                0x0000000008004468       0x1c Drivers/STM32F4xx_HAL_Driver/Src/stm32f4xx_hal_cortex.o
                0x0000000008004468                HAL_NVIC_EnableIRQ
 .text.HAL_NVIC_DisableIRQ
                0x0000000008004484       0x28 Drivers/STM32F4xx_HAL_Driver/Src/stm32f4xx_hal_cortex.o
                0x0000000008004484                HAL_NVIC_DisableIRQ
 .text.HAL_SYSTICK_Config
                0x00000000080044ac       0x2c Drivers/STM32F4xx_HAL_Driver/Src/stm32f4xx_hal_cortex.o
                0x00000000080044ac                HAL_SYSTICK_Config
 .text.HAL_EXTI_RegisterCallback
                0x00000000080044d8        0xc Drivers/STM32F4xx_HAL_Driver/Src/stm32f4xx_hal_exti.o
                0x00000000080044d8                HAL_EXTI_RegisterCallback
 .text.HAL_EXTI_GetHandle
                0x00000000080044e4        0xc Drivers/STM32F4xx_HAL_Driver/Src/stm32f4xx_hal_exti.o
                0x00000000080044e4                HAL_EXTI_GetHandle
 .text.HAL_EXTI_IRQHandler
                0x00000000080044f0       0x20 Drivers/STM32F4xx_HAL_Driver/Src/stm32f4xx_hal_exti.o
                0x00000000080044f0                HAL_EXTI_IRQHandler
 .text.HAL_GPIO_Init
                0x0000000008004510      0x190 Drivers/STM32F4xx_HAL_Driver/Src/stm32f4xx_hal_gpio.o
                0x0000000008004510                HAL_GPIO_Init
 .text.HAL_GPIO_DeInit
                0x00000000080046a0       0xf8 Drivers/STM32F4xx_HAL_Driver/Src/stm32f4xx_hal_gpio.o
                0x00000000080046a0                HAL_GPIO_DeInit
 .text.HAL_GPIO_ReadPin
                0x0000000008004798        0xc Drivers/STM32F4xx_HAL_Driver/Src/stm32f4xx_hal_gpio.o
                0x0000000008004798                HAL_GPIO_ReadPin
 .text.HAL_GPIO_WritePin
                0x00000000080047a4        0xa Drivers/STM32F4xx_HAL_Driver/Src/stm32f4xx_hal_gpio.o
                0x00000000080047a4                HAL_GPIO_WritePin
 .text.HAL_GPIO_TogglePin
                0x00000000080047ae       0x12 Drivers/STM32F4xx_HAL_Driver/Src/stm32f4xx_hal_gpio.o
                0x00000000080047ae                HAL_GPIO_TogglePin
 .text.I2C_IsAcknowledgeFailed
                0x00000000080047c0       0x34 Drivers/STM32F4xx_HAL_Driver/Src/stm32f4xx_hal_i2c.o
 .text.I2C_WaitOnMasterAddressFlagUntilTimeout
                0x00000000080047f4       0x76 Drivers/STM32F4xx_HAL_Driver/Src/stm32f4xx_hal_i2c.o
 .text.I2C_WaitOnBTFFlagUntilTimeout
                0x000000000800486a       0x4c Drivers/STM32F4xx_HAL_Driver/Src/stm32f4xx_hal_i2c.o
 .text.I2C_WaitOnRXNEFlagUntilTimeout
                0x00000000080048b6       0x5e Drivers/STM32F4xx_HAL_Driver/Src/stm32f4xx_hal_i2c.o
 .text.I2C_WaitOnFlagUntilTimeout
                0x0000000008004914       0x64 Drivers/STM32F4xx_HAL_Driver/Src/stm32f4xx_hal_i2c.o
 .text.I2C_WaitOnTXEFlagUntilTimeout
                0x0000000008004978       0x4c Drivers/STM32F4xx_HAL_Driver/Src/stm32f4xx_hal_i2c.o
 .text.I2C_RequestMemoryWrite
                0x00000000080049c4       0xb0 Drivers/STM32F4xx_HAL_Driver/Src/stm32f4xx_hal_i2c.o
 .text.I2C_RequestMemoryRead
                0x0000000008004a74      0x104 Drivers/STM32F4xx_HAL_Driver/Src/stm32f4xx_hal_i2c.o
 .text.HAL_I2C_Init
                0x0000000008004b78      0x150 Drivers/STM32F4xx_HAL_Driver/Src/stm32f4xx_hal_i2c.o
                0x0000000008004b78                HAL_I2C_Init
 .text.HAL_I2C_Master_Transmit
                0x0000000008004cc8      0x1b0 Drivers/STM32F4xx_HAL_Driver/Src/stm32f4xx_hal_i2c.o
                0x0000000008004cc8                HAL_I2C_Master_Transmit
 .text.HAL_I2C_Master_Receive
                0x0000000008004e78      0x2e0 Drivers/STM32F4xx_HAL_Driver/Src/stm32f4xx_hal_i2c.o
                0x0000000008004e78                HAL_I2C_Master_Receive
 .text.HAL_I2C_Mem_Write
                0x0000000008005158      0x120 Drivers/STM32F4xx_HAL_Driver/Src/stm32f4xx_hal_i2c.o
                0x0000000008005158                HAL_I2C_Mem_Write
 .text.HAL_I2C_Mem_Read
                0x0000000008005278      0x210 Drivers/STM32F4xx_HAL_Driver/Src/stm32f4xx_hal_i2c.o
                0x0000000008005278                HAL_I2C_Mem_Read
 .text.HAL_RCC_OscConfig
                0x0000000008005488      0x358 Drivers/STM32F4xx_HAL_Driver/Src/stm32f4xx_hal_rcc.o
                0x0000000008005488                HAL_RCC_OscConfig
 .text.HAL_RCC_GetSysClockFreq
                0x00000000080057e0       0x5c Drivers/STM32F4xx_HAL_Driver/Src/stm32f4xx_hal_rcc.o
                0x00000000080057e0                HAL_RCC_GetSysClockFreq
 .text.HAL_RCC_ClockConfig
                0x000000000800583c      0x138 Drivers/STM32F4xx_HAL_Driver/Src/stm32f4xx_hal_rcc.o
                0x000000000800583c                HAL_RCC_ClockConfig
 .text.HAL_RCC_GetPCLK1Freq
                0x0000000008005974       0x20 Drivers/STM32F4xx_HAL_Driver/Src/stm32f4xx_hal_rcc.o
                0x0000000008005974                HAL_RCC_GetPCLK1Freq
 .text.SPI_WaitFlagStateUntilTimeout.constprop.0
                0x0000000008005994       0xa8 Drivers/STM32F4xx_HAL_Driver/Src/stm32f4xx_hal_spi.o
 .text.SPI_EndRxTxTransaction
                0x0000000008005a3c       0x58 Drivers/STM32F4xx_HAL_Driver/Src/stm32f4xx_hal_spi.o
 .text.HAL_SPI_Init
                0x0000000008005a94       0xb8 Drivers/STM32F4xx_HAL_Driver/Src/stm32f4xx_hal_spi.o
                0x0000000008005a94                HAL_SPI_Init
 .text.HAL_SPI_Transmit
                0x0000000008005b4c      0x15a Drivers/STM32F4xx_HAL_Driver/Src/stm32f4xx_hal_spi.o
                0x0000000008005b4c                HAL_SPI_Transmit
 .text.HAL_SPI_TransmitReceive
                0x0000000008005ca6      0x1de Drivers/STM32F4xx_HAL_Driver/Src/stm32f4xx_hal_spi.o
                0x0000000008005ca6                HAL_SPI_TransmitReceive
 .text.HAL_SPI_GetState
                0x0000000008005e84        0x6 Drivers/STM32F4xx_HAL_Driver/Src/stm32f4xx_hal_spi.o
                0x0000000008005e84                HAL_SPI_GetState
 .text.hci_le_connection_complete_event_process
                0x0000000008005e8a       0x32 Middlewares/ST/BlueNRG-2/hci/bluenrg1_events.o
                0x0000000008005e8a                hci_le_connection_complete_event_process
 .text.hci_le_advertising_report_event_process
                0x0000000008005ebc       0x6a Middlewares/ST/BlueNRG-2/hci/bluenrg1_events.o
                0x0000000008005ebc                hci_le_advertising_report_event_process
 .text.hci_le_connection_update_complete_event_process
                0x0000000008005f26       0x22 Middlewares/ST/BlueNRG-2/hci/bluenrg1_events.o
                0x0000000008005f26                hci_le_connection_update_complete_event_process
 .text.hci_le_read_remote_used_features_complete_event_process
                0x0000000008005f48       0x12 Middlewares/ST/BlueNRG-2/hci/bluenrg1_events.o
                0x0000000008005f48                hci_le_read_remote_used_features_complete_event_process
 .text.hci_le_long_term_key_request_event_process
                0x0000000008005f5a       0x14 Middlewares/ST/BlueNRG-2/hci/bluenrg1_events.o
                0x0000000008005f5a                hci_le_long_term_key_request_event_process
 .text.hci_le_data_length_change_event_process
                0x0000000008005f6e       0x1a Middlewares/ST/BlueNRG-2/hci/bluenrg1_events.o
                0x0000000008005f6e                hci_le_data_length_change_event_process
 .text.hci_le_read_local_p256_public_key_complete_event_process
                0x0000000008005f88       0x10 Middlewares/ST/BlueNRG-2/hci/bluenrg1_events.o
                0x0000000008005f88                hci_le_read_local_p256_public_key_complete_event_process
 .text.hci_le_generate_dhkey_complete_event_process
                0x0000000008005f98       0x10 Middlewares/ST/BlueNRG-2/hci/bluenrg1_events.o
                0x0000000008005f98                hci_le_generate_dhkey_complete_event_process
 .text.hci_le_enhanced_connection_complete_event_process
                0x0000000008005fa8       0x40 Middlewares/ST/BlueNRG-2/hci/bluenrg1_events.o
                0x0000000008005fa8                hci_le_enhanced_connection_complete_event_process
 .text.hci_le_direct_advertising_report_event_process
                0x0000000008005fe8       0x60 Middlewares/ST/BlueNRG-2/hci/bluenrg1_events.o
                0x0000000008005fe8                hci_le_direct_advertising_report_event_process
 .text.hci_le_advertising_report_event
                0x0000000008006048        0x2 Middlewares/ST/BlueNRG-2/hci/bluenrg1_events_cb.o
                0x0000000008006048                hci_le_advertising_report_event
 .text.hci_le_connection_update_complete_event
                0x000000000800604a        0x2 Middlewares/ST/BlueNRG-2/hci/bluenrg1_events_cb.o
                0x000000000800604a                hci_le_connection_update_complete_event
 .text.hci_le_read_remote_used_features_complete_event
                0x000000000800604c        0x2 Middlewares/ST/BlueNRG-2/hci/bluenrg1_events_cb.o
                0x000000000800604c                hci_le_read_remote_used_features_complete_event
 .text.hci_le_long_term_key_request_event
                0x000000000800604e        0x2 Middlewares/ST/BlueNRG-2/hci/bluenrg1_events_cb.o
                0x000000000800604e                hci_le_long_term_key_request_event
 .text.hci_le_data_length_change_event
                0x0000000008006050        0x2 Middlewares/ST/BlueNRG-2/hci/bluenrg1_events_cb.o
                0x0000000008006050                hci_le_data_length_change_event
 .text.hci_le_read_local_p256_public_key_complete_event
                0x0000000008006052        0x2 Middlewares/ST/BlueNRG-2/hci/bluenrg1_events_cb.o
                0x0000000008006052                hci_le_read_local_p256_public_key_complete_event
 .text.hci_le_generate_dhkey_complete_event
                0x0000000008006054        0x2 Middlewares/ST/BlueNRG-2/hci/bluenrg1_events_cb.o
                0x0000000008006054                hci_le_generate_dhkey_complete_event
 .text.hci_le_enhanced_connection_complete_event
                0x0000000008006056        0x2 Middlewares/ST/BlueNRG-2/hci/bluenrg1_events_cb.o
                0x0000000008006056                hci_le_enhanced_connection_complete_event
 .text.hci_le_direct_advertising_report_event
                0x0000000008006058        0x2 Middlewares/ST/BlueNRG-2/hci/bluenrg1_events_cb.o
                0x0000000008006058                hci_le_direct_advertising_report_event
 .text.hci_reset
                0x000000000800605a       0x36 Middlewares/ST/BlueNRG-2/hci/bluenrg1_hci_le.o
                0x000000000800605a                hci_reset
 .text.hci_read_local_version_information
                0x0000000008006090       0x70 Middlewares/ST/BlueNRG-2/hci/bluenrg1_hci_le.o
                0x0000000008006090                hci_read_local_version_information
 .text.hci_le_set_scan_response_data
                0x0000000008006100       0x58 Middlewares/ST/BlueNRG-2/hci/bluenrg1_hci_le.o
                0x0000000008006100                hci_le_set_scan_response_data
 .text.aci_gap_set_discoverable
                0x0000000008006158       0xa8 Middlewares/ST/BlueNRG-2/hci/controller/bluenrg1_gap_aci.o
                0x0000000008006158                aci_gap_set_discoverable
 .text.aci_gap_set_authentication_requirement
                0x0000000008006200       0x70 Middlewares/ST/BlueNRG-2/hci/controller/bluenrg1_gap_aci.o
                0x0000000008006200                aci_gap_set_authentication_requirement
 .text.aci_gap_init
                0x0000000008006270       0x6c Middlewares/ST/BlueNRG-2/hci/controller/bluenrg1_gap_aci.o
                0x0000000008006270                aci_gap_init
 .text.aci_gap_update_adv_data
                0x00000000080062dc       0x4c Middlewares/ST/BlueNRG-2/hci/controller/bluenrg1_gap_aci.o
                0x00000000080062dc                aci_gap_update_adv_data
 .text.aci_gatt_init
                0x0000000008006328       0x38 Middlewares/ST/BlueNRG-2/hci/controller/bluenrg1_gatt_aci.o
                0x0000000008006328                aci_gatt_init
 .text.aci_gatt_add_service
                0x0000000008006360       0x90 Middlewares/ST/BlueNRG-2/hci/controller/bluenrg1_gatt_aci.o
                0x0000000008006360                aci_gatt_add_service
 .text.aci_gatt_add_char
                0x00000000080063f0       0xac Middlewares/ST/BlueNRG-2/hci/controller/bluenrg1_gatt_aci.o
                0x00000000080063f0                aci_gatt_add_char
 .text.aci_gatt_update_char_value
                0x000000000800649c       0x5c Middlewares/ST/BlueNRG-2/hci/controller/bluenrg1_gatt_aci.o
                0x000000000800649c                aci_gatt_update_char_value
 .text.aci_gatt_write_resp
                0x00000000080064f8       0x60 Middlewares/ST/BlueNRG-2/hci/controller/bluenrg1_gatt_aci.o
                0x00000000080064f8                aci_gatt_write_resp
 .text.aci_hal_read_config_data
                0x0000000008006558       0x64 Middlewares/ST/BlueNRG-2/hci/controller/bluenrg1_hal_aci.o
                0x0000000008006558                aci_hal_read_config_data
 .text.aci_hal_set_tx_power_level
                0x00000000080065bc       0x44 Middlewares/ST/BlueNRG-2/hci/controller/bluenrg1_hal_aci.o
                0x00000000080065bc                aci_hal_set_tx_power_level
 .text.move_list.constprop.0
                0x0000000008006600       0x28 Middlewares/ST/BlueNRG-2/hci/hci_tl_patterns/Basic/hci_tl.o
 .text.hci_init
                0x0000000008006628       0x58 Middlewares/ST/BlueNRG-2/hci/hci_tl_patterns/Basic/hci_tl.o
                0x0000000008006628                hci_init
 .text.hci_register_io_bus
                0x0000000008006680       0x1c Middlewares/ST/BlueNRG-2/hci/hci_tl_patterns/Basic/hci_tl.o
                0x0000000008006680                hci_register_io_bus
 .text.hci_send_req
                0x000000000800669c      0x17c Middlewares/ST/BlueNRG-2/hci/hci_tl_patterns/Basic/hci_tl.o
                0x000000000800669c                hci_send_req
 .text.hci_user_evt_proc
                0x0000000008006818       0x40 Middlewares/ST/BlueNRG-2/hci/hci_tl_patterns/Basic/hci_tl.o
                0x0000000008006818                hci_user_evt_proc
 .text.hci_notify_asynch_evt
                0x0000000008006858       0x68 Middlewares/ST/BlueNRG-2/hci/hci_tl_patterns/Basic/hci_tl.o
                0x0000000008006858                hci_notify_asynch_evt
 .text.list_init_head
                0x00000000080068c0        0x6 Middlewares/ST/BlueNRG-2/utils/ble_list.o
                0x00000000080068c0                list_init_head
 .text.list_is_empty
                0x00000000080068c6       0x14 Middlewares/ST/BlueNRG-2/utils/ble_list.o
                0x00000000080068c6                list_is_empty
 .text.list_insert_head
                0x00000000080068da       0x18 Middlewares/ST/BlueNRG-2/utils/ble_list.o
                0x00000000080068da                list_insert_head
 .text.list_insert_tail
                0x00000000080068f2       0x18 Middlewares/ST/BlueNRG-2/utils/ble_list.o
                0x00000000080068f2                list_insert_tail
 .text.list_remove_node
                0x000000000800690a       0x14 Middlewares/ST/BlueNRG-2/utils/ble_list.o
                0x000000000800690a                list_remove_node
 .text.list_remove_head
                0x000000000800691e       0x22 Middlewares/ST/BlueNRG-2/utils/ble_list.o
                0x000000000800691e                list_remove_head
 .text.list_remove_tail
                0x0000000008006940       0x22 Middlewares/ST/BlueNRG-2/utils/ble_list.o
                0x0000000008006940                list_remove_tail
 .text.list_get_size
                0x0000000008006962       0x1c Middlewares/ST/BlueNRG-2/utils/ble_list.o
                0x0000000008006962                list_get_size
 *fill*         0x000000000800697e        0x2 
 .text.__libc_init_array
                0x0000000008006980       0x48 c:/st/stm32cubeide_1.3.0/stm32cubeide/plugins/com.st.stm32cube.ide.mcu.externaltools.gnu-tools-for-stm32.9-2020-q2-update.win32_1.5.0.202011040924/tools/bin/../lib/gcc/arm-none-eabi/9.3.1/../../../../arm-none-eabi/lib/thumb/v7e-m+fp/hard\libc_nano.a(lib_a-init.o)
                0x0000000008006980                __libc_init_array
 .text.memcpy   0x00000000080069c8       0x1c c:/st/stm32cubeide_1.3.0/stm32cubeide/plugins/com.st.stm32cube.ide.mcu.externaltools.gnu-tools-for-stm32.9-2020-q2-update.win32_1.5.0.202011040924/tools/bin/../lib/gcc/arm-none-eabi/9.3.1/../../../../arm-none-eabi/lib/thumb/v7e-m+fp/hard\libc_nano.a(lib_a-memcpy-stub.o)
                0x00000000080069c8                memcpy
 .text.memset   0x00000000080069e4       0x10 c:/st/stm32cubeide_1.3.0/stm32cubeide/plugins/com.st.stm32cube.ide.mcu.externaltools.gnu-tools-for-stm32.9-2020-q2-update.win32_1.5.0.202011040924/tools/bin/../lib/gcc/arm-none-eabi/9.3.1/../../../../arm-none-eabi/lib/thumb/v7e-m+fp/hard\libc_nano.a(lib_a-memset.o)
                0x00000000080069e4                memset
 .text.putchar  0x00000000080069f4       0x2c c:/st/stm32cubeide_1.3.0/stm32cubeide/plugins/com.st.stm32cube.ide.mcu.externaltools.gnu-tools-for-stm32.9-2020-q2-update.win32_1.5.0.202011040924/tools/bin/../lib/gcc/arm-none-eabi/9.3.1/../../../../arm-none-eabi/lib/thumb/v7e-m+fp/hard\libc_nano.a(lib_a-putchar.o)
                0x00000000080069f4                putchar
 .text.srand    0x0000000008006a20       0x5c c:/st/stm32cubeide_1.3.0/stm32cubeide/plugins/com.st.stm32cube.ide.mcu.externaltools.gnu-tools-for-stm32.9-2020-q2-update.win32_1.5.0.202011040924/tools/bin/../lib/gcc/arm-none-eabi/9.3.1/../../../../arm-none-eabi/lib/thumb/v7e-m+fp/hard\libc_nano.a(lib_a-rand.o)
                0x0000000008006a20                srand
 .text.rand     0x0000000008006a7c       0x80 c:/st/stm32cubeide_1.3.0/stm32cubeide/plugins/com.st.stm32cube.ide.mcu.externaltools.gnu-tools-for-stm32.9-2020-q2-update.win32_1.5.0.202011040924/tools/bin/../lib/gcc/arm-none-eabi/9.3.1/../../../../arm-none-eabi/lib/thumb/v7e-m+fp/hard\libc_nano.a(lib_a-rand.o)
                0x0000000008006a7c                rand
 .text.sprintf  0x0000000008006afc       0x40 c:/st/stm32cubeide_1.3.0/stm32cubeide/plugins/com.st.stm32cube.ide.mcu.externaltools.gnu-tools-for-stm32.9-2020-q2-update.win32_1.5.0.202011040924/tools/bin/../lib/gcc/arm-none-eabi/9.3.1/../../../../arm-none-eabi/lib/thumb/v7e-m+fp/hard\libc_nano.a(lib_a-sprintf.o)
                0x0000000008006afc                siprintf
                0x0000000008006afc                sprintf
 .text.strcpy   0x0000000008006b3c       0x10 c:/st/stm32cubeide_1.3.0/stm32cubeide/plugins/com.st.stm32cube.ide.mcu.externaltools.gnu-tools-for-stm32.9-2020-q2-update.win32_1.5.0.202011040924/tools/bin/../lib/gcc/arm-none-eabi/9.3.1/../../../../arm-none-eabi/lib/thumb/v7e-m+fp/hard\libc_nano.a(lib_a-strcpy.o)
                0x0000000008006b3c                strcpy
 .text.__assert_func
                0x0000000008006b4c       0x3c c:/st/stm32cubeide_1.3.0/stm32cubeide/plugins/com.st.stm32cube.ide.mcu.externaltools.gnu-tools-for-stm32.9-2020-q2-update.win32_1.5.0.202011040924/tools/bin/../lib/gcc/arm-none-eabi/9.3.1/../../../../arm-none-eabi/lib/thumb/v7e-m+fp/hard\libc_nano.a(lib_a-assert.o)
                0x0000000008006b4c                __assert_func
 .text.std      0x0000000008006b88       0x48 c:/st/stm32cubeide_1.3.0/stm32cubeide/plugins/com.st.stm32cube.ide.mcu.externaltools.gnu-tools-for-stm32.9-2020-q2-update.win32_1.5.0.202011040924/tools/bin/../lib/gcc/arm-none-eabi/9.3.1/../../../../arm-none-eabi/lib/thumb/v7e-m+fp/hard\libc_nano.a(lib_a-findfp.o)
 .text._cleanup_r
                0x0000000008006bd0        0xc c:/st/stm32cubeide_1.3.0/stm32cubeide/plugins/com.st.stm32cube.ide.mcu.externaltools.gnu-tools-for-stm32.9-2020-q2-update.win32_1.5.0.202011040924/tools/bin/../lib/gcc/arm-none-eabi/9.3.1/../../../../arm-none-eabi/lib/thumb/v7e-m+fp/hard\libc_nano.a(lib_a-findfp.o)
                0x0000000008006bd0                _cleanup_r
 .text.__sfmoreglue
                0x0000000008006bdc       0x2c c:/st/stm32cubeide_1.3.0/stm32cubeide/plugins/com.st.stm32cube.ide.mcu.externaltools.gnu-tools-for-stm32.9-2020-q2-update.win32_1.5.0.202011040924/tools/bin/../lib/gcc/arm-none-eabi/9.3.1/../../../../arm-none-eabi/lib/thumb/v7e-m+fp/hard\libc_nano.a(lib_a-findfp.o)
                0x0000000008006bdc                __sfmoreglue
 .text.__sfp_lock_acquire
                0x0000000008006c08        0xc c:/st/stm32cubeide_1.3.0/stm32cubeide/plugins/com.st.stm32cube.ide.mcu.externaltools.gnu-tools-for-stm32.9-2020-q2-update.win32_1.5.0.202011040924/tools/bin/../lib/gcc/arm-none-eabi/9.3.1/../../../../arm-none-eabi/lib/thumb/v7e-m+fp/hard\libc_nano.a(lib_a-findfp.o)
                0x0000000008006c08                __sfp_lock_acquire
 .text.__sfp_lock_release
                0x0000000008006c14        0xc c:/st/stm32cubeide_1.3.0/stm32cubeide/plugins/com.st.stm32cube.ide.mcu.externaltools.gnu-tools-for-stm32.9-2020-q2-update.win32_1.5.0.202011040924/tools/bin/../lib/gcc/arm-none-eabi/9.3.1/../../../../arm-none-eabi/lib/thumb/v7e-m+fp/hard\libc_nano.a(lib_a-findfp.o)
                0x0000000008006c14                __sfp_lock_release
 .text.__sinit_lock_acquire
                0x0000000008006c20        0xc c:/st/stm32cubeide_1.3.0/stm32cubeide/plugins/com.st.stm32cube.ide.mcu.externaltools.gnu-tools-for-stm32.9-2020-q2-update.win32_1.5.0.202011040924/tools/bin/../lib/gcc/arm-none-eabi/9.3.1/../../../../arm-none-eabi/lib/thumb/v7e-m+fp/hard\libc_nano.a(lib_a-findfp.o)
                0x0000000008006c20                __sinit_lock_acquire
 .text.__sinit_lock_release
                0x0000000008006c2c        0xc c:/st/stm32cubeide_1.3.0/stm32cubeide/plugins/com.st.stm32cube.ide.mcu.externaltools.gnu-tools-for-stm32.9-2020-q2-update.win32_1.5.0.202011040924/tools/bin/../lib/gcc/arm-none-eabi/9.3.1/../../../../arm-none-eabi/lib/thumb/v7e-m+fp/hard\libc_nano.a(lib_a-findfp.o)
                0x0000000008006c2c                __sinit_lock_release
 .text.__sinit  0x0000000008006c38       0x70 c:/st/stm32cubeide_1.3.0/stm32cubeide/plugins/com.st.stm32cube.ide.mcu.externaltools.gnu-tools-for-stm32.9-2020-q2-update.win32_1.5.0.202011040924/tools/bin/../lib/gcc/arm-none-eabi/9.3.1/../../../../arm-none-eabi/lib/thumb/v7e-m+fp/hard\libc_nano.a(lib_a-findfp.o)
                0x0000000008006c38                __sinit
 .text.__sfp    0x0000000008006ca8       0x8c c:/st/stm32cubeide_1.3.0/stm32cubeide/plugins/com.st.stm32cube.ide.mcu.externaltools.gnu-tools-for-stm32.9-2020-q2-update.win32_1.5.0.202011040924/tools/bin/../lib/gcc/arm-none-eabi/9.3.1/../../../../arm-none-eabi/lib/thumb/v7e-m+fp/hard\libc_nano.a(lib_a-findfp.o)
                0x0000000008006ca8                __sfp
 .text.fprintf  0x0000000008006d34       0x24 c:/st/stm32cubeide_1.3.0/stm32cubeide/plugins/com.st.stm32cube.ide.mcu.externaltools.gnu-tools-for-stm32.9-2020-q2-update.win32_1.5.0.202011040924/tools/bin/../lib/gcc/arm-none-eabi/9.3.1/../../../../arm-none-eabi/lib/thumb/v7e-m+fp/hard\libc_nano.a(lib_a-fprintf.o)
                0x0000000008006d34                fiprintf
                0x0000000008006d34                fprintf
 .text._fwalk_reent
                0x0000000008006d58       0x3e c:/st/stm32cubeide_1.3.0/stm32cubeide/plugins/com.st.stm32cube.ide.mcu.externaltools.gnu-tools-for-stm32.9-2020-q2-update.win32_1.5.0.202011040924/tools/bin/../lib/gcc/arm-none-eabi/9.3.1/../../../../arm-none-eabi/lib/thumb/v7e-m+fp/hard\libc_nano.a(lib_a-fwalk.o)
                0x0000000008006d58                _fwalk_reent
 .text.__retarget_lock_init_recursive
                0x0000000008006d96        0x2 c:/st/stm32cubeide_1.3.0/stm32cubeide/plugins/com.st.stm32cube.ide.mcu.externaltools.gnu-tools-for-stm32.9-2020-q2-update.win32_1.5.0.202011040924/tools/bin/../lib/gcc/arm-none-eabi/9.3.1/../../../../arm-none-eabi/lib/thumb/v7e-m+fp/hard\libc_nano.a(lib_a-lock.o)
                0x0000000008006d96                __retarget_lock_init_recursive
 .text.__retarget_lock_acquire_recursive
                0x0000000008006d98        0x2 c:/st/stm32cubeide_1.3.0/stm32cubeide/plugins/com.st.stm32cube.ide.mcu.externaltools.gnu-tools-for-stm32.9-2020-q2-update.win32_1.5.0.202011040924/tools/bin/../lib/gcc/arm-none-eabi/9.3.1/../../../../arm-none-eabi/lib/thumb/v7e-m+fp/hard\libc_nano.a(lib_a-lock.o)
                0x0000000008006d98                __retarget_lock_acquire_recursive
 .text.__retarget_lock_release_recursive
                0x0000000008006d9a        0x2 c:/st/stm32cubeide_1.3.0/stm32cubeide/plugins/com.st.stm32cube.ide.mcu.externaltools.gnu-tools-for-stm32.9-2020-q2-update.win32_1.5.0.202011040924/tools/bin/../lib/gcc/arm-none-eabi/9.3.1/../../../../arm-none-eabi/lib/thumb/v7e-m+fp/hard\libc_nano.a(lib_a-lock.o)
                0x0000000008006d9a                __retarget_lock_release_recursive
 .text.malloc   0x0000000008006d9c       0x10 c:/st/stm32cubeide_1.3.0/stm32cubeide/plugins/com.st.stm32cube.ide.mcu.externaltools.gnu-tools-for-stm32.9-2020-q2-update.win32_1.5.0.202011040924/tools/bin/../lib/gcc/arm-none-eabi/9.3.1/../../../../arm-none-eabi/lib/thumb/v7e-m+fp/hard\libc_nano.a(lib_a-malloc.o)
                0x0000000008006d9c                malloc
 .text._free_r  0x0000000008006dac       0xa0 c:/st/stm32cubeide_1.3.0/stm32cubeide/plugins/com.st.stm32cube.ide.mcu.externaltools.gnu-tools-for-stm32.9-2020-q2-update.win32_1.5.0.202011040924/tools/bin/../lib/gcc/arm-none-eabi/9.3.1/../../../../arm-none-eabi/lib/thumb/v7e-m+fp/hard\libc_nano.a(lib_a-nano-freer.o)
                0x0000000008006dac                _free_r
 .text._malloc_r
                0x0000000008006e4c       0xb4 c:/st/stm32cubeide_1.3.0/stm32cubeide/plugins/com.st.stm32cube.ide.mcu.externaltools.gnu-tools-for-stm32.9-2020-q2-update.win32_1.5.0.202011040924/tools/bin/../lib/gcc/arm-none-eabi/9.3.1/../../../../arm-none-eabi/lib/thumb/v7e-m+fp/hard\libc_nano.a(lib_a-nano-mallocr.o)
                0x0000000008006e4c                _malloc_r
 .text.__ssputs_r
                0x0000000008006f00       0xb6 c:/st/stm32cubeide_1.3.0/stm32cubeide/plugins/com.st.stm32cube.ide.mcu.externaltools.gnu-tools-for-stm32.9-2020-q2-update.win32_1.5.0.202011040924/tools/bin/../lib/gcc/arm-none-eabi/9.3.1/../../../../arm-none-eabi/lib/thumb/v7e-m+fp/hard\libc_nano.a(lib_a-nano-svfprintf.o)
                0x0000000008006f00                __ssputs_r
 *fill*         0x0000000008006fb6        0x2 
 .text._svfprintf_r
                0x0000000008006fb8      0x200 c:/st/stm32cubeide_1.3.0/stm32cubeide/plugins/com.st.stm32cube.ide.mcu.externaltools.gnu-tools-for-stm32.9-2020-q2-update.win32_1.5.0.202011040924/tools/bin/../lib/gcc/arm-none-eabi/9.3.1/../../../../arm-none-eabi/lib/thumb/v7e-m+fp/hard\libc_nano.a(lib_a-nano-svfprintf.o)
                0x0000000008006fb8                _svfiprintf_r
                0x0000000008006fb8                _svfprintf_r
 .text.__sfputc_r
                0x00000000080071b8       0x2e c:/st/stm32cubeide_1.3.0/stm32cubeide/plugins/com.st.stm32cube.ide.mcu.externaltools.gnu-tools-for-stm32.9-2020-q2-update.win32_1.5.0.202011040924/tools/bin/../lib/gcc/arm-none-eabi/9.3.1/../../../../arm-none-eabi/lib/thumb/v7e-m+fp/hard\libc_nano.a(lib_a-nano-vfprintf.o)
 .text.__sfputs_r
                0x00000000080071e6       0x24 c:/st/stm32cubeide_1.3.0/stm32cubeide/plugins/com.st.stm32cube.ide.mcu.externaltools.gnu-tools-for-stm32.9-2020-q2-update.win32_1.5.0.202011040924/tools/bin/../lib/gcc/arm-none-eabi/9.3.1/../../../../arm-none-eabi/lib/thumb/v7e-m+fp/hard\libc_nano.a(lib_a-nano-vfprintf.o)
                0x00000000080071e6                __sfputs_r
 *fill*         0x000000000800720a        0x2 
 .text._vfprintf_r
                0x000000000800720c      0x260 c:/st/stm32cubeide_1.3.0/stm32cubeide/plugins/com.st.stm32cube.ide.mcu.externaltools.gnu-tools-for-stm32.9-2020-q2-update.win32_1.5.0.202011040924/tools/bin/../lib/gcc/arm-none-eabi/9.3.1/../../../../arm-none-eabi/lib/thumb/v7e-m+fp/hard\libc_nano.a(lib_a-nano-vfprintf.o)
                0x000000000800720c                _vfprintf_r
                0x000000000800720c                _vfiprintf_r
 .text._printf_common
                0x000000000800746c       0xda c:/st/stm32cubeide_1.3.0/stm32cubeide/plugins/com.st.stm32cube.ide.mcu.externaltools.gnu-tools-for-stm32.9-2020-q2-update.win32_1.5.0.202011040924/tools/bin/../lib/gcc/arm-none-eabi/9.3.1/../../../../arm-none-eabi/lib/thumb/v7e-m+fp/hard\libc_nano.a(lib_a-nano-vfprintf_i.o)
                0x000000000800746c                _printf_common
 *fill*         0x0000000008007546        0x2 
 .text._printf_i
                0x0000000008007548      0x24c c:/st/stm32cubeide_1.3.0/stm32cubeide/plugins/com.st.stm32cube.ide.mcu.externaltools.gnu-tools-for-stm32.9-2020-q2-update.win32_1.5.0.202011040924/tools/bin/../lib/gcc/arm-none-eabi/9.3.1/../../../../arm-none-eabi/lib/thumb/v7e-m+fp/hard\libc_nano.a(lib_a-nano-vfprintf_i.o)
                0x0000000008007548                _printf_i
 .text._putc_r  0x0000000008007794       0x90 c:/st/stm32cubeide_1.3.0/stm32cubeide/plugins/com.st.stm32cube.ide.mcu.externaltools.gnu-tools-for-stm32.9-2020-q2-update.win32_1.5.0.202011040924/tools/bin/../lib/gcc/arm-none-eabi/9.3.1/../../../../arm-none-eabi/lib/thumb/v7e-m+fp/hard\libc_nano.a(lib_a-putc.o)
                0x0000000008007794                _putc_r
 .text._sbrk_r  0x0000000008007824       0x20 c:/st/stm32cubeide_1.3.0/stm32cubeide/plugins/com.st.stm32cube.ide.mcu.externaltools.gnu-tools-for-stm32.9-2020-q2-update.win32_1.5.0.202011040924/tools/bin/../lib/gcc/arm-none-eabi/9.3.1/../../../../arm-none-eabi/lib/thumb/v7e-m+fp/hard\libc_nano.a(lib_a-sbrkr.o)
                0x0000000008007824                _sbrk_r
 .text.__sread  0x0000000008007844       0x22 c:/st/stm32cubeide_1.3.0/stm32cubeide/plugins/com.st.stm32cube.ide.mcu.externaltools.gnu-tools-for-stm32.9-2020-q2-update.win32_1.5.0.202011040924/tools/bin/../lib/gcc/arm-none-eabi/9.3.1/../../../../arm-none-eabi/lib/thumb/v7e-m+fp/hard\libc_nano.a(lib_a-stdio.o)
                0x0000000008007844                __sread
 .text.__swrite
                0x0000000008007866       0x38 c:/st/stm32cubeide_1.3.0/stm32cubeide/plugins/com.st.stm32cube.ide.mcu.externaltools.gnu-tools-for-stm32.9-2020-q2-update.win32_1.5.0.202011040924/tools/bin/../lib/gcc/arm-none-eabi/9.3.1/../../../../arm-none-eabi/lib/thumb/v7e-m+fp/hard\libc_nano.a(lib_a-stdio.o)
                0x0000000008007866                __swrite
 .text.__sseek  0x000000000800789e       0x24 c:/st/stm32cubeide_1.3.0/stm32cubeide/plugins/com.st.stm32cube.ide.mcu.externaltools.gnu-tools-for-stm32.9-2020-q2-update.win32_1.5.0.202011040924/tools/bin/../lib/gcc/arm-none-eabi/9.3.1/../../../../arm-none-eabi/lib/thumb/v7e-m+fp/hard\libc_nano.a(lib_a-stdio.o)
                0x000000000800789e                __sseek
 .text.__sclose
                0x00000000080078c2        0x8 c:/st/stm32cubeide_1.3.0/stm32cubeide/plugins/com.st.stm32cube.ide.mcu.externaltools.gnu-tools-for-stm32.9-2020-q2-update.win32_1.5.0.202011040924/tools/bin/../lib/gcc/arm-none-eabi/9.3.1/../../../../arm-none-eabi/lib/thumb/v7e-m+fp/hard\libc_nano.a(lib_a-stdio.o)
                0x00000000080078c2                __sclose
 *fill*         0x00000000080078ca        0x2 
 .text.__swbuf_r
                0x00000000080078cc       0xa4 c:/st/stm32cubeide_1.3.0/stm32cubeide/plugins/com.st.stm32cube.ide.mcu.externaltools.gnu-tools-for-stm32.9-2020-q2-update.win32_1.5.0.202011040924/tools/bin/../lib/gcc/arm-none-eabi/9.3.1/../../../../arm-none-eabi/lib/thumb/v7e-m+fp/hard\libc_nano.a(lib_a-wbuf.o)
                0x00000000080078cc                __swbuf_r
 .text._write_r
                0x0000000008007970       0x24 c:/st/stm32cubeide_1.3.0/stm32cubeide/plugins/com.st.stm32cube.ide.mcu.externaltools.gnu-tools-for-stm32.9-2020-q2-update.win32_1.5.0.202011040924/tools/bin/../lib/gcc/arm-none-eabi/9.3.1/../../../../arm-none-eabi/lib/thumb/v7e-m+fp/hard\libc_nano.a(lib_a-writer.o)
                0x0000000008007970                _write_r
 .text.__swsetup_r
                0x0000000008007994       0xdc c:/st/stm32cubeide_1.3.0/stm32cubeide/plugins/com.st.stm32cube.ide.mcu.externaltools.gnu-tools-for-stm32.9-2020-q2-update.win32_1.5.0.202011040924/tools/bin/../lib/gcc/arm-none-eabi/9.3.1/../../../../arm-none-eabi/lib/thumb/v7e-m+fp/hard\libc_nano.a(lib_a-wsetup.o)
                0x0000000008007994                __swsetup_r
 .text.abort    0x0000000008007a70        0xe c:/st/stm32cubeide_1.3.0/stm32cubeide/plugins/com.st.stm32cube.ide.mcu.externaltools.gnu-tools-for-stm32.9-2020-q2-update.win32_1.5.0.202011040924/tools/bin/../lib/gcc/arm-none-eabi/9.3.1/../../../../arm-none-eabi/lib/thumb/v7e-m+fp/hard\libc_nano.a(lib_a-abort.o)
                0x0000000008007a70                abort
 *fill*         0x0000000008007a7e        0x2 
 .text._close_r
                0x0000000008007a80       0x20 c:/st/stm32cubeide_1.3.0/stm32cubeide/plugins/com.st.stm32cube.ide.mcu.externaltools.gnu-tools-for-stm32.9-2020-q2-update.win32_1.5.0.202011040924/tools/bin/../lib/gcc/arm-none-eabi/9.3.1/../../../../arm-none-eabi/lib/thumb/v7e-m+fp/hard\libc_nano.a(lib_a-closer.o)
                0x0000000008007a80                _close_r
 .text.__sflush_r
                0x0000000008007aa0      0x10c c:/st/stm32cubeide_1.3.0/stm32cubeide/plugins/com.st.stm32cube.ide.mcu.externaltools.gnu-tools-for-stm32.9-2020-q2-update.win32_1.5.0.202011040924/tools/bin/../lib/gcc/arm-none-eabi/9.3.1/../../../../arm-none-eabi/lib/thumb/v7e-m+fp/hard\libc_nano.a(lib_a-fflush.o)
                0x0000000008007aa0                __sflush_r
 .text._fflush_r
                0x0000000008007bac       0x78 c:/st/stm32cubeide_1.3.0/stm32cubeide/plugins/com.st.stm32cube.ide.mcu.externaltools.gnu-tools-for-stm32.9-2020-q2-update.win32_1.5.0.202011040924/tools/bin/../lib/gcc/arm-none-eabi/9.3.1/../../../../arm-none-eabi/lib/thumb/v7e-m+fp/hard\libc_nano.a(lib_a-fflush.o)
                0x0000000008007bac                _fflush_r
 .text._lseek_r
                0x0000000008007c24       0x24 c:/st/stm32cubeide_1.3.0/stm32cubeide/plugins/com.st.stm32cube.ide.mcu.externaltools.gnu-tools-for-stm32.9-2020-q2-update.win32_1.5.0.202011040924/tools/bin/../lib/gcc/arm-none-eabi/9.3.1/../../../../arm-none-eabi/lib/thumb/v7e-m+fp/hard\libc_nano.a(lib_a-lseekr.o)
                0x0000000008007c24                _lseek_r
 .text.__swhatbuf_r
                0x0000000008007c48       0x48 c:/st/stm32cubeide_1.3.0/stm32cubeide/plugins/com.st.stm32cube.ide.mcu.externaltools.gnu-tools-for-stm32.9-2020-q2-update.win32_1.5.0.202011040924/tools/bin/../lib/gcc/arm-none-eabi/9.3.1/../../../../arm-none-eabi/lib/thumb/v7e-m+fp/hard\libc_nano.a(lib_a-makebuf.o)
                0x0000000008007c48                __swhatbuf_r
 .text.__smakebuf_r
                0x0000000008007c90       0x80 c:/st/stm32cubeide_1.3.0/stm32cubeide/plugins/com.st.stm32cube.ide.mcu.externaltools.gnu-tools-for-stm32.9-2020-q2-update.win32_1.5.0.202011040924/tools/bin/../lib/gcc/arm-none-eabi/9.3.1/../../../../arm-none-eabi/lib/thumb/v7e-m+fp/hard\libc_nano.a(lib_a-makebuf.o)
                0x0000000008007c90                __smakebuf_r
 .text.memmove  0x0000000008007d10       0x34 c:/st/stm32cubeide_1.3.0/stm32cubeide/plugins/com.st.stm32cube.ide.mcu.externaltools.gnu-tools-for-stm32.9-2020-q2-update.win32_1.5.0.202011040924/tools/bin/../lib/gcc/arm-none-eabi/9.3.1/../../../../arm-none-eabi/lib/thumb/v7e-m+fp/hard\libc_nano.a(lib_a-memmove.o)
                0x0000000008007d10                memmove
 .text.__malloc_lock
                0x0000000008007d44        0xc c:/st/stm32cubeide_1.3.0/stm32cubeide/plugins/com.st.stm32cube.ide.mcu.externaltools.gnu-tools-for-stm32.9-2020-q2-update.win32_1.5.0.202011040924/tools/bin/../lib/gcc/arm-none-eabi/9.3.1/../../../../arm-none-eabi/lib/thumb/v7e-m+fp/hard\libc_nano.a(lib_a-mlock.o)
                0x0000000008007d44                __malloc_lock
 .text.__malloc_unlock
                0x0000000008007d50        0xc c:/st/stm32cubeide_1.3.0/stm32cubeide/plugins/com.st.stm32cube.ide.mcu.externaltools.gnu-tools-for-stm32.9-2020-q2-update.win32_1.5.0.202011040924/tools/bin/../lib/gcc/arm-none-eabi/9.3.1/../../../../arm-none-eabi/lib/thumb/v7e-m+fp/hard\libc_nano.a(lib_a-mlock.o)
                0x0000000008007d50                __malloc_unlock
 .text._realloc_r
                0x0000000008007d5c       0x4c c:/st/stm32cubeide_1.3.0/stm32cubeide/plugins/com.st.stm32cube.ide.mcu.externaltools.gnu-tools-for-stm32.9-2020-q2-update.win32_1.5.0.202011040924/tools/bin/../lib/gcc/arm-none-eabi/9.3.1/../../../../arm-none-eabi/lib/thumb/v7e-m+fp/hard\libc_nano.a(lib_a-nano-reallocr.o)
                0x0000000008007d5c                _realloc_r
 .text._read_r  0x0000000008007da8       0x24 c:/st/stm32cubeide_1.3.0/stm32cubeide/plugins/com.st.stm32cube.ide.mcu.externaltools.gnu-tools-for-stm32.9-2020-q2-update.win32_1.5.0.202011040924/tools/bin/../lib/gcc/arm-none-eabi/9.3.1/../../../../arm-none-eabi/lib/thumb/v7e-m+fp/hard\libc_nano.a(lib_a-readr.o)
                0x0000000008007da8                _read_r
 .text._raise_r
                0x0000000008007dcc       0x50 c:/st/stm32cubeide_1.3.0/stm32cubeide/plugins/com.st.stm32cube.ide.mcu.externaltools.gnu-tools-for-stm32.9-2020-q2-update.win32_1.5.0.202011040924/tools/bin/../lib/gcc/arm-none-eabi/9.3.1/../../../../arm-none-eabi/lib/thumb/v7e-m+fp/hard\libc_nano.a(lib_a-signal.o)
                0x0000000008007dcc                _raise_r
 .text.raise    0x0000000008007e1c       0x10 c:/st/stm32cubeide_1.3.0/stm32cubeide/plugins/com.st.stm32cube.ide.mcu.externaltools.gnu-tools-for-stm32.9-2020-q2-update.win32_1.5.0.202011040924/tools/bin/../lib/gcc/arm-none-eabi/9.3.1/../../../../arm-none-eabi/lib/thumb/v7e-m+fp/hard\libc_nano.a(lib_a-signal.o)
                0x0000000008007e1c                raise
 .text._kill_r  0x0000000008007e2c       0x24 c:/st/stm32cubeide_1.3.0/stm32cubeide/plugins/com.st.stm32cube.ide.mcu.externaltools.gnu-tools-for-stm32.9-2020-q2-update.win32_1.5.0.202011040924/tools/bin/../lib/gcc/arm-none-eabi/9.3.1/../../../../arm-none-eabi/lib/thumb/v7e-m+fp/hard\libc_nano.a(lib_a-signalr.o)
                0x0000000008007e2c                _kill_r
 .text._getpid_r
                0x0000000008007e50        0x4 c:/st/stm32cubeide_1.3.0/stm32cubeide/plugins/com.st.stm32cube.ide.mcu.externaltools.gnu-tools-for-stm32.9-2020-q2-update.win32_1.5.0.202011040924/tools/bin/../lib/gcc/arm-none-eabi/9.3.1/../../../../arm-none-eabi/lib/thumb/v7e-m+fp/hard\libc_nano.a(lib_a-signalr.o)
                0x0000000008007e50                _getpid_r
 .text._fstat_r
                0x0000000008007e54       0x24 c:/st/stm32cubeide_1.3.0/stm32cubeide/plugins/com.st.stm32cube.ide.mcu.externaltools.gnu-tools-for-stm32.9-2020-q2-update.win32_1.5.0.202011040924/tools/bin/../lib/gcc/arm-none-eabi/9.3.1/../../../../arm-none-eabi/lib/thumb/v7e-m+fp/hard\libc_nano.a(lib_a-fstatr.o)
                0x0000000008007e54                _fstat_r
 .text._isatty_r
                0x0000000008007e78       0x20 c:/st/stm32cubeide_1.3.0/stm32cubeide/plugins/com.st.stm32cube.ide.mcu.externaltools.gnu-tools-for-stm32.9-2020-q2-update.win32_1.5.0.202011040924/tools/bin/../lib/gcc/arm-none-eabi/9.3.1/../../../../arm-none-eabi/lib/thumb/v7e-m+fp/hard\libc_nano.a(lib_a-isattyr.o)
                0x0000000008007e78                _isatty_r
 .text._malloc_usable_size_r
                0x0000000008007e98       0x10 c:/st/stm32cubeide_1.3.0/stm32cubeide/plugins/com.st.stm32cube.ide.mcu.externaltools.gnu-tools-for-stm32.9-2020-q2-update.win32_1.5.0.202011040924/tools/bin/../lib/gcc/arm-none-eabi/9.3.1/../../../../arm-none-eabi/lib/thumb/v7e-m+fp/hard\libc_nano.a(lib_a-nano-msizer.o)
                0x0000000008007e98                _malloc_usable_size_r
 .text._close   0x0000000008007ea8       0x10 c:/st/stm32cubeide_1.3.0/stm32cubeide/plugins/com.st.stm32cube.ide.mcu.externaltools.gnu-tools-for-stm32.9-2020-q2-update.win32_1.5.0.202011040924/tools/bin/../lib/gcc/arm-none-eabi/9.3.1/../../../../arm-none-eabi/lib/thumb/v7e-m+fp/hard\libnosys.a(close.o)
                0x0000000008007ea8                _close
 .text._fstat   0x0000000008007eb8       0x10 c:/st/stm32cubeide_1.3.0/stm32cubeide/plugins/com.st.stm32cube.ide.mcu.externaltools.gnu-tools-for-stm32.9-2020-q2-update.win32_1.5.0.202011040924/tools/bin/../lib/gcc/arm-none-eabi/9.3.1/../../../../arm-none-eabi/lib/thumb/v7e-m+fp/hard\libnosys.a(fstat.o)
                0x0000000008007eb8                _fstat
 .text._getpid  0x0000000008007ec8       0x10 c:/st/stm32cubeide_1.3.0/stm32cubeide/plugins/com.st.stm32cube.ide.mcu.externaltools.gnu-tools-for-stm32.9-2020-q2-update.win32_1.5.0.202011040924/tools/bin/../lib/gcc/arm-none-eabi/9.3.1/../../../../arm-none-eabi/lib/thumb/v7e-m+fp/hard\libnosys.a(getpid.o)
                0x0000000008007ec8                _getpid
 .text._isatty  0x0000000008007ed8       0x10 c:/st/stm32cubeide_1.3.0/stm32cubeide/plugins/com.st.stm32cube.ide.mcu.externaltools.gnu-tools-for-stm32.9-2020-q2-update.win32_1.5.0.202011040924/tools/bin/../lib/gcc/arm-none-eabi/9.3.1/../../../../arm-none-eabi/lib/thumb/v7e-m+fp/hard\libnosys.a(isatty.o)
                0x0000000008007ed8                _isatty
 .text._kill    0x0000000008007ee8       0x10 c:/st/stm32cubeide_1.3.0/stm32cubeide/plugins/com.st.stm32cube.ide.mcu.externaltools.gnu-tools-for-stm32.9-2020-q2-update.win32_1.5.0.202011040924/tools/bin/../lib/gcc/arm-none-eabi/9.3.1/../../../../arm-none-eabi/lib/thumb/v7e-m+fp/hard\libnosys.a(kill.o)
                0x0000000008007ee8                _kill
 .text._lseek   0x0000000008007ef8       0x10 c:/st/stm32cubeide_1.3.0/stm32cubeide/plugins/com.st.stm32cube.ide.mcu.externaltools.gnu-tools-for-stm32.9-2020-q2-update.win32_1.5.0.202011040924/tools/bin/../lib/gcc/arm-none-eabi/9.3.1/../../../../arm-none-eabi/lib/thumb/v7e-m+fp/hard\libnosys.a(lseek.o)
                0x0000000008007ef8                _lseek
 .text._read    0x0000000008007f08       0x10 c:/st/stm32cubeide_1.3.0/stm32cubeide/plugins/com.st.stm32cube.ide.mcu.externaltools.gnu-tools-for-stm32.9-2020-q2-update.win32_1.5.0.202011040924/tools/bin/../lib/gcc/arm-none-eabi/9.3.1/../../../../arm-none-eabi/lib/thumb/v7e-m+fp/hard\libnosys.a(read.o)
                0x0000000008007f08                _read
 .text._sbrk    0x0000000008007f18       0x1c c:/st/stm32cubeide_1.3.0/stm32cubeide/plugins/com.st.stm32cube.ide.mcu.externaltools.gnu-tools-for-stm32.9-2020-q2-update.win32_1.5.0.202011040924/tools/bin/../lib/gcc/arm-none-eabi/9.3.1/../../../../arm-none-eabi/lib/thumb/v7e-m+fp/hard\libnosys.a(sbrk.o)
                0x0000000008007f18                _sbrk
 .text._write   0x0000000008007f34       0x10 c:/st/stm32cubeide_1.3.0/stm32cubeide/plugins/com.st.stm32cube.ide.mcu.externaltools.gnu-tools-for-stm32.9-2020-q2-update.win32_1.5.0.202011040924/tools/bin/../lib/gcc/arm-none-eabi/9.3.1/../../../../arm-none-eabi/lib/thumb/v7e-m+fp/hard\libnosys.a(write.o)
                0x0000000008007f34                _write
 .text._exit    0x0000000008007f44        0x2 c:/st/stm32cubeide_1.3.0/stm32cubeide/plugins/com.st.stm32cube.ide.mcu.externaltools.gnu-tools-for-stm32.9-2020-q2-update.win32_1.5.0.202011040924/tools/bin/../lib/gcc/arm-none-eabi/9.3.1/../../../../arm-none-eabi/lib/thumb/v7e-m+fp/hard\libnosys.a(_exit.o)
                0x0000000008007f44                _exit
 *(.glue_7)
 .glue_7        0x0000000008007f46        0x0 linker stubs
 *(.glue_7t)
 .glue_7t       0x0000000008007f46        0x0 linker stubs
 *(.eh_frame)
 *fill*         0x0000000008007f46        0x2 
 .eh_frame      0x0000000008007f48        0x0 c:/st/stm32cubeide_1.3.0/stm32cubeide/plugins/com.st.stm32cube.ide.mcu.externaltools.gnu-tools-for-stm32.9-2020-q2-update.win32_1.5.0.202011040924/tools/bin/../lib/gcc/arm-none-eabi/9.3.1/thumb/v7e-m+fp/hard/crtbegin.o
 *(.init)
 .init          0x0000000008007f48        0x4 c:/st/stm32cubeide_1.3.0/stm32cubeide/plugins/com.st.stm32cube.ide.mcu.externaltools.gnu-tools-for-stm32.9-2020-q2-update.win32_1.5.0.202011040924/tools/bin/../lib/gcc/arm-none-eabi/9.3.1/thumb/v7e-m+fp/hard/crti.o
                0x0000000008007f48                _init
 .init          0x0000000008007f4c        0x8 c:/st/stm32cubeide_1.3.0/stm32cubeide/plugins/com.st.stm32cube.ide.mcu.externaltools.gnu-tools-for-stm32.9-2020-q2-update.win32_1.5.0.202011040924/tools/bin/../lib/gcc/arm-none-eabi/9.3.1/thumb/v7e-m+fp/hard/crtn.o
 *(.fini)
 .fini          0x0000000008007f54        0x4 c:/st/stm32cubeide_1.3.0/stm32cubeide/plugins/com.st.stm32cube.ide.mcu.externaltools.gnu-tools-for-stm32.9-2020-q2-update.win32_1.5.0.202011040924/tools/bin/../lib/gcc/arm-none-eabi/9.3.1/thumb/v7e-m+fp/hard/crti.o
                0x0000000008007f54                _fini
 .fini          0x0000000008007f58        0x8 c:/st/stm32cubeide_1.3.0/stm32cubeide/plugins/com.st.stm32cube.ide.mcu.externaltools.gnu-tools-for-stm32.9-2020-q2-update.win32_1.5.0.202011040924/tools/bin/../lib/gcc/arm-none-eabi/9.3.1/thumb/v7e-m+fp/hard/crtn.o
                0x0000000008007f60                . = ALIGN (0x4)
                0x0000000008007f60                _etext = .

.vfp11_veneer   0x0000000008007f60        0x0
 .vfp11_veneer  0x0000000008007f60        0x0 linker stubs

.v4_bx          0x0000000008007f60        0x0
 .v4_bx         0x0000000008007f60        0x0 linker stubs

.iplt           0x0000000008007f60        0x0
 .iplt          0x0000000008007f60        0x0 c:/st/stm32cubeide_1.3.0/stm32cubeide/plugins/com.st.stm32cube.ide.mcu.externaltools.gnu-tools-for-stm32.9-2020-q2-update.win32_1.5.0.202011040924/tools/bin/../lib/gcc/arm-none-eabi/9.3.1/thumb/v7e-m+fp/hard/crtbegin.o

.rodata         0x0000000008007f60    0x640ac
                0x0000000008007f60                . = ALIGN (0x4)
 *(.rodata)
 .rodata        0x0000000008007f60        0xa BlueNRG_2/Target/hci_tl_interface.o
 *(.rodata*)
 .rodata.MX_BlueNRG_2_Init.str1.1
                0x0000000008007f6a        0x0 BlueNRG_2/App/app_bluenrg_2.o
                                          0x8 (size before relaxing)
 .rodata.Set_DeviceConnectable.str1.1
                0x0000000008007f6a        0x9 BlueNRG_2/App/sensor.o
 .rodata.mono5x8_bitmap
                0x0000000008007f73      0x325 Core/Src/bd663474.o
 .rodata.Monospac821_BT39x64
                0x0000000008008298     0xeac8 Core/Src/fonts.o
                0x0000000008008298                Monospac821_BT39x64
 .rodata.Tahoma25x28
                0x0000000008016d60     0x4bc8 Core/Src/fonts.o
                0x0000000008016d60                Tahoma25x28
 .rodata.nanum_28x26
                0x000000000801b928     0x54c8 Core/Src/fonts.o
                0x000000000801b928                nanum_28x26
 .rodata.MainLCDDisplayMode.str1.1
                0x0000000008020df0       0x67 Core/Src/main.o
                                         0x6e (size before relaxing)
 *fill*         0x0000000008020e57        0x1 
 .rodata.IMG_BALLOON
                0x0000000008020e58    0x25800 Core/Src/main.o
                0x0000000008020e58                IMG_BALLOON
 .rodata.IMG_F14
                0x0000000008046658    0x25800 Core/Src/main.o
                0x0000000008046658                IMG_F14
 .rodata.AHBPrescTable
                0x000000000806be58       0x10 Core/Src/system_stm32f4xx.o
                0x000000000806be58                AHBPrescTable
 .rodata.APBPrescTable
                0x000000000806be68        0x8 Core/Src/system_stm32f4xx.o
                0x000000000806be68                APBPrescTable
 .rodata.hci_le_meta_events_table
                0x000000000806be70       0x50 Middlewares/ST/BlueNRG-2/hci/bluenrg1_events.o
                0x000000000806be70                hci_le_meta_events_table
 .rodata._global_impure_ptr
                0x000000000806bec0        0x4 c:/st/stm32cubeide_1.3.0/stm32cubeide/plugins/com.st.stm32cube.ide.mcu.externaltools.gnu-tools-for-stm32.9-2020-q2-update.win32_1.5.0.202011040924/tools/bin/../lib/gcc/arm-none-eabi/9.3.1/../../../../arm-none-eabi/lib/thumb/v7e-m+fp/hard\libc_nano.a(lib_a-impure.o)
                0x000000000806bec0                _global_impure_ptr
 .rodata.srand.str1.1
                0x000000000806bec4       0x76 c:/st/stm32cubeide_1.3.0/stm32cubeide/plugins/com.st.stm32cube.ide.mcu.externaltools.gnu-tools-for-stm32.9-2020-q2-update.win32_1.5.0.202011040924/tools/bin/../lib/gcc/arm-none-eabi/9.3.1/../../../../arm-none-eabi/lib/thumb/v7e-m+fp/hard\libc_nano.a(lib_a-rand.o)
 .rodata.__assert_func.str1.1
                0x000000000806bf3a       0x3c c:/st/stm32cubeide_1.3.0/stm32cubeide/plugins/com.st.stm32cube.ide.mcu.externaltools.gnu-tools-for-stm32.9-2020-q2-update.win32_1.5.0.202011040924/tools/bin/../lib/gcc/arm-none-eabi/9.3.1/../../../../arm-none-eabi/lib/thumb/v7e-m+fp/hard\libc_nano.a(lib_a-assert.o)
                                         0x3d (size before relaxing)
 *fill*         0x000000000806bf76        0x2 
 .rodata.__sf_fake_stderr
                0x000000000806bf78       0x20 c:/st/stm32cubeide_1.3.0/stm32cubeide/plugins/com.st.stm32cube.ide.mcu.externaltools.gnu-tools-for-stm32.9-2020-q2-update.win32_1.5.0.202011040924/tools/bin/../lib/gcc/arm-none-eabi/9.3.1/../../../../arm-none-eabi/lib/thumb/v7e-m+fp/hard\libc_nano.a(lib_a-findfp.o)
                0x000000000806bf78                __sf_fake_stderr
 .rodata.__sf_fake_stdin
                0x000000000806bf98       0x20 c:/st/stm32cubeide_1.3.0/stm32cubeide/plugins/com.st.stm32cube.ide.mcu.externaltools.gnu-tools-for-stm32.9-2020-q2-update.win32_1.5.0.202011040924/tools/bin/../lib/gcc/arm-none-eabi/9.3.1/../../../../arm-none-eabi/lib/thumb/v7e-m+fp/hard\libc_nano.a(lib_a-findfp.o)
                0x000000000806bf98                __sf_fake_stdin
 .rodata.__sf_fake_stdout
                0x000000000806bfb8       0x20 c:/st/stm32cubeide_1.3.0/stm32cubeide/plugins/com.st.stm32cube.ide.mcu.externaltools.gnu-tools-for-stm32.9-2020-q2-update.win32_1.5.0.202011040924/tools/bin/../lib/gcc/arm-none-eabi/9.3.1/../../../../arm-none-eabi/lib/thumb/v7e-m+fp/hard\libc_nano.a(lib_a-findfp.o)
                0x000000000806bfb8                __sf_fake_stdout
 .rodata._svfprintf_r.str1.1
                0x000000000806bfd8       0x11 c:/st/stm32cubeide_1.3.0/stm32cubeide/plugins/com.st.stm32cube.ide.mcu.externaltools.gnu-tools-for-stm32.9-2020-q2-update.win32_1.5.0.202011040924/tools/bin/../lib/gcc/arm-none-eabi/9.3.1/../../../../arm-none-eabi/lib/thumb/v7e-m+fp/hard\libc_nano.a(lib_a-nano-svfprintf.o)
 .rodata._vfprintf_r.str1.1
                0x000000000806bfe9       0x11 c:/st/stm32cubeide_1.3.0/stm32cubeide/plugins/com.st.stm32cube.ide.mcu.externaltools.gnu-tools-for-stm32.9-2020-q2-update.win32_1.5.0.202011040924/tools/bin/../lib/gcc/arm-none-eabi/9.3.1/../../../../arm-none-eabi/lib/thumb/v7e-m+fp/hard\libc_nano.a(lib_a-nano-vfprintf.o)
 .rodata._printf_i.str1.1
                0x000000000806bfe9       0x22 c:/st/stm32cubeide_1.3.0/stm32cubeide/plugins/com.st.stm32cube.ide.mcu.externaltools.gnu-tools-for-stm32.9-2020-q2-update.win32_1.5.0.202011040924/tools/bin/../lib/gcc/arm-none-eabi/9.3.1/../../../../arm-none-eabi/lib/thumb/v7e-m+fp/hard\libc_nano.a(lib_a-nano-vfprintf_i.o)
                0x000000000806c00c                . = ALIGN (0x4)
 *fill*         0x000000000806c00b        0x1 

.ARM.extab      0x000000000806c00c        0x0
                0x000000000806c00c                . = ALIGN (0x4)
 *(.ARM.extab* .gnu.linkonce.armextab.*)
                0x000000000806c00c                . = ALIGN (0x4)

.ARM            0x000000000806c00c        0x8
                0x000000000806c00c                . = ALIGN (0x4)
                0x000000000806c00c                __exidx_start = .
 *(.ARM.exidx*)
 .ARM.exidx     0x000000000806c00c        0x8 c:/st/stm32cubeide_1.3.0/stm32cubeide/plugins/com.st.stm32cube.ide.mcu.externaltools.gnu-tools-for-stm32.9-2020-q2-update.win32_1.5.0.202011040924/tools/bin/../lib/gcc/arm-none-eabi/9.3.1/thumb/v7e-m+fp/hard\libgcc.a(_udivmoddi4.o)
                0x000000000806c014                __exidx_end = .
                0x000000000806c014                . = ALIGN (0x4)

.rel.dyn        0x000000000806c014        0x0
 .rel.iplt      0x000000000806c014        0x0 c:/st/stm32cubeide_1.3.0/stm32cubeide/plugins/com.st.stm32cube.ide.mcu.externaltools.gnu-tools-for-stm32.9-2020-q2-update.win32_1.5.0.202011040924/tools/bin/../lib/gcc/arm-none-eabi/9.3.1/thumb/v7e-m+fp/hard/crtbegin.o

.preinit_array  0x000000000806c014        0x0
                0x000000000806c014                . = ALIGN (0x4)
                0x000000000806c014                PROVIDE (__preinit_array_start = .)
 *(.preinit_array*)
                0x000000000806c014                PROVIDE (__preinit_array_end = .)
                0x000000000806c014                . = ALIGN (0x4)

.init_array     0x000000000806c014        0x4
                0x000000000806c014                . = ALIGN (0x4)
                0x000000000806c014                PROVIDE (__init_array_start = .)
 *(SORT_BY_NAME(.init_array.*))
 *(.init_array*)
 .init_array    0x000000000806c014        0x4 c:/st/stm32cubeide_1.3.0/stm32cubeide/plugins/com.st.stm32cube.ide.mcu.externaltools.gnu-tools-for-stm32.9-2020-q2-update.win32_1.5.0.202011040924/tools/bin/../lib/gcc/arm-none-eabi/9.3.1/thumb/v7e-m+fp/hard/crtbegin.o
                0x000000000806c018                PROVIDE (__init_array_end = .)
                0x000000000806c018                . = ALIGN (0x4)

.fini_array     0x000000000806c018        0x4
                0x000000000806c018                . = ALIGN (0x4)
                [!provide]                        PROVIDE (__fini_array_start = .)
 *(SORT_BY_NAME(.fini_array.*))
 *(.fini_array*)
 .fini_array    0x000000000806c018        0x4 c:/st/stm32cubeide_1.3.0/stm32cubeide/plugins/com.st.stm32cube.ide.mcu.externaltools.gnu-tools-for-stm32.9-2020-q2-update.win32_1.5.0.202011040924/tools/bin/../lib/gcc/arm-none-eabi/9.3.1/thumb/v7e-m+fp/hard/crtbegin.o
                [!provide]                        PROVIDE (__fini_array_end = .)
                0x000000000806c01c                . = ALIGN (0x4)
                0x000000000806c01c                _sidata = LOADADDR (.data)

.data           0x0000000020000000       0xc4 load address 0x000000000806c01c
                0x0000000020000000                . = ALIGN (0x4)
                0x0000000020000000                _sdata = .
 *(.data)
 *(.data*)
 .data.user_button_init_state
                0x0000000020000000        0x1 BlueNRG_2/App/app_bluenrg_2.o
 *fill*         0x0000000020000001        0x3 
 .data.app_flags
                0x0000000020000004        0x4 BlueNRG_2/App/gatt_db.o
                0x0000000020000004                app_flags
 .data.set_connectable
                0x0000000020000008        0x1 BlueNRG_2/App/sensor.o
                0x0000000020000008                set_connectable
 *fill*         0x0000000020000009        0x3 
 .data.currentFont
                0x000000002000000c        0x4 Core/Src/bd663474.o
                0x000000002000000c                currentFont
 .data.currentFontSize
                0x0000000020000010        0x1 Core/Src/bd663474.o
                0x0000000020000010                currentFontSize
 *fill*         0x0000000020000011        0x3 
 .data.mono5x8  0x0000000020000014        0x8 Core/Src/bd663474.o
 .data.textBackColor
                0x000000002000001c        0x2 Core/Src/bd663474.o
                0x000000002000001c                textBackColor
 *fill*         0x000000002000001e        0x2 
 .data.humi_max
                0x0000000020000020        0x4 Core/Src/main.o
                0x0000000020000020                humi_max
 .data.humi_min
                0x0000000020000024        0x4 Core/Src/main.o
                0x0000000020000024                humi_min
 .data.m_nRedraw
                0x0000000020000028        0x4 Core/Src/main.o
                0x0000000020000028                m_nRedraw
 .data.nBGImgTypeOld
                0x000000002000002c        0x4 Core/Src/main.o
                0x000000002000002c                nBGImgTypeOld
 .data.nBarColor
                0x0000000020000030        0x4 Core/Src/main.o
                0x0000000020000030                nBarColor
 .data.nDayOld  0x0000000020000034        0x4 Core/Src/main.o
                0x0000000020000034                nDayOld
 .data.nDispModeOld
                0x0000000020000038        0x4 Core/Src/main.o
                0x0000000020000038                nDispModeOld
 .data.nHourOld
                0x000000002000003c        0x4 Core/Src/main.o
                0x000000002000003c                nHourOld
 .data.nSecondOld
                0x0000000020000040        0x4 Core/Src/main.o
                0x0000000020000040                nSecondOld
 .data.temp_max
                0x0000000020000044        0x4 Core/Src/main.o
                0x0000000020000044                temp_max
 .data.temp_min
                0x0000000020000048        0x4 Core/Src/main.o
                0x0000000020000048                temp_min
 .data.SystemCoreClock
                0x000000002000004c        0x4 Core/Src/system_stm32f4xx.o
                0x000000002000004c                SystemCoreClock
 .data.hpb_exti
                0x0000000020000050        0x8 Drivers/BSP/STM32F4xx_Nucleo/stm32f4xx_nucleo.o
                0x0000000020000050                hpb_exti
 .data.uwTickFreq
                0x0000000020000058        0x1 Drivers/STM32F4xx_HAL_Driver/Src/stm32f4xx_hal.o
                0x0000000020000058                uwTickFreq
 *fill*         0x0000000020000059        0x3 
 .data.uwTickPrio
                0x000000002000005c        0x4 Drivers/STM32F4xx_HAL_Driver/Src/stm32f4xx_hal.o
                0x000000002000005c                uwTickPrio
 .data._impure_ptr
                0x0000000020000060        0x4 c:/st/stm32cubeide_1.3.0/stm32cubeide/plugins/com.st.stm32cube.ide.mcu.externaltools.gnu-tools-for-stm32.9-2020-q2-update.win32_1.5.0.202011040924/tools/bin/../lib/gcc/arm-none-eabi/9.3.1/../../../../arm-none-eabi/lib/thumb/v7e-m+fp/hard\libc_nano.a(lib_a-impure.o)
                0x0000000020000060                _impure_ptr
 .data.impure_data
                0x0000000020000064       0x60 c:/st/stm32cubeide_1.3.0/stm32cubeide/plugins/com.st.stm32cube.ide.mcu.externaltools.gnu-tools-for-stm32.9-2020-q2-update.win32_1.5.0.202011040924/tools/bin/../lib/gcc/arm-none-eabi/9.3.1/../../../../arm-none-eabi/lib/thumb/v7e-m+fp/hard\libc_nano.a(lib_a-impure.o)
 *(.RamFunc)
 *(.RamFunc*)
                0x00000000200000c4                . = ALIGN (0x4)
                0x00000000200000c4                _edata = .

.igot.plt       0x00000000200000c4        0x0 load address 0x000000000806c0e0
 .igot.plt      0x00000000200000c4        0x0 c:/st/stm32cubeide_1.3.0/stm32cubeide/plugins/com.st.stm32cube.ide.mcu.externaltools.gnu-tools-for-stm32.9-2020-q2-update.win32_1.5.0.202011040924/tools/bin/../lib/gcc/arm-none-eabi/9.3.1/thumb/v7e-m+fp/hard/crtbegin.o
                0x00000000200000c4                . = ALIGN (0x4)

.bss            0x00000000200000c4      0x98c load address 0x000000000806c0e0
                0x00000000200000c4                _sbss = .
                0x00000000200000c4                __bss_start__ = _sbss
 *(.bss)
 .bss           0x00000000200000c4       0x1c c:/st/stm32cubeide_1.3.0/stm32cubeide/plugins/com.st.stm32cube.ide.mcu.externaltools.gnu-tools-for-stm32.9-2020-q2-update.win32_1.5.0.202011040924/tools/bin/../lib/gcc/arm-none-eabi/9.3.1/thumb/v7e-m+fp/hard/crtbegin.o
 *(.bss*)
 .bss.counter.12170
                0x00000000200000e0        0x4 BlueNRG_2/App/app_bluenrg_2.o
 .bss.user_button_pressed
                0x00000000200000e4        0x1 BlueNRG_2/App/app_bluenrg_2.o
 *fill*         0x00000000200000e5        0x3 
 .bss.connected
                0x00000000200000e8        0x4 BlueNRG_2/App/sensor.o
                0x00000000200000e8                connected
 .bss.connection_handle
                0x00000000200000ec        0x2 BlueNRG_2/App/sensor.o
                0x00000000200000ec                connection_handle
 *fill*         0x00000000200000ee        0x2 
 .bss.g_axes    0x00000000200000f0        0xc BlueNRG_2/App/sensor.o
                0x00000000200000f0                g_axes
 .bss.m_axes    0x00000000200000fc        0xc BlueNRG_2/App/sensor.o
                0x00000000200000fc                m_axes
 .bss.q_axes    0x0000000020000108        0xc BlueNRG_2/App/sensor.o
                0x0000000020000108                q_axes
 .bss.x_axes    0x0000000020000114        0xc BlueNRG_2/App/sensor.o
                0x0000000020000114                x_axes
 .bss.read_char_buf.8458
                0x0000000020000120       0xff BlueNRG_2/Target/hci_tl_interface.o
 .bss.highByte.9906
                0x000000002000021f        0x1 Core/Src/bd663474.o
 .bss.nFlicker  0x0000000020000220        0x4 Core/Src/main.o
                0x0000000020000220                nFlicker
 .bss.nMinuteOld
                0x0000000020000224        0x4 Core/Src/main.o
                0x0000000020000224                nMinuteOld
 .bss.nRedraw_Humi_Label
                0x0000000020000228        0x4 Core/Src/main.o
                0x0000000020000228                nRedraw_Humi_Label
 .bss.nRedraw_Temp_Label
                0x000000002000022c        0x4 Core/Src/main.o
                0x000000002000022c                nRedraw_Temp_Label
 .bss.nSetTime  0x0000000020000230        0x4 Core/Src/main.o
                0x0000000020000230                nSetTime
 .bss.setDisplayModeCmd
                0x0000000020000234        0x4 Core/Src/main.o
                0x0000000020000234                setDisplayModeCmd
 .bss.setLEDControl
                0x0000000020000238        0x4 Core/Src/main.o
                0x0000000020000238                setLEDControl
 .bss.SPI1InitCounter
                0x000000002000023c        0x4 Core/Src/stm32f4xx_nucleo_bus.o
 .bss.hciContext
                0x0000000020000240       0x20 Middlewares/ST/BlueNRG-2/hci/hci_tl_patterns/Basic/hci_tl.o
 .bss.hciReadPacketBuffer
                0x0000000020000260      0x578 Middlewares/ST/BlueNRG-2/hci/hci_tl_patterns/Basic/hci_tl.o
 .bss.__malloc_free_list
                0x00000000200007d8        0x4 c:/st/stm32cubeide_1.3.0/stm32cubeide/plugins/com.st.stm32cube.ide.mcu.externaltools.gnu-tools-for-stm32.9-2020-q2-update.win32_1.5.0.202011040924/tools/bin/../lib/gcc/arm-none-eabi/9.3.1/../../../../arm-none-eabi/lib/thumb/v7e-m+fp/hard\libc_nano.a(lib_a-nano-mallocr.o)
                0x00000000200007d8                __malloc_free_list
 .bss.__malloc_sbrk_start
                0x00000000200007dc        0x4 c:/st/stm32cubeide_1.3.0/stm32cubeide/plugins/com.st.stm32cube.ide.mcu.externaltools.gnu-tools-for-stm32.9-2020-q2-update.win32_1.5.0.202011040924/tools/bin/../lib/gcc/arm-none-eabi/9.3.1/../../../../arm-none-eabi/lib/thumb/v7e-m+fp/hard\libc_nano.a(lib_a-nano-mallocr.o)
                0x00000000200007dc                __malloc_sbrk_start
 .bss.heap_end.5507
                0x00000000200007e0        0x4 c:/st/stm32cubeide_1.3.0/stm32cubeide/plugins/com.st.stm32cube.ide.mcu.externaltools.gnu-tools-for-stm32.9-2020-q2-update.win32_1.5.0.202011040924/tools/bin/../lib/gcc/arm-none-eabi/9.3.1/../../../../arm-none-eabi/lib/thumb/v7e-m+fp/hard\libnosys.a(sbrk.o)
 *(COMMON)
 COMMON         0x00000000200007e4        0xd BlueNRG_2/App/app_bluenrg_2.o
                0x00000000200007e4                bdaddr
                0x00000000200007ea                time
 *fill*         0x00000000200007f1        0x1 
 COMMON         0x00000000200007f2       0x41 BlueNRG_2/App/gatt_db.o
                0x00000000200007f2                send_quat
                0x00000000200007f4                EnvironmentalCharHandle
                0x00000000200007f6                QuaternionsCharHandle
                0x00000000200007f8                SetTimeDescHandle
                0x00000000200007fa                send_env
                0x00000000200007fc                TempHumServW2STHandle
                0x00000000200007fe                TempHumCharHandle
                0x0000000020000800                SetTimeServW2STHandle
                0x0000000020000802                char_uuid
                0x0000000020000812                SetTimeCharHandle
                0x0000000020000814                send_temphumi
                0x0000000020000816                SWServW2STHandle
                0x0000000020000818                chatServHandle
                0x000000002000081a                HWServW2STHandle
                0x000000002000081c                AccGyroMagCharHandle
                0x000000002000081e                TXCharHandle
                0x0000000020000820                RXCharHandle
                0x0000000020000822                service_uuid
                0x0000000020000832                send_mot
 *fill*         0x0000000020000833        0x1 